Component: ARM Compiler 5.06 update 7 (build 960) Tool: armlink [4d3601]

==============================================================================

Section Cross References

    main.o(.text) refers to rtx_kernel.o(.text) for osKernelGetState
    main.o(.text) refers to stm32f4xx_hal_rcc.o(.text) for HAL_RCC_OscConfig
    main.o(.text) refers to stm32f4xx_hal.o(.text) for HAL_GetREVID
    main.o(.text) refers to adc.o(.text) for ADC1_pins_F429ZI_config
    main.o(.text) refers to system_stm32f4xx.o(.text) for SystemCoreClockUpdate
    main.o(.text) refers to rtx_thread.o(.text) for osThreadNew
    main.o(.text) refers to system_stm32f4xx.o(.data) for SystemCoreClock
    main.o(.text) refers to main.o(.data) for .data
    main.o(.text) refers to http_server.o(.constdata) for app_main_attr
    main.o(.text) refers to http_server.o(.text) for app_main
    http_server.o(.text) refers to adc.o(.text) for ADC_getVoltage
    http_server.o(.text) refers to rtx_thread.o(.text) for osThreadFlagsSet
    http_server.o(.text) refers to lcd_1.o(.text) for LCD_fristConf
    http_server.o(.text) refers to printfa.o(i.__0sprintf) for __2sprintf
    http_server.o(.text) refers to leds_1.o(.text) for LED_SetOut
    http_server.o(.text) refers to rtx_delay.o(.text) for osDelay
    http_server.o(.text) refers to net_sys.o(i.netInitialize) for netInitialize
    http_server.o(.text) refers to http_server.o(.data) for .data
    http_server.o(.text) refers to http_server.o(.bss) for .bss
    http_server.o(.constdata) refers to http_server.o(.bss) for app_main_stk
    http_server_cgi.o(.text) refers to net_http_server.o(i.netCGI_GetEnvVar) for netCGI_GetEnvVar
    http_server_cgi.o(.text) refers to net_addr.o(i.netIP_aton) for netIP_aton
    http_server_cgi.o(.text) refers to net_sys.o(i.netIF_SetOption) for netIF_SetOption
    http_server_cgi.o(.text) refers to strcmp.o(.text) for strcmp
    http_server_cgi.o(.text) refers to strncmp.o(.text) for strncmp
    http_server_cgi.o(.text) refers to leds_1.o(.text) for LED_SetOut
    http_server_cgi.o(.text) refers to net_http_server.o(i.netHTTPs_LoginActive) for netHTTPs_LoginActive
    http_server_cgi.o(.text) refers to strcpy.o(.text) for strcpy
    http_server_cgi.o(.text) refers to net_http_server.o(i.netHTTPs_SetPassword) for netHTTPs_SetPassword
    http_server_cgi.o(.text) refers to rtx_thread.o(.text) for osThreadFlagsSet
    http_server_cgi.o(.text) refers to net_sys.o(i.netIF_GetOption) for netIF_GetOption
    http_server_cgi.o(.text) refers to net_addr.o(i.netIP_ntoa) for netIP_ntoa
    http_server_cgi.o(.text) refers to printfa.o(i.__0sprintf) for __2sprintf
    http_server_cgi.o(.text) refers to net_tcp.o(i.netTCP_GetState) for netTCP_GetState
    http_server_cgi.o(.text) refers to net_tcp.o(i.netTCP_GetPeer) for netTCP_GetPeer
    http_server_cgi.o(.text) refers to net_tcp.o(i.netTCP_GetTimer) for netTCP_GetTimer
    http_server_cgi.o(.text) refers to net_tcp.o(i.netTCP_GetLocalPort) for netTCP_GetLocalPort
    http_server_cgi.o(.text) refers to net_http_server.o(i.netHTTPs_GetPassword) for netHTTPs_GetPassword
    http_server_cgi.o(.text) refers to http_server_cgi.o(.bss) for .bss
    http_server_cgi.o(.text) refers to http_server_cgi.o(.data) for .data
    http_server_cgi.o(.text) refers to http_server.o(.data) for LEDrun
    http_server_cgi.o(.text) refers to http_server_cgi.o(.conststring) for .conststring
    http_server_cgi.o(.text) refers to net_http_server.o(i.netHTTPs_GetLanguage) for netHTTPs_GetLanguage
    http_server_cgi.o(.text) refers to http_server.o(.text) for AD_in
    http_server_cgi.o(.text) refers to ffltui.o(.text) for __aeabi_ui2f
    http_server_cgi.o(.text) refers to fmul.o(.text) for __aeabi_fmul
    http_server_cgi.o(.text) refers to f2d.o(.text) for __aeabi_f2d
    http_server_cgi.o(.text) refers to dscalb.o(.text) for __ARM_scalbn
    web.o(.text) refers to web.o(.constdata) for .constdata
    web.o(.constdata) refers to web.o(.constdata) for imageFileData
    thled.o(.text) refers to stm32f4xx_hal_gpio.o(.text) for HAL_GPIO_Init
    thled.o(.text) refers to rtx_delay.o(.text) for osDelay
    thled.o(.text) refers to rtx_thread.o(.text) for osThreadNew
    thled.o(.text) refers to thled.o(.bss) for .bss
    thled.o(.text) refers to thled.o(.data) for .data
    leds_1.o(.text) refers to stm32f4xx_hal_gpio.o(.text) for HAL_GPIO_Init
    leds_1.o(.text) refers to leds_1.o(.constdata) for .constdata
    lcd_1.o(.text) refers to rtx_msgqueue.o(.text) for osMessageQueueNew
    lcd_1.o(.text) refers to stm32f4xx_hal_gpio.o(.text) for HAL_GPIO_WritePin
    lcd_1.o(.text) refers to strlen.o(.text) for strlen
    lcd_1.o(.text) refers to stm32f4xx_hal_tim.o(.text) for HAL_TIM_Base_Init
    lcd_1.o(.text) refers to lcd_1.o(.data) for .data
    lcd_1.o(.text) refers to lcd_1.o(.bss) for .bss
    lcd_1.o(.text) refers to lcd_1.o(.constdata) for .constdata
    lcd_1.o(.text) refers to rtx_thread.o(.text) for osThreadNew
[...]
    netos_timer_start                        0x0800d43f   Thumb Code    22  net_config.o(.text)
    netos_mutex_create                       0x0800d455   Thumb Code    16  net_config.o(.text)
    netos_mutex_delete                       0x0800d465   Thumb Code     4  net_config.o(.text)
    netos_lock                               0x0800d469   Thumb Code     8  net_config.o(.text)
    netos_unlock                             0x0800d471   Thumb Code     4  net_config.o(.text)
    netos_flag_wait                          0x0800d475   Thumb Code    24  net_config.o(.text)
    netos_flag_set                           0x0800d48d   Thumb Code     4  net_config.o(.text)
    netos_flag_clear                         0x0800d491   Thumb Code     6  net_config.o(.text)
    netos_delay                              0x0800d497   Thumb Code    14  net_config.o(.text)
    netif_create                             0x0800d4a5   Thumb Code    46  net_config.o(.text)
    netif_delete                             0x0800d4d3   Thumb Code    20  net_config.o(.text)
    netif_lock                               0x0800d4e7   Thumb Code     8  net_config.o(.text)
    netif_unlock                             0x0800d4ef   Thumb Code     4  net_config.o(.text)
    netIGMP_Join                             0x0800d4f9   Thumb Code     4  net_config.o(.text)
    netIGMP_Leave                            0x0800d4fd   Thumb Code     4  net_config.o(.text)
    net_igmp_is_member                       0x0800d501   Thumb Code     4  net_config.o(.text)
    net_igmp_collect_mcast                   0x0800d505   Thumb Code     4  net_config.o(.text)
    net_igmp_process                         0x0800d509   Thumb Code     2  net_config.o(.text)
    netDHCP_Enable                           0x0800d50b   Thumb Code     4  net_config.o(.text)
    netDHCP_Disable                          0x0800d50f   Thumb Code     4  net_config.o(.text)
    netDHCP_SetOption                        0x0800d513   Thumb Code     4  net_config.o(.text)
    netDHCP6_Enable                          0x0800d517   Thumb Code     4  net_config.o(.text)
    netDHCP6_Disable                         0x0800d51b   Thumb Code     4  net_config.o(.text)
    netSNTPc_GetTime                         0x0800d51f   Thumb Code     4  net_config.o(.text)
    netHTTPs_fopen                           0x0800d523   Thumb Code     4  net_config.o(.text)
    netHTTPs_fclose                          0x0800d527   Thumb Code     2  net_config.o(.text)
    netHTTPs_fread                           0x0800d529   Thumb Code     4  net_config.o(.text)
    netHTTPs_fgets                           0x0800d52d   Thumb Code     4  net_config.o(.text)
    netHTTPs_fstat                           0x0800d531   Thumb Code     2  net_config.o(.text)
    net_sys_error                            0x0800d533   Thumb Code     2  net_config.o(.text)
    net_evr_init                             0x0800d54d   Thumb Code   336  net_debug.o(.text)
    net_debug_init                           0x0800d69d   Thumb Code     2  net_debug.o(.text)
    __aeabi_uldivmod                         0x0800d69f   Thumb Code    98  uldiv.o(.text)
    __aeabi_memcpy                           0x0800d701   Thumb Code    36  memcpya.o(.text)
    __aeabi_memcpy4                          0x0800d701   Thumb Code     0  memcpya.o(.text)
    __aeabi_memcpy8                          0x0800d701   Thumb Code     0  memcpya.o(.text)
    __aeabi_memset                           0x0800d725   Thumb Code    14  memseta.o(.text)
    __aeabi_memset4                          0x0800d725   Thumb Code     0  memseta.o(.text)
    __aeabi_memset8                          0x0800d725   Thumb Code     0  memseta.o(.text)
    __aeabi_memclr                           0x0800d733   Thumb Code     4  memseta.o(.text)
    __aeabi_memclr4                          0x0800d733   Thumb Code     0  memseta.o(.text)
    __aeabi_memclr8                          0x0800d733   Thumb Code     0  memseta.o(.text)
    _memset$wrapper                          0x0800d737   Thumb Code    18  memseta.o(.text)
    strlen                                   0x0800d749   Thumb Code    14  strlen.o(.text)
    strcmp                                   0x0800d757   Thumb Code    28  strcmp.o(.text)
    memcmp                                   0x0800d773   Thumb Code    26  memcmp.o(.text)
    strcpy                                   0x0800d78d   Thumb Code    18  strcpy.o(.text)
    strncmp                                  0x0800d79f   Thumb Code    30  strncmp.o(.text)
    __aeabi_fmul                             0x0800d7bd   Thumb Code   100  fmul.o(.text)
    __ARM_scalbn                             0x0800d821   Thumb Code    46  dscalb.o(.text)
    scalbn                                   0x0800d821   Thumb Code     0  dscalb.o(.text)
    __aeabi_ui2f                             0x0800d84f   Thumb Code    10  ffltui.o(.text)
    __aeabi_f2d                              0x0800d859   Thumb Code    38  f2d.o(.text)
    __aeabi_uidiv                            0x0800d87f   Thumb Code     0  uidiv.o(.text)
    __aeabi_uidivmod                         0x0800d87f   Thumb Code    44  uidiv.o(.text)
    __aeabi_llsl                             0x0800d8ab   Thumb Code    30  llshl.o(.text)
    _ll_shift_l                              0x0800d8ab   Thumb Code     0  llshl.o(.text)
    __aeabi_llsr                             0x0800d8c9   Thumb Code    32  llushr.o(.text)
    _ll_ushift_r                             0x0800d8c9   Thumb Code     0  llushr.o(.text)
    __I$use$fp                               0x0800d8e9   Thumb Code     0  iusefp.o(.text)
    _float_round                             0x0800d8e9   Thumb Code    18  fepilogue.o(.text)
    _float_epilogue                          0x0800d8fb   Thumb Code    92  fepilogue.o(.text)
    __aeabi_dadd                             0x0800d957   Thumb Code   322  dadd.o(.text)
    __aeabi_dsub                             0x0800da99   Thumb Code     6  dadd.o(.text)
    __aeabi_drsub                            0x0800da9f   Thumb Code     6  dadd.o(.text)
    __aeabi_dmul                             0x0800daa5   Thumb Code   228  dmul.o(.text)
    __aeabi_ddiv                             0x0800db89   Thumb Code   222  ddiv.o(.text)
    __aeabi_d2ulz                            0x0800dc67   Thumb Code    48  dfixul.o(.text)
    __aeabi_cdrcmple                         0x0800dc99   Thumb Code    48  cdrcmple.o(.text)
    __scatterload                            0x0800dcc9   Thumb Code    28  init.o(.text)
    __scatterload_rt2                        0x0800dcc9   Thumb Code     0  init.o(.text)
    __aeabi_lasr                             0x0800dced   Thumb Code    36  llsshr.o(.text)
    _ll_sshift_r                             0x0800dced   Thumb Code     0  llsshr.o(.text)
    _double_round                            0x0800dd11   Thumb Code    30  depilogue.o(.text)
    _double_epilogue                         0x0800dd2f   Thumb Code   156  depilogue.o(.text)
    __decompress                             0x0800ddcb   Thumb Code     0  __dczerorl2.o(.text)
    __decompress1                            0x0800ddcb   Thumb Code    86  __dczerorl2.o(.text)
    __0sprintf                               0x0800de21   Thumb Code    34  printfa.o(i.__0sprintf)
    __1sprintf                               0x0800de21   Thumb Code     0  printfa.o(i.__0sprintf)
    __2sprintf                               0x0800de21   Thumb Code     0  printfa.o(i.__0sprintf)
    __c89sprintf                             0x0800de21   Thumb Code     0  printfa.o(i.__0sprintf)
    sprintf                                  0x0800de21   Thumb Code     0  printfa.o(i.__0sprintf)
    __scatterload_copy                       0x0800de49   Thumb Code    14  handlers.o(i.__scatterload_copy)
    __scatterload_null                       0x0800de57   Thumb Code     2  handlers.o(i.__scatterload_null)
    __scatterload_zeroinit                   0x0800de59   Thumb Code    14  handlers.o(i.__scatterload_zeroinit)
    netCGI_Charset                           0x0801135d   Thumb Code     4  net_http_server.o(i.netCGI_Charset)
    netCGI_ContentType                       0x08011361   Thumb Code     4  net_http_server.o(i.netCGI_ContentType)
    netCGI_CustomHeader                      0x08011365   Thumb Code     4  net_http_server.o(i.netCGI_CustomHeader)
    netCGI_GetEnvVar                         0x08011369   Thumb Code   104  net_http_server.o(i.netCGI_GetEnvVar)
    netCGI_Redirect                          0x080113d5   Thumb Code     4  net_http_server.o(i.netCGI_Redirect)
    netCGX_ContentType                       0x080113d9   Thumb Code     4  net_http_server.o(i.netCGX_ContentType)
    netCore_Thread                           0x080113dd   Thumb Code    90  net_sys.o(i.netCore_Thread)
    netETH_Notify                            0x08011441   Thumb Code     2  net_eth.o(i.netETH_Notify)
    netETH_ReceiveRaw                        0x08011443   Thumb Code     2  net_eth.o(i.netETH_ReceiveRaw)
    netETH_Thread                            0x08011445   Thumb Code   114  net_eth.o(i.netETH_Thread)
    netHTTPs_AcceptClient                    0x080114b7   Thumb Code     4  net_http_server.o(i.netHTTPs_AcceptClient)
    netHTTPs_FileAccess                      0x080114bb   Thumb Code     4  net_http_server.o(i.netHTTPs_FileAccess)
    netHTTPs_GetLanguage                     0x080114c1   Thumb Code    24  net_http_server.o(i.netHTTPs_GetLanguage)
    netHTTPs_GetPassword                     0x080114e1   Thumb Code     6  net_http_server.o(i.netHTTPs_GetPassword)
    netHTTPs_LoginActive                     0x080114ed   Thumb Code     6  net_http_server.o(i.netHTTPs_LoginActive)
    netHTTPs_SetPassword                     0x080114f9   Thumb Code    78  net_http_server.o(i.netHTTPs_SetPassword)
    netIF_GetOption                          0x08011551   Thumb Code   128  net_sys.o(i.netIF_GetOption)
    netIF_SetOption                          0x080115d9   Thumb Code   124  net_sys.o(i.netIF_SetOption)
    netIP_aton                               0x0801165d   Thumb Code    26  net_addr.o(i.netIP_aton)
    netIP_ntoa                               0x08011677   Thumb Code    50  net_addr.o(i.netIP_ntoa)
    netInitialize                            0x080116a9   Thumb Code   156  net_sys.o(i.netInitialize)
    netMAC_aton                              0x08011755   Thumb Code   140  net_addr.o(i.netMAC_aton)
    netTCP_GetLocalPort                      0x080117e1   Thumb Code     4  net_tcp.o(i.netTCP_GetLocalPort)
    netTCP_GetPeer                           0x080117e5   Thumb Code    32  net_tcp.o(i.netTCP_GetPeer)
    netTCP_GetState                          0x08011805   Thumb Code     4  net_tcp.o(i.netTCP_GetState)
    netTCP_GetTimer                          0x08011809   Thumb Code     4  net_tcp.o(i.netTCP_GetTimer)
    net_addr4_aton                           0x0801180d   Thumb Code   124  net_addr.o(i.net_addr4_aton)
    net_addr4_to_mac                         0x08011889   Thumb Code    30  net_addr.o(i.net_addr4_to_mac)
    net_addr6_aton                           0x080118a9   Thumb Code   230  net_addr.o(i.net_addr6_aton)
    net_addr6_comp                           0x0801198f   Thumb Code    40  net_addr.o(i.net_addr6_comp)
    net_addr6_copy                           0x080119b7   Thumb Code    18  net_addr.o(i.net_addr6_copy)
    net_addr6_create                         0x080119c9   Thumb Code    70  net_addr.o(i.net_addr6_create)
    net_addr6_get_solicited                  0x08011a15   Thumb Code    34  net_addr.o(i.net_addr6_get_solicited)
    net_addr6_is_linklocal                   0x08011a3d   Thumb Code    24  net_addr.o(i.net_addr6_is_linklocal)
    net_addr6_is_onlink                      0x08011a55   Thumb Code   110  net_addr.o(i.net_addr6_is_onlink)
    net_addr6_is_solicited                   0x08011ac3   Thumb Code    72  net_addr.o(i.net_addr6_is_solicited)
    net_addr6_is_unspec                      0x08011b0b   Thumb Code    24  net_addr.o(i.net_addr6_is_unspec)
    net_addr6_to_mac                         0x08011b23   Thumb Code    14  net_addr.o(i.net_addr6_to_mac)
    net_addr_copy                            0x08011b31   Thumb Code    38  net_addr.o(i.net_addr_copy)
    net_addr_find_route                      0x08011b57   Thumb Code    26  net_addr.o(i.net_addr_find_route)
    net_addr_get_local                       0x08011b71   Thumb Code    26  net_addr.o(i.net_addr_get_local)
    net_addr_is_unspec                       0x08011b91   Thumb Code    34  net_addr.o(i.net_addr_is_unspec)
    net_arp_cache_add                        0x08011bb5   Thumb Code   276  net_arp.o(i.net_arp_cache_add)
    net_arp_cache_early                      0x08011cd1   Thumb Code   180  net_arp.o(i.net_arp_cache_early)
    net_arp_cache_find                       0x08011d8d   Thumb Code   224  net_arp.o(i.net_arp_cache_find)
    net_arp_cache_init                       0x08011e79   Thumb Code    64  net_arp.o(i.net_arp_cache_init)
    net_arp_cache_run                        0x08011ec1   Thumb Code    22  net_arp.o(i.net_arp_cache_run)
    net_arp_enqueue                          0x08011edd   Thumb Code   114  net_arp.o(i.net_arp_enqueue)
    net_arp_notify                           0x08011f55   Thumb Code    32  net_arp.o(i.net_arp_notify)
    net_arp_process                          0x08011f75   Thumb Code   536  net_arp.o(i.net_arp_process)
    net_atoi                                 0x08012199   Thumb Code    66  net_common.o(i.net_atoi)
    net_chksum_buf                           0x080121db   Thumb Code    48  net_common.o(i.net_chksum_buf)
    net_crc_buf                              0x0801220b   Thumb Code    30  net_common.o(i.net_crc_buf)
    net_eth_callback                         0x08012229   Thumb Code    14  net_eth.o(i.net_eth_callback)
    net_eth_config_mcast                     0x08012237   Thumb Code   104  net_eth.o(i.net_eth_config_mcast)
    net_eth_get_option                       0x0801229f   Thumb Code   234  net_eth.o(i.net_eth_get_option)
    net_eth_iface_init                       0x08012389   Thumb Code    22  net_eth.o(i.net_eth_iface_init)
    net_eth_iface_run                        0x080123a5   Thumb Code    22  net_eth.o(i.net_eth_iface_run)
    net_eth_output                           0x080123c1   Thumb Code   164  net_eth.o(i.net_eth_output)
    net_eth_send_frame                       0x08012469   Thumb Code   462  net_eth.o(i.net_eth_send_frame)
    net_eth_set_option                       0x08012649   Thumb Code   610  net_eth.o(i.net_eth_set_option)
    net_http_server_init                     0x080128b9   Thumb Code   212  net_http_server.o(i.net_http_server_init)
    net_http_server_run                      0x080129a1   Thumb Code    30  net_http_server.o(i.net_http_server_run)
    net_icmp6_init                           0x080129c9   Thumb Code    20  net_icmp6.o(i.net_icmp6_init)
    net_icmp6_process                        0x080129e1   Thumb Code   542  net_icmp6.o(i.net_icmp6_process)
    net_icmp6_send                           0x08012c19   Thumb Code   122  net_icmp6.o(i.net_icmp6_send)
    net_icmp6_send_echo                      0x08012c9d   Thumb Code    78  net_icmp6.o(i.net_icmp6_send_echo)
    net_icmp_init                            0x08012cf5   Thumb Code    20  net_icmp.o(i.net_icmp_init)
    net_icmp_process                         0x08012d0d   Thumb Code   430  net_icmp.o(i.net_icmp_process)
    net_icmp_send_echo                       0x08012ed5   Thumb Code   142  net_icmp.o(i.net_icmp_send_echo)
    net_if_map_all                           0x08012f75   Thumb Code     6  net_sys.o(i.net_if_map_all)
    net_ip4_chk_frame                        0x08012f81   Thumb Code   372  net_ip4.o(i.net_ip4_chk_frame)
    net_ip4_chksum                           0x0801310d   Thumb Code    44  net_ip4.o(i.net_ip4_chksum)
    net_ip4_chksum_buf                       0x08013139   Thumb Code     6  net_ip4.o(i.net_ip4_chksum_buf)
    net_ip4_find_route                       0x08013141   Thumb Code   104  net_ip4.o(i.net_ip4_find_route)
    net_ip4_frag_add                         0x080131c1   Thumb Code   284  net_ip4_frag.o(i.net_ip4_frag_add)
    net_ip4_frag_get                         0x080132e5   Thumb Code   168  net_ip4_frag.o(i.net_ip4_frag_get)
    net_ip4_frag_init                        0x08013391   Thumb Code    12  net_ip4_frag.o(i.net_ip4_frag_init)
    net_ip4_frag_run                         0x080133a1   Thumb Code    50  net_ip4_frag.o(i.net_ip4_frag_run)
    net_ip4_get_local                        0x080133dd   Thumb Code    40  net_ip4.o(i.net_ip4_get_local)
    net_ip4_init                             0x08013409   Thumb Code    22  net_ip4.o(i.net_ip4_init)
    net_ip4_is_onlink                        0x0801342d   Thumb Code    32  net_ip4.o(i.net_ip4_is_onlink)
    net_ip4_is_subcast                       0x0801344d   Thumb Code    38  net_ip4.o(i.net_ip4_is_subcast)
    net_ip4_reass_frame                      0x08013473   Thumb Code    14  net_ip4.o(i.net_ip4_reass_frame)
    net_ip4_send_frame                       0x08013481   Thumb Code   340  net_ip4.o(i.net_ip4_send_frame)
    net_ip4_tx_offl_hl                       0x080135e5   Thumb Code    42  net_ip4.o(i.net_ip4_tx_offl_hl)
    net_ip6_chk_frame                        0x08013611   Thumb Code   236  net_ip6.o(i.net_ip6_chk_frame)
    net_ip6_chksum                           0x08013711   Thumb Code    50  net_ip6.o(i.net_ip6_chksum)
    net_ip6_collect_mcast                    0x08013745   Thumb Code   118  net_ip6.o(i.net_ip6_collect_mcast)
    net_ip6_find_route                       0x080137c1   Thumb Code    56  net_ip6.o(i.net_ip6_find_route)
    net_ip6_get_local                        0x08013809   Thumb Code    74  net_ip6.o(i.net_ip6_get_local)
    net_ip6_init                             0x0801385d   Thumb Code    20  net_ip6.o(i.net_ip6_init)
    net_ip6_send_frame                       0x08013879   Thumb Code   192  net_ip6.o(i.net_ip6_send_frame)
    net_ip6_tx_offl_hl                       0x08013945   Thumb Code    30  net_ip6.o(i.net_ip6_tx_offl_hl)
    net_itoa                                 0x08013963   Thumb Code     8  net_common.o(i.net_itoa)
    net_itoa_n0                              0x0801396b   Thumb Code     6  net_common.o(i.net_itoa_n0)
    net_loop_iface_init                      0x08013971   Thumb Code    40  net_loopback.o(i.net_loop_iface_init)
    net_loop_iface_run                       0x080139a1   Thumb Code   176  net_loopback.o(i.net_loop_iface_run)
    net_loop_send_frame                      0x08013a5d   Thumb Code   104  net_loopback.o(i.net_loop_send_frame)
    net_mem_alloc                            0x08013acd   Thumb Code   178  net_mem.o(i.net_mem_alloc)
    net_mem_avail                            0x08013b8d   Thumb Code    22  net_mem.o(i.net_mem_avail)
    net_mem_free                             0x08013ba9   Thumb Code   152  net_mem.o(i.net_mem_free)
    net_mem_init                             0x08013c4d   Thumb Code    98  net_mem.o(i.net_mem_init)
    net_mem_shrink                           0x08013cbd   Thumb Code    62  net_mem.o(i.net_mem_shrink)
    net_nbns_client_init                     0x08013d05   Thumb Code    82  net_nbns_client.o(i.net_nbns_client_init)
    net_ndp_cache_find                       0x08013d69   Thumb Code   438  net_ndp.o(i.net_ndp_cache_find)
    net_ndp_cache_refresh                    0x08013f2d   Thumb Code   112  net_ndp.o(i.net_ndp_cache_refresh)
    net_ndp_enqueue                          0x08013fa5   Thumb Code   108  net_ndp.o(i.net_ndp_enqueue)
    net_ndp_process                          0x08014015   Thumb Code   872  net_ndp.o(i.net_ndp_process)
    net_path                                 0x08014389   Thumb Code    52  net_sys.o(i.net_path)
    net_ping_client_init                     0x080143c1   Thumb Code    22  net_ping_core.o(i.net_ping_client_init)
    net_ping_client_run                      0x080143e1   Thumb Code   110  net_ping_core.o(i.net_ping_client_run)
    net_rand32                               0x08014461   Thumb Code    18  net_sys.o(i.net_rand32)
    net_strcasecmp                           0x0801447d   Thumb Code    46  net_common.o(i.net_strcasecmp)
    net_strcmp                               0x080144ab   Thumb Code    26  net_common.o(i.net_strcmp)
    net_strcpy                               0x080144c5   Thumb Code    18  net_common.o(i.net_strcpy)
    net_strnchr                              0x080144d7   Thumb Code    28  net_common.o(i.net_strnchr)
    net_strncpy                              0x080144f3   Thumb Code    26  net_common.o(i.net_strncpy)
    net_strtoupper                           0x0801450d   Thumb Code    32  net_common.o(i.net_strtoupper)
    net_sys_lock                             0x0801452d   Thumb Code     8  net_sys.o(i.net_sys_lock)
    net_sys_resume                           0x08014539   Thumb Code    22  net_sys.o(i.net_sys_resume)
    net_sys_tick                             0x08014551   Thumb Code    16  net_sys.o(i.net_sys_tick)
    net_sys_unlock                           0x08014565   Thumb Code     8  net_sys.o(i.net_sys_unlock)
    net_sys_wakeup                           0x08014571   Thumb Code    26  net_sys.o(i.net_sys_wakeup)
    net_tcp_abort                            0x08014591   Thumb Code   122  net_tcp.o(i.net_tcp_abort)
    net_tcp_close                            0x08014615   Thumb Code   218  net_tcp.o(i.net_tcp_close)
    net_tcp_get_buf                          0x080146f9   Thumb Code    46  net_tcp.o(i.net_tcp_get_buf)
    net_tcp_get_local_port                   0x08014729   Thumb Code    48  net_tcp.o(i.net_tcp_get_local_port)
    net_tcp_get_mss                          0x0801475d   Thumb Code    34  net_tcp.o(i.net_tcp_get_mss)
    net_tcp_get_peer                         0x08014785   Thumb Code    80  net_tcp.o(i.net_tcp_get_peer)
    net_tcp_get_socket                       0x080147d9   Thumb Code   104  net_tcp.o(i.net_tcp_get_socket)
    net_tcp_get_state                        0x08014849   Thumb Code    40  net_tcp.o(i.net_tcp_get_state)
    net_tcp_get_timer                        0x08014875   Thumb Code    48  net_tcp.o(i.net_tcp_get_timer)
    net_tcp_listen                           0x080148a9   Thumb Code   168  net_tcp.o(i.net_tcp_listen)
    net_tcp_process                          0x08014959   Thumb Code  1956  net_tcp.o(i.net_tcp_process)
    net_tcp_send                             0x08015101   Thumb Code   336  net_tcp.o(i.net_tcp_send)
    net_tcp_set_option                       0x0801525d   Thumb Code   288  net_tcp.o(i.net_tcp_set_option)
    net_tcp_socket_init                      0x08015389   Thumb Code    30  net_tcp.o(i.net_tcp_socket_init)
    net_tcp_socket_run                       0x080153b1   Thumb Code   938  net_tcp.o(i.net_tcp_socket_run)
    net_udp_get_buf                          0x08015771   Thumb Code    46  net_udp.o(i.net_udp_get_buf)
    net_udp_get_socket                       0x080157a1   Thumb Code   102  net_udp.o(i.net_udp_get_socket)
    net_udp_open                             0x08015811   Thumb Code   160  net_udp.o(i.net_udp_open)
    net_udp_process                          0x080158bd   Thumb Code   322  net_udp.o(i.net_udp_process)
    net_udp_send_if                          0x08015a15   Thumb Code   540  net_udp.o(i.net_udp_send_if)
    net_udp_socket_init                      0x08015c41   Thumb Code    30  net_udp.o(i.net_udp_socket_init)
    net_ultoa                                0x08015c65   Thumb Code     8  net_common.o(i.net_ultoa)
    net_ultox                                0x08015c6d   Thumb Code    44  net_common.o(i.net_ultox)
    net_xtoul                                0x08015c9d   Thumb Code    76  net_common.o(i.net_xtoul)
    app_main_attr                            0x080167f4   Data          36  http_server.o(.constdata)
    imageLastModified                        0x08016818   Data           4  web.o(.constdata)
    Arial12x12                               0x0801d0a8   Data        2400  lcd_1.o(.constdata)
    osRtxUserSVC                             0x0801da68   Data           4  rtx_lib.o(.constdata)
    Driver_ETH_PHY0                          0x0801da70   Data          32  phy_lan8742a.o(.constdata)
    Driver_ETH_MAC0                          0x0801dae0   Data          68  emac_stm32f4xx.o(.constdata)
    Driver_SPI1                              0x0801db78   Data          44  spi_stm32f4xx.o(.constdata)
    EventRecorderInfo                        0x0801dba4   Data          24  eventrecorder.o(.constdata)
    AHBPrescTable                            0x0801dbc4   Data          16  system_stm32f4xx.o(.constdata)
    APBPrescTable                            0x0801dbd4   Data           8  system_stm32f4xx.o(.constdata)
    net_sys_config                           0x0801dc84   Data          28  net_config.o(.constdata)
    net_eth0_if_config                       0x0801dce8   Data          44  net_config.o(.constdata)
    net_eth_list                             0x0801dd14   Data           8  net_config.o(.constdata)
    net_if_list_lan                          0x0801dd1c   Data           8  net_config.o(.constdata)
    net_if_list_all                          0x0801dd24   Data           8  net_config.o(.constdata)
    net_if_inet_def                          0x0801dd2c   Data           8  net_config.o(.constdata)
    net_if_link_def                          0x0801dd34   Data           8  net_config.o(.constdata)
    net_arp_list                             0x0801dd3c   Data           8  net_config.o(.constdata)
    net_icmp_list                            0x0801dd44   Data           8  net_config.o(.constdata)
    net_icmp6_list                           0x0801dd4c   Data           4  net_config.o(.constdata)
    net_ip4_frag_config                      0x0801dd50   Data           8  net_config.o(.constdata)
    net_udp_config                           0x0801dd58   Data          12  net_config.o(.constdata)
    net_tcp_config                           0x0801dd64   Data          24  net_config.o(.constdata)
    net_http_config                          0x0801dd7c   Data          52  net_config.o(.constdata)
    netif_getopt_func                        0x0801ddf8   Data          16  net_config.o(.constdata)
    netif_setopt_func                        0x0801de08   Data          16  net_config.o(.constdata)
    net_loop_if_config                       0x0801de18   Data          44  net_loopback.o(.constdata)
    net_ping_payload                         0x0801df52   Data          18  net_ping_core.o(.constdata)
    net_addr_unspec                          0x0801df64   Data          16  net_addr.o(.constdata)
    net_addr_bcast                           0x0801df74   Data           6  net_addr.o(.constdata)
    net_addr4_loopback                       0x0801df7a   Data           4  net_ip4.o(.constdata)
    net_addr6_all_nodes                      0x0801df7e   Data          16  net_ip6.o(.constdata)
    net_addr6_loopback                       0x0801df8e   Data          16  net_ip6.o(.constdata)
    net_http_error                           0x0801dfa0   Data          24  net_http_server_err.o(.constdata)
    net_lib_version                          0x0801dfc8   Data           4  net_version.o(.constdata)
    network_ip4ip6_debug_v7.15.0             0x0801dfc8   Data           4  net_version.o(.constdata)
    osRtxConfig                              0x0801e37c   Data         112  rtx_lib.o(.rodata)
    os_cb_sections                           0x0801e3ec   Data          56  rtx_lib.o(.rodata)
    Region$$Table$$Base                      0x0801e424   Number         0  anon$$obj.o(Region$$Table)
    Region$$Table$$Limit                     0x0801e454   Number         0  anon$$obj.o(Region$$Table)
    .bss.os.msgqueue.cb$$Base                0x20008044   Number         0  rtx_lib.o(.bss.os.msgqueue.cb)
    .bss.os.msgqueue.cb$$Limit               0x20008078   Number         0  rtx_lib.o(.bss.os.msgqueue.cb)
    .bss.os.mutex.cb$$Base                   0x200080c8   Number         0  net_config.o(.bss.os.mutex.cb)
    .bss.os.mutex.cb$$Limit                  0x20008100   Number         0  net_config.o(.bss.os.mutex.cb)
    .bss.os.semaphore.cb$$Base               0x20008100   Number         0  net_config.o(.bss.os.semaphore.cb)
    .bss.os.semaphore.cb$$Limit              0x20008110   Number         0  net_config.o(.bss.os.semaphore.cb)
    .bss.os.thread.cb$$Base                  0x20008110   Number         0  rtx_lib.o(.bss.os.thread.cb)
    .bss.os.thread.cb$$Limit                 0x20008220   Number         0  net_config.o(.bss.os.thread.cb)
    .bss.os.timer.cb$$Base                   0x20008620   Number         0  net_config.o(.bss.os.timer.cb)
    .bss.os.timer.cb$$Limit                  0x20008640   Number         0  net_config.o(.bss.os.timer.cb)
    LEDrun                                   0x20008644   Data           1  http_server.o(.data)
    TID_Display                              0x20008648   Data           4  http_server.o(.data)
    TID_Led                                  0x2000864c   Data           4  http_server.o(.data)
    lcd_text                                 0x20008650   Data          42  http_server.o(.data)
    SPIdrv                                   0x20008688   Data           4  lcd_1.o(.data)
    LCD_MsgQueue_send                        0x20008698   Data           4  lcd_1.o(.data)
    tid_ThLCD                                0x2000869c   Data           4  lcd_1.o(.data)
    tid_ThLCD_test                           0x200086a4   Data           4  lcd_1.o(.data)
    uwTickFreq                               0x200086a8   Data           1  stm32f4xx_hal.o(.data)
    uwTickPrio                               0x200086ac   Data           4  stm32f4xx_hal.o(.data)
    uwTick                                   0x200086b0   Data           4  stm32f4xx_hal.o(.data)
    SystemCoreClock                          0x200086b4   Data           4  system_stm32f4xx.o(.data)
    net_eth0_icmp_control                    0x200086d0   Data           1  net_icmp.o(.data)
    osRtxInfo                                0x200086f4   Data         164  rtx_kernel.o(.data.os)
    app_main_stk                             0x200087b0   Data        1024  http_server.o(.bss)
    LCD_recibida                             0x20008bfc   Data          41  lcd_1.o(.bss)
    tim7                                     0x20008c28   Data          64  lcd_1.o(.bss)
    buffer                                   0x20008c68   Data         512  lcd_1.o(.bss)
    net_eth0_if_control                      0x2000ef68   Data         160  net_eth.o(.bss)
    net_eth0_arp_control                     0x2000f008   Data          24  net_arp.o(.bss)
    net_http_control                         0x2000f0c0   Data          20  net_http_server.o(.bss)
    net_ping_control                         0x2000f0d4   Data          44  net_ping_core.o(.bss)
    net_sys_control                          0x2000f110   Data          28  net_sys.o(.bss)
    net_dbg_buf                              0x2000f138   Data          36  net_sys.o(.bss)
    __initial_sp                             0x2000f5d0   Data           0  startup_stm32f429xx.o(STACK)



==============================================================================

Memory Map of the image

  Image Entry point : 0x080001ad

  Load Region LR_IROM1 (Base: 0x08000000, Size: 0x00026bec, Max: 0x00200000, ABSOLUTE, COMPRESSED[0x0001e58c])

    Execution Region ER_IROM1 (Exec base: 0x08000000, Load base: 0x08000000, Size: 0x0001e454, Max: 0x00200000, ABSOLUTE)

    Exec Addr    Load Addr    Size         Type   Attr      Idx    E Section Name        Object

    0x08000000   0x08000000   0x000001ac   Data   RO         1507    RESET               startup_stm32f429xx.o
    0x080001ac   0x080001ac   0x00000000   Code   RO         2549  * .ARM.Collect$$$$00000000  mc_w.l(entry.o)
    0x080001ac   0x080001ac   0x00000004   Code   RO         2845    .ARM.Collect$$$$00000001  mc_w.l(entry2.o)
    0x080001b0   0x080001b0   0x00000004   Code   RO         2848    .ARM.Collect$$$$00000004  mc_w.l(entry5.o)
    0x080001b4   0x080001b4   0x00000000   Code   RO         2850    .ARM.Collect$$$$00000008  mc_w.l(entry7b.o)
    0x080001b4   0x080001b4   0x00000000   Code   RO         2852    .ARM.Collect$$$$0000000A  mc_w.l(entry8b.o)
    0x080001b4   0x080001b4   0x00000008   Code   RO         2853    .ARM.Collect$$$$0000000B  mc_w.l(entry9a.o)
    0x080001bc   0x080001bc   0x00000004   Code   RO         2860    .ARM.Collect$$$$0000000E  mc_w.l(entry12b.o)
    0x080001c0   0x080001c0   0x00000000   Code   RO         2855    .ARM.Collect$$$$0000000F  mc_w.l(entry10a.o)
    0x080001c0   0x080001c0   0x00000000   Code   RO         2857    .ARM.Collect$$$$00000011  mc_w.l(entry11a.o)
    0x080001c0   0x080001c0   0x00000004   Code   RO         2846    .ARM.Collect$$$$00002712  mc_w.l(entry2.o)
    0x080001c4   0x080001c4   0x00000148   Code   RO          670    .emb_text           rtx_mempool.o
    0x0800030c   0x0800030c   0x00000148   Code   RO          701    .emb_text           rtx_msgqueue.o
    0x08000454   0x08000454   0x00000148   Code   RO          766    .emb_text           rtx_semaphore.o
    0x0800059c   0x0800059c   0x00000148   Code   RO          797    .emb_text           rtx_system.o
    0x080006e4   0x080006e4   0x00000148   Code   RO          831    .emb_text           rtx_thread.o
    0x0800082c   0x0800082c   0x00000074   Code   RO         1052    .emb_text           eventrecorder.o
    0x080008a0   0x080008a0   0x00000114   Code   RO            4    .text               main.o
    0x080009b4   0x080009b4   0x0000010c   Code   RO          147    .text               http_server.o
    0x08000ac0   0x08000ac0   0x00000784   Code   RO          206    .text               http_server_cgi.o
    0x08001244   0x08001244   0x00000078   Code   RO          238    .text               web.o
    0x080012bc   0x080012bc   0x000000ec   Code   RO          289    .text               leds_1.o
    0x080013a8   0x080013a8   0x000004a0   Code   RO          315    .text               lcd_1.o
    0x08001848   0x08001848   0x000000cc   Code   RO          361    .text               adc.o
    0x08001914   0x08001914   0x00000094   Code   RO          412    .text               irq_armv7m.o
    0x080019a8   0x080019a8   0x00000104   Code   RO          420    .text               rtx_delay.o
    0x08001aac   0x08001aac   0x00000958   Code   RO          518    .text               rtx_evr.o
    0x08002404   0x08002404   0x000006cc   Code   RO          543    .text               rtx_kernel.o
    0x08002ad0   0x08002ad0   0x00000018   Code   RO          591    .text               rtx_lib.o
    0x08002ae8   0x08002ae8   0x00000124   Code   RO          640    .text               rtx_memory.o
    0x08002c0c   0x08002c0c   0x00000678   Code   RO          671    .text               rtx_mempool.o
    0x08003284   0x08003284   0x000009bc   Code   RO          702    .text               rtx_msgqueue.o
    0x08003c40   0x08003c40   0x00000558   Code   RO          736    .text               rtx_mutex.o
    0x08004198   0x08004198   0x00000450   Code   RO          767    .text               rtx_semaphore.o
    0x080045e8   0x080045e8   0x00000154   Code   RO          798    .text               rtx_system.o
    0x0800473c   0x0800473c   0x000011d4   Code   RO          832    .text               rtx_thread.o
    0x08005910   0x08005910   0x00000480   Code   RO          866    .text               rtx_timer.o
    0x08005d90   0x08005d90   0x000000c4   Code   RO          896    .text               os_systick.o
    0x08005e54   0x08005e54   0x00000004   Code   RO          922    .text               rtx_config.o
    0x08005e58   0x08005e58   0x000001ac   Code   RO          943    .text               phy_lan8742a.o
    0x08006004   0x08006004   0x000009e8   Code   RO          971    .text               emac_stm32f4xx.o
    0x080069ec   0x080069ec   0x00000c5c   Code   RO         1013    .text               spi_stm32f4xx.o
    0x08007648   0x08007648   0x00000538   Code   RO         1053    .text               eventrecorder.o
    0x08007b80   0x08007b80   0x000001c8   Code   RO         1113    .text               stm32f4xx_hal.o
    0x08007d48   0x08007d48   0x00000ab8   Code   RO         1143    .text               stm32f4xx_hal_adc.o
    0x08008800   0x08008800   0x00000724   Code   RO         1167    .text               stm32f4xx_hal_adc_ex.o
    0x08008f24   0x08008f24   0x00000298   Code   RO         1191    .text               stm32f4xx_hal_cortex.o
    0x080091bc   0x080091bc   0x00000718   Code   RO         1219    .text               stm32f4xx_hal_dma.o
    0x080098d4   0x080098d4   0x00000364   Code   RO         1268    .text               stm32f4xx_hal_gpio.o
    0x08009c38   0x08009c38   0x00000760   Code   RO         1340    .text               stm32f4xx_hal_rcc.o
    0x0800a398   0x0800a398   0x000023d2   Code   RO         1436    .text               stm32f4xx_hal_tim.o
    0x0800c76a   0x0800c76a   0x00000002   PAD
    0x0800c76c   0x0800c76c   0x00000bb0   Code   RO         1460    .text               stm32f4xx_hal_tim_ex.o
    0x0800d31c   0x0800d31c   0x00000024   Code   RO         1508    .text               startup_stm32f429xx.o
    0x0800d340   0x0800d340   0x00000094   Code   RO         1515    .text               system_stm32f4xx.o
    0x0800d3d4   0x0800d3d4   0x00000178   Code   RO         1544    .text               net_config.o
    0x0800d54c   0x0800d54c   0x00000152   Code   RO         1631    .text               net_debug.o
    0x0800d69e   0x0800d69e   0x00000062   Code   RO         2558    .text               mc_w.l(uldiv.o)
    0x0800d700   0x0800d700   0x00000024   Code   RO         2560    .text               mc_w.l(memcpya.o)
    0x0800d724   0x0800d724   0x00000024   Code   RO         2562    .text               mc_w.l(memseta.o)
    0x0800d748   0x0800d748   0x0000000e   Code   RO         2564    .text               mc_w.l(strlen.o)
    0x0800d756   0x0800d756   0x0000001c   Code   RO         2566    .text               mc_w.l(strcmp.o)
    0x0800d772   0x0800d772   0x0000001a   Code   RO         2568    .text               mc_w.l(memcmp.o)
    0x0800d78c   0x0800d78c   0x00000012   Code   RO         2570    .text               mc_w.l(strcpy.o)
    0x0800d79e   0x0800d79e   0x0000001e   Code   RO         2572    .text               mc_w.l(strncmp.o)
    0x0800d7bc   0x0800d7bc   0x00000064   Code   RO         2837    .text               mf_w.l(fmul.o)
    0x0800d820   0x0800d820   0x0000002e   Code   RO         2839    .text               mf_w.l(dscalb.o)
    0x0800d84e   0x0800d84e   0x0000000a   Code   RO         2841    .text               mf_w.l(ffltui.o)
    0x0800d858   0x0800d858   0x00000026   Code   RO         2843    .text               mf_w.l(f2d.o)
    0x0800d87e   0x0800d87e   0x0000002c   Code   RO         2861    .text               mc_w.l(uidiv.o)
    0x0800d8aa   0x0800d8aa   0x0000001e   Code   RO         2863    .text               mc_w.l(llshl.o)
    0x0800d8c8   0x0800d8c8   0x00000020   Code   RO         2865    .text               mc_w.l(llushr.o)
    0x0800d8e8   0x0800d8e8   0x00000000   Code   RO         2867    .text               mc_w.l(iusefp.o)
    0x0800d8e8   0x0800d8e8   0x0000006e   Code   RO         2868    .text               mf_w.l(fepilogue.o)
    0x0800d956   0x0800d956   0x0000014e   Code   RO         2870    .text               mf_w.l(dadd.o)
    0x0800daa4   0x0800daa4   0x000000e4   Code   RO         2872    .text               mf_w.l(dmul.o)
    0x0800db88   0x0800db88   0x000000de   Code   RO         2874    .text               mf_w.l(ddiv.o)
    0x0800dc66   0x0800dc66   0x00000030   Code   RO         2876    .text               mf_w.l(dfixul.o)
    0x0800dc96   0x0800dc96   0x00000002   PAD
    0x0800dc98   0x0800dc98   0x00000030   Code   RO         2878    .text               mf_w.l(cdrcmple.o)
    0x0800dcc8   0x0800dcc8   0x00000024   Code   RO         2880    .text               mc_w.l(init.o)
    0x0800dcec   0x0800dcec   0x00000024   Code   RO         2882    .text               mc_w.l(llsshr.o)
    0x0800dd10   0x0800dd10   0x000000ba   Code   RO         2884    .text               mf_w.l(depilogue.o)
    0x0800ddca   0x0800ddca   0x00000056   Code   RO         2893    .text               mc_w.l(__dczerorl2.o)
    0x0800de20   0x0800de20   0x00000028   Code   RO         2811    i.__0sprintf        mc_w.l(printfa.o)
    0x0800de48   0x0800de48   0x0000000e   Code   RO         2887    i.__scatterload_copy  mc_w.l(handlers.o)
    0x0800de56   0x0800de56   0x00000002   Code   RO         2888    i.__scatterload_null  mc_w.l(handlers.o)
    0x0800de58   0x0800de58   0x0000000e   Code   RO         2889    i.__scatterload_zeroinit  mc_w.l(handlers.o)
    0x0800de66   0x0800de66   0x00000002   PAD
    0x0800de68   0x0800de68   0x00000184   Code   RO         2816    i._fp_digits        mc_w.l(printfa.o)
    0x0800dfec   0x0800dfec   0x000006b4   Code   RO         2817    i._printf_core      mc_w.l(printfa.o)
    0x0800e6a0   0x0800e6a0   0x00000024   Code   RO         2818    i._printf_post_padding  mc_w.l(printfa.o)
    0x0800e6c4   0x0800e6c4   0x0000002e   Code   RO         2819    i._printf_pre_padding  mc_w.l(printfa.o)
    0x0800e6f2   0x0800e6f2   0x0000000a   Code   RO         2821    i._sputc            mc_w.l(printfa.o)
    0x0800e6fc   0x0800e6fc   0x00000054   Code   RO         2037    i.add_server_id     Net_Dbg_CM3_L.lib(net_http_server.o)
    0x0800e750   0x0800e750   0x0000005c   Code   RO         1717    i.arp_cache_alloc   Net_Dbg_CM3_L.lib(net_arp.o)
    0x0800e7ac   0x0800e7ac   0x00000170   Code   RO         1718    i.arp_cache_run     Net_Dbg_CM3_L.lib(net_arp.o)
    0x0800e91c   0x0800e91c   0x00000038   Code   RO         1719    i.arp_is_cacheable  Net_Dbg_CM3_L.lib(net_arp.o)
    0x0800e954   0x0800e954   0x00000088   Code   RO         1720    i.arp_probe_run     Net_Dbg_CM3_L.lib(net_arp.o)
    0x0800e9dc   0x0800e9dc   0x000000d8   Code   RO         1722    i.arp_proc_response  Net_Dbg_CM3_L.lib(net_arp.o)
    0x0800eab4   0x0800eab4   0x0000001a   Code   RO         1723    i.arp_que_free      Net_Dbg_CM3_L.lib(net_arp.o)
    0x0800eace   0x0800eace   0x00000002   PAD
    0x0800ead0   0x0800ead0   0x000000a0   Code   RO         1724    i.arp_send_reply    Net_Dbg_CM3_L.lib(net_arp.o)
    0x0800eb70   0x0800eb70   0x000000d0   Code   RO         1725    i.arp_send_request  Net_Dbg_CM3_L.lib(net_arp.o)
    0x0800ec40   0x0800ec40   0x00000068   Code   RO         1726    i.arp_sender_valid  Net_Dbg_CM3_L.lib(net_arp.o)
    0x0800eca8   0x0800eca8   0x0000018c   Code   RO         2038    i.chk_post_req      Net_Dbg_CM3_L.lib(net_http_server.o)
    0x0800ee34   0x0800ee34   0x00000028   Code   RO         2489    i.crc32_8bit        Net_Dbg_CM3_L.lib(net_common.o)
    0x0800ee5c   0x0800ee5c   0x0000009a   Code   RO         1661    i.eth_check_link    Net_Dbg_CM3_L.lib(net_eth.o)
    0x0800eef6   0x0800eef6   0x00000002   PAD
    0x0800eef8   0x0800eef8   0x00000020   Code   RO         1662    i.eth_if_map        Net_Dbg_CM3_L.lib(net_eth.o)
    0x0800ef18   0x0800ef18   0x00000304   Code   RO         1663    i.eth_iface_init    Net_Dbg_CM3_L.lib(net_eth.o)
    0x0800f21c   0x0800f21c   0x00000290   Code   RO         1664    i.eth_iface_run     Net_Dbg_CM3_L.lib(net_eth.o)
    0x0800f4ac   0x0800f4ac   0x00000008   Code   RO         1666    i.eth_lock          Net_Dbg_CM3_L.lib(net_eth.o)
    0x0800f4b4   0x0800f4b4   0x0000001c   Code   RO         1667    i.eth_mtu_limit     Net_Dbg_CM3_L.lib(net_eth.o)
    0x0800f4d0   0x0800f4d0   0x00000048   Code   RO         1668    i.eth_opt_len       Net_Dbg_CM3_L.lib(net_eth.o)
    0x0800f518   0x0800f518   0x00000088   Code   RO         1669    i.eth_receive       Net_Dbg_CM3_L.lib(net_eth.o)
    0x0800f5a0   0x0800f5a0   0x00000008   Code   RO         1670    i.eth_unlock        Net_Dbg_CM3_L.lib(net_eth.o)
    0x0800f5a8   0x0800f5a8   0x0000007c   Code   RO         1801    i.frag_map_session  Net_Dbg_CM3_L.lib(net_ip4_frag.o)
    0x0800f624   0x0800f624   0x00000028   Code   RO         2039    i.get_next_field    Net_Dbg_CM3_L.lib(net_http_server.o)
    0x0800f64c   0x0800f64c   0x00000032   Code   RO         2040    i.get_next_par      Net_Dbg_CM3_L.lib(net_http_server.o)
    0x0800f67e   0x0800f67e   0x00000022   Code   RO         2041    i.hex2byte          Net_Dbg_CM3_L.lib(net_http_server.o)
    0x0800f6a0   0x0800f6a0   0x0000036c   Code   RO         2042    i.http_add_header   Net_Dbg_CM3_L.lib(net_http_server.o)
    0x0800fa0c   0x0800fa0c   0x000001cc   Code   RO         2043    i.http_error_msg    Net_Dbg_CM3_L.lib(net_http_server.o)
    0x0800fbd8   0x0800fbd8   0x00000078   Code   RO         2044    i.http_get_ftype    Net_Dbg_CM3_L.lib(net_http_server.o)
    0x0800fc50   0x0800fc50   0x0000005e   Code   RO         2045    i.http_kill_session  Net_Dbg_CM3_L.lib(net_http_server.o)
    0x0800fcae   0x0800fcae   0x00000002   PAD
    0x0800fcb0   0x0800fcb0   0x000002a8   Code   RO         2046    i.http_listener     Net_Dbg_CM3_L.lib(net_http_server.o)
    0x0800ff58   0x0800ff58   0x00000184   Code   RO         2047    i.http_open_file    Net_Dbg_CM3_L.lib(net_http_server.o)
    0x080100dc   0x080100dc   0x0000011c   Code   RO         2048    i.http_parse_header  Net_Dbg_CM3_L.lib(net_http_server.o)
    0x080101f8   0x080101f8   0x000001a8   Code   RO         2049    i.http_proc_multipart  Net_Dbg_CM3_L.lib(net_http_server.o)
    0x080103a0   0x080103a0   0x00000138   Code   RO         2050    i.http_proc_post    Net_Dbg_CM3_L.lib(net_http_server.o)
    0x080104d8   0x080104d8   0x00000468   Code   RO         2051    i.http_server_run   Net_Dbg_CM3_L.lib(net_http_server.o)
    0x08010940   0x08010940   0x00000060   Code   RO         2052    i.http_server_start  Net_Dbg_CM3_L.lib(net_http_server.o)
    0x080109a0   0x080109a0   0x00000020   Code   RO         2054    i.http_strcpy       Net_Dbg_CM3_L.lib(net_http_server.o)
    0x080109c0   0x080109c0   0x000000ac   Code   RO         2055    i.http_to_utc       Net_Dbg_CM3_L.lib(net_http_server.o)
    0x08010a6c   0x08010a6c   0x0000001a   Code   RO         2490    i.i2str             Net_Dbg_CM3_L.lib(net_common.o)
    0x08010a86   0x08010a86   0x0000000c   Code   RO         2367    i.ip4_get_chksum    Net_Dbg_CM3_L.lib(net_ip4.o)
    0x08010a92   0x08010a92   0x00000028   Code   RO         2368    i.ip4_get_mtu       Net_Dbg_CM3_L.lib(net_ip4.o)
    0x08010aba   0x08010aba   0x00000040   Code   RO         2230    i.ip4_ntoa          Net_Dbg_CM3_L.lib(net_addr.o)
    0x08010afa   0x08010afa   0x00000002   PAD
    0x08010afc   0x08010afc   0x000000ca   Code   RO         2231    i.ip6_ntoa          Net_Dbg_CM3_L.lib(net_addr.o)
    0x08010bc6   0x08010bc6   0x00000002   PAD
    0x08010bc8   0x08010bc8   0x0000000c   Code   RO         2466    i.mem_lock          Net_Dbg_CM3_L.lib(net_mem.o)
    0x08010bd4   0x08010bd4   0x0000000c   Code   RO         2467    i.mem_unlock        Net_Dbg_CM3_L.lib(net_mem.o)
    0x08010be0   0x08010be0   0x000001a4   Code   RO         2023    i.nbns_listener     Net_Dbg_CM3_L.lib(net_nbns_client.o)
    0x08010d84   0x08010d84   0x00000120   Code   RO         2297    i.ndp_cache_add     Net_Dbg_CM3_L.lib(net_ndp.o)
    0x08010ea4   0x08010ea4   0x00000072   Code   RO         2298    i.ndp_cache_alloc   Net_Dbg_CM3_L.lib(net_ndp.o)
    0x08010f16   0x08010f16   0x00000002   PAD
    0x08010f18   0x08010f18   0x00000078   Code   RO         2299    i.ndp_cache_delete  Net_Dbg_CM3_L.lib(net_ndp.o)
    0x08010f90   0x08010f90   0x0000002c   Code   RO         2301    i.ndp_check_frame   Net_Dbg_CM3_L.lib(net_ndp.o)
    0x08010fbc   0x08010fbc   0x00000012   Code   RO         2302    i.ndp_next_opt      Net_Dbg_CM3_L.lib(net_ndp.o)
    0x08010fce   0x08010fce   0x00000002   PAD
    0x08010fd0   0x08010fd0   0x000000e4   Code   RO         2303    i.ndp_prefix_add    Net_Dbg_CM3_L.lib(net_ndp.o)
    0x080110b4   0x080110b4   0x000000fc   Code   RO         2306    i.ndp_proc_response  Net_Dbg_CM3_L.lib(net_ndp.o)
    0x080111b0   0x080111b0   0x0000001a   Code   RO         2307    i.ndp_que_free      Net_Dbg_CM3_L.lib(net_ndp.o)
    0x080111ca   0x080111ca   0x00000002   PAD
    0x080111cc   0x080111cc   0x00000038   Code   RO         2308    i.ndp_router_remove  Net_Dbg_CM3_L.lib(net_ndp.o)
    0x08011204   0x08011204   0x0000009c   Code   RO         2309    i.ndp_send_reply    Net_Dbg_CM3_L.lib(net_ndp.o)
    0x080112a0   0x080112a0   0x000000bc   Code   RO         2310    i.ndp_send_request  Net_Dbg_CM3_L.lib(net_ndp.o)
    0x0801135c   0x0801135c   0x00000004   Code   RO         2056    i.netCGI_Charset    Net_Dbg_CM3_L.lib(net_http_server.o)
    0x08011360   0x08011360   0x00000004   Code   RO         2057    i.netCGI_ContentType  Net_Dbg_CM3_L.lib(net_http_server.o)
    0x08011364   0x08011364   0x00000004   Code   RO         2058    i.netCGI_CustomHeader  Net_Dbg_CM3_L.lib(net_http_server.o)
    0x08011368   0x08011368   0x0000006c   Code   RO         2059    i.netCGI_GetEnvVar  Net_Dbg_CM3_L.lib(net_http_server.o)
    0x080113d4   0x080113d4   0x00000004   Code   RO         2062    i.netCGI_Redirect   Net_Dbg_CM3_L.lib(net_http_server.o)
    0x080113d8   0x080113d8   0x00000004   Code   RO         2064    i.netCGX_ContentType  Net_Dbg_CM3_L.lib(net_http_server.o)
    0x080113dc   0x080113dc   0x00000064   Code   RO         2180    i.netCore_Thread    Net_Dbg_CM3_L.lib(net_sys.o)
    0x08011440   0x08011440   0x00000002   Code   RO         1671    i.netETH_Notify     Net_Dbg_CM3_L.lib(net_eth.o)
    0x08011442   0x08011442   0x00000002   Code   RO         1672    i.netETH_ReceiveRaw  Net_Dbg_CM3_L.lib(net_eth.o)
    0x08011444   0x08011444   0x00000072   Code   RO         1674    i.netETH_Thread     Net_Dbg_CM3_L.lib(net_eth.o)
    0x080114b6   0x080114b6   0x00000004   Code   RO         2065    i.netHTTPs_AcceptClient  Net_Dbg_CM3_L.lib(net_http_server.o)
    0x080114ba   0x080114ba   0x00000004   Code   RO         2067    i.netHTTPs_FileAccess  Net_Dbg_CM3_L.lib(net_http_server.o)
    0x080114be   0x080114be   0x00000002   PAD
    0x080114c0   0x080114c0   0x00000020   Code   RO         2070    i.netHTTPs_GetLanguage  Net_Dbg_CM3_L.lib(net_http_server.o)
    0x080114e0   0x080114e0   0x0000000c   Code   RO         2071    i.netHTTPs_GetPassword  Net_Dbg_CM3_L.lib(net_http_server.o)
    0x080114ec   0x080114ec   0x0000000c   Code   RO         2077    i.netHTTPs_LoginActive  Net_Dbg_CM3_L.lib(net_http_server.o)
    0x080114f8   0x080114f8   0x00000058   Code   RO         2080    i.netHTTPs_SetPassword  Net_Dbg_CM3_L.lib(net_http_server.o)
    0x08011550   0x08011550   0x00000088   Code   RO         2181    i.netIF_GetOption   Net_Dbg_CM3_L.lib(net_sys.o)
    0x080115d8   0x080115d8   0x00000084   Code   RO         2183    i.netIF_SetOption   Net_Dbg_CM3_L.lib(net_sys.o)
    0x0801165c   0x0801165c   0x0000001a   Code   RO         2233    i.netIP_aton        Net_Dbg_CM3_L.lib(net_addr.o)
    0x08011676   0x08011676   0x00000032   Code   RO         2234    i.netIP_ntoa        Net_Dbg_CM3_L.lib(net_addr.o)
    0x080116a8   0x080116a8   0x000000ac   Code   RO         2184    i.netInitialize     Net_Dbg_CM3_L.lib(net_sys.o)
    0x08011754   0x08011754   0x0000008c   Code   RO         2235    i.netMAC_aton       Net_Dbg_CM3_L.lib(net_addr.o)
    0x080117e0   0x080117e0   0x00000004   Code   RO         1904    i.netTCP_GetLocalPort  Net_Dbg_CM3_L.lib(net_tcp.o)
    0x080117e4   0x080117e4   0x00000020   Code   RO         1906    i.netTCP_GetPeer    Net_Dbg_CM3_L.lib(net_tcp.o)
    0x08011804   0x08011804   0x00000004   Code   RO         1908    i.netTCP_GetState   Net_Dbg_CM3_L.lib(net_tcp.o)
    0x08011808   0x08011808   0x00000004   Code   RO         1909    i.netTCP_GetTimer   Net_Dbg_CM3_L.lib(net_tcp.o)
    0x0801180c   0x0801180c   0x0000007c   Code   RO         2237    i.net_addr4_aton    Net_Dbg_CM3_L.lib(net_addr.o)
    0x08011888   0x08011888   0x0000001e   Code   RO         2239    i.net_addr4_to_mac  Net_Dbg_CM3_L.lib(net_addr.o)
    0x080118a6   0x080118a6   0x00000002   PAD
    0x080118a8   0x080118a8   0x000000e6   Code   RO         2240    i.net_addr6_aton    Net_Dbg_CM3_L.lib(net_addr.o)
    0x0801198e   0x0801198e   0x00000028   Code   RO         2241    i.net_addr6_comp    Net_Dbg_CM3_L.lib(net_addr.o)
    0x080119b6   0x080119b6   0x00000012   Code   RO         2242    i.net_addr6_copy    Net_Dbg_CM3_L.lib(net_addr.o)
    0x080119c8   0x080119c8   0x0000004c   Code   RO         2243    i.net_addr6_create  Net_Dbg_CM3_L.lib(net_addr.o)
    0x08011a14   0x08011a14   0x00000028   Code   RO         2244    i.net_addr6_get_solicited  Net_Dbg_CM3_L.lib(net_addr.o)
    0x08011a3c   0x08011a3c   0x00000018   Code   RO         2245    i.net_addr6_is_linklocal  Net_Dbg_CM3_L.lib(net_addr.o)
    0x08011a54   0x08011a54   0x0000006e   Code   RO         2246    i.net_addr6_is_onlink  Net_Dbg_CM3_L.lib(net_addr.o)
    0x08011ac2   0x08011ac2   0x00000048   Code   RO         2247    i.net_addr6_is_solicited  Net_Dbg_CM3_L.lib(net_addr.o)
    0x08011b0a   0x08011b0a   0x00000018   Code   RO         2248    i.net_addr6_is_unspec  Net_Dbg_CM3_L.lib(net_addr.o)
    0x08011b22   0x08011b22   0x0000000e   Code   RO         2250    i.net_addr6_to_mac  Net_Dbg_CM3_L.lib(net_addr.o)
    0x08011b30   0x08011b30   0x00000026   Code   RO         2252    i.net_addr_copy     Net_Dbg_CM3_L.lib(net_addr.o)
    0x08011b56   0x08011b56   0x0000001a   Code   RO         2253    i.net_addr_find_route  Net_Dbg_CM3_L.lib(net_addr.o)
    0x08011b70   0x08011b70   0x00000020   Code   RO         2255    i.net_addr_get_local  Net_Dbg_CM3_L.lib(net_addr.o)
    0x08011b90   0x08011b90   0x00000022   Code   RO         2256    i.net_addr_is_unspec  Net_Dbg_CM3_L.lib(net_addr.o)
    0x08011bb2   0x08011bb2   0x00000002   PAD
    0x08011bb4   0x08011bb4   0x0000011c   Code   RO         1734    i.net_arp_cache_add  Net_Dbg_CM3_L.lib(net_arp.o)
    0x08011cd0   0x08011cd0   0x000000bc   Code   RO         1735    i.net_arp_cache_early  Net_Dbg_CM3_L.lib(net_arp.o)
    0x08011d8c   0x08011d8c   0x000000ec   Code   RO         1736    i.net_arp_cache_find  Net_Dbg_CM3_L.lib(net_arp.o)
    0x08011e78   0x08011e78   0x00000048   Code   RO         1737    i.net_arp_cache_init  Net_Dbg_CM3_L.lib(net_arp.o)
    0x08011ec0   0x08011ec0   0x0000001c   Code   RO         1738    i.net_arp_cache_run  Net_Dbg_CM3_L.lib(net_arp.o)
    0x08011edc   0x08011edc   0x00000078   Code   RO         1740    i.net_arp_enqueue   Net_Dbg_CM3_L.lib(net_arp.o)
    0x08011f54   0x08011f54   0x00000020   Code   RO         1742    i.net_arp_notify    Net_Dbg_CM3_L.lib(net_arp.o)
    0x08011f74   0x08011f74   0x00000224   Code   RO         1744    i.net_arp_process   Net_Dbg_CM3_L.lib(net_arp.o)
    0x08012198   0x08012198   0x00000042   Code   RO         2491    i.net_atoi          Net_Dbg_CM3_L.lib(net_common.o)
    0x080121da   0x080121da   0x00000030   Code   RO         2493    i.net_chksum_buf    Net_Dbg_CM3_L.lib(net_common.o)
    0x0801220a   0x0801220a   0x0000001e   Code   RO         2494    i.net_crc_buf       Net_Dbg_CM3_L.lib(net_common.o)
    0x08012228   0x08012228   0x0000000e   Code   RO         1675    i.net_eth_callback  Net_Dbg_CM3_L.lib(net_eth.o)
    0x08012236   0x08012236   0x00000068   Code   RO         1676    i.net_eth_config_mcast  Net_Dbg_CM3_L.lib(net_eth.o)
    0x0801229e   0x0801229e   0x000000ea   Code   RO         1678    i.net_eth_get_option  Net_Dbg_CM3_L.lib(net_eth.o)
    0x08012388   0x08012388   0x0000001c   Code   RO         1679    i.net_eth_iface_init  Net_Dbg_CM3_L.lib(net_eth.o)
    0x080123a4   0x080123a4   0x0000001c   Code   RO         1680    i.net_eth_iface_run  Net_Dbg_CM3_L.lib(net_eth.o)
    0x080123c0   0x080123c0   0x000000a8   Code   RO         1682    i.net_eth_output    Net_Dbg_CM3_L.lib(net_eth.o)
    0x08012468   0x08012468   0x000001e0   Code   RO         1683    i.net_eth_send_frame  Net_Dbg_CM3_L.lib(net_eth.o)
    0x08012648   0x08012648   0x00000270   Code   RO         1684    i.net_eth_set_option  Net_Dbg_CM3_L.lib(net_eth.o)
    0x080128b8   0x080128b8   0x000000e8   Code   RO         2086    i.net_http_server_init  Net_Dbg_CM3_L.lib(net_http_server.o)
    0x080129a0   0x080129a0   0x00000028   Code   RO         2087    i.net_http_server_run  Net_Dbg_CM3_L.lib(net_http_server.o)
    0x080129c8   0x080129c8   0x00000018   Code   RO         2439    i.net_icmp6_init    Net_Dbg_CM3_L.lib(net_icmp6.o)
    0x080129e0   0x080129e0   0x00000238   Code   RO         2440    i.net_icmp6_process  Net_Dbg_CM3_L.lib(net_icmp6.o)
    0x08012c18   0x08012c18   0x00000084   Code   RO         2441    i.net_icmp6_send    Net_Dbg_CM3_L.lib(net_icmp6.o)
    0x08012c9c   0x08012c9c   0x00000058   Code   RO         2442    i.net_icmp6_send_echo  Net_Dbg_CM3_L.lib(net_icmp6.o)
    0x08012cf4   0x08012cf4   0x00000018   Code   RO         1823    i.net_icmp_init     Net_Dbg_CM3_L.lib(net_icmp.o)
    0x08012d0c   0x08012d0c   0x000001c8   Code   RO         1824    i.net_icmp_process  Net_Dbg_CM3_L.lib(net_icmp.o)
    0x08012ed4   0x08012ed4   0x000000a0   Code   RO         1825    i.net_icmp_send_echo  Net_Dbg_CM3_L.lib(net_icmp.o)
    0x08012f74   0x08012f74   0x0000000c   Code   RO         2188    i.net_if_map_all    Net_Dbg_CM3_L.lib(net_sys.o)
    0x08012f80   0x08012f80   0x0000018c   Code   RO         2369    i.net_ip4_chk_frame  Net_Dbg_CM3_L.lib(net_ip4.o)
    0x0801310c   0x0801310c   0x0000002c   Code   RO         2370    i.net_ip4_chksum    Net_Dbg_CM3_L.lib(net_ip4.o)
    0x08013138   0x08013138   0x00000006   Code   RO         2371    i.net_ip4_chksum_buf  Net_Dbg_CM3_L.lib(net_ip4.o)
    0x0801313e   0x0801313e   0x00000002   PAD
    0x08013140   0x08013140   0x00000080   Code   RO         2373    i.net_ip4_find_route  Net_Dbg_CM3_L.lib(net_ip4.o)
    0x080131c0   0x080131c0   0x00000124   Code   RO         1802    i.net_ip4_frag_add  Net_Dbg_CM3_L.lib(net_ip4_frag.o)
    0x080132e4   0x080132e4   0x000000ac   Code   RO         1803    i.net_ip4_frag_get  Net_Dbg_CM3_L.lib(net_ip4_frag.o)
    0x08013390   0x08013390   0x00000010   Code   RO         1804    i.net_ip4_frag_init  Net_Dbg_CM3_L.lib(net_ip4_frag.o)
    0x080133a0   0x080133a0   0x0000003c   Code   RO         1805    i.net_ip4_frag_run  Net_Dbg_CM3_L.lib(net_ip4_frag.o)
    0x080133dc   0x080133dc   0x0000002c   Code   RO         2374    i.net_ip4_get_local  Net_Dbg_CM3_L.lib(net_ip4.o)
    0x08013408   0x08013408   0x00000024   Code   RO         2375    i.net_ip4_init      Net_Dbg_CM3_L.lib(net_ip4.o)
    0x0801342c   0x0801342c   0x00000020   Code   RO         2376    i.net_ip4_is_onlink  Net_Dbg_CM3_L.lib(net_ip4.o)
    0x0801344c   0x0801344c   0x00000026   Code   RO         2377    i.net_ip4_is_subcast  Net_Dbg_CM3_L.lib(net_ip4.o)
    0x08013472   0x08013472   0x0000000e   Code   RO         2378    i.net_ip4_reass_frame  Net_Dbg_CM3_L.lib(net_ip4.o)
    0x08013480   0x08013480   0x00000164   Code   RO         2379    i.net_ip4_send_frame  Net_Dbg_CM3_L.lib(net_ip4.o)
    0x080135e4   0x080135e4   0x0000002a   Code   RO         2381    i.net_ip4_tx_offl_hl  Net_Dbg_CM3_L.lib(net_ip4.o)
    0x0801360e   0x0801360e   0x00000002   PAD
    0x08013610   0x08013610   0x00000100   Code   RO         2407    i.net_ip6_chk_frame  Net_Dbg_CM3_L.lib(net_ip6.o)
    0x08013710   0x08013710   0x00000032   Code   RO         2408    i.net_ip6_chksum    Net_Dbg_CM3_L.lib(net_ip6.o)
    0x08013742   0x08013742   0x00000002   PAD
    0x08013744   0x08013744   0x0000007c   Code   RO         2409    i.net_ip6_collect_mcast  Net_Dbg_CM3_L.lib(net_ip6.o)
    0x080137c0   0x080137c0   0x00000048   Code   RO         2411    i.net_ip6_find_route  Net_Dbg_CM3_L.lib(net_ip6.o)
    0x08013808   0x08013808   0x00000054   Code   RO         2412    i.net_ip6_get_local  Net_Dbg_CM3_L.lib(net_ip6.o)
    0x0801385c   0x0801385c   0x0000001c   Code   RO         2413    i.net_ip6_init      Net_Dbg_CM3_L.lib(net_ip6.o)
    0x08013878   0x08013878   0x000000cc   Code   RO         2414    i.net_ip6_send_frame  Net_Dbg_CM3_L.lib(net_ip6.o)
    0x08013944   0x08013944   0x0000001e   Code   RO         2416    i.net_ip6_tx_offl_hl  Net_Dbg_CM3_L.lib(net_ip6.o)
    0x08013962   0x08013962   0x00000008   Code   RO         2495    i.net_itoa          Net_Dbg_CM3_L.lib(net_common.o)
    0x0801396a   0x0801396a   0x00000006   Code   RO         2497    i.net_itoa_n0       Net_Dbg_CM3_L.lib(net_common.o)
    0x08013970   0x08013970   0x00000030   Code   RO         1784    i.net_loop_iface_init  Net_Dbg_CM3_L.lib(net_loopback.o)
    0x080139a0   0x080139a0   0x000000bc   Code   RO         1785    i.net_loop_iface_run  Net_Dbg_CM3_L.lib(net_loopback.o)
    0x08013a5c   0x08013a5c   0x00000070   Code   RO         1787    i.net_loop_send_frame  Net_Dbg_CM3_L.lib(net_loopback.o)
    0x08013acc   0x08013acc   0x000000c0   Code   RO         2468    i.net_mem_alloc     Net_Dbg_CM3_L.lib(net_mem.o)
    0x08013b8c   0x08013b8c   0x0000001c   Code   RO         2469    i.net_mem_avail     Net_Dbg_CM3_L.lib(net_mem.o)
    0x08013ba8   0x08013ba8   0x000000a4   Code   RO         2470    i.net_mem_free      Net_Dbg_CM3_L.lib(net_mem.o)
    0x08013c4c   0x08013c4c   0x00000070   Code   RO         2471    i.net_mem_init      Net_Dbg_CM3_L.lib(net_mem.o)
    0x08013cbc   0x08013cbc   0x00000048   Code   RO         2472    i.net_mem_shrink    Net_Dbg_CM3_L.lib(net_mem.o)
    0x08013d04   0x08013d04   0x00000064   Code   RO         2024    i.net_nbns_client_init  Net_Dbg_CM3_L.lib(net_nbns_client.o)
    0x08013d68   0x08013d68   0x000001c4   Code   RO         2318    i.net_ndp_cache_find  Net_Dbg_CM3_L.lib(net_ndp.o)
    0x08013f2c   0x08013f2c   0x00000078   Code   RO         2321    i.net_ndp_cache_refresh  Net_Dbg_CM3_L.lib(net_ndp.o)
    0x08013fa4   0x08013fa4   0x00000070   Code   RO         2324    i.net_ndp_enqueue   Net_Dbg_CM3_L.lib(net_ndp.o)
    0x08014014   0x08014014   0x00000374   Code   RO         2326    i.net_ndp_process   Net_Dbg_CM3_L.lib(net_ndp.o)
    0x08014388   0x08014388   0x00000038   Code   RO         2190    i.net_path          Net_Dbg_CM3_L.lib(net_sys.o)
    0x080143c0   0x080143c0   0x00000020   Code   RO         2161    i.net_ping_client_init  Net_Dbg_CM3_L.lib(net_ping_core.o)
    0x080143e0   0x080143e0   0x00000080   Code   RO         2162    i.net_ping_client_run  Net_Dbg_CM3_L.lib(net_ping_core.o)
    0x08014460   0x08014460   0x0000001c   Code   RO         2191    i.net_rand32        Net_Dbg_CM3_L.lib(net_sys.o)
    0x0801447c   0x0801447c   0x0000002e   Code   RO         2498    i.net_strcasecmp    Net_Dbg_CM3_L.lib(net_common.o)
    0x080144aa   0x080144aa   0x0000001a   Code   RO         2500    i.net_strcmp        Net_Dbg_CM3_L.lib(net_common.o)
    0x080144c4   0x080144c4   0x00000012   Code   RO         2501    i.net_strcpy        Net_Dbg_CM3_L.lib(net_common.o)
    0x080144d6   0x080144d6   0x0000001c   Code   RO         2503    i.net_strnchr       Net_Dbg_CM3_L.lib(net_common.o)
    0x080144f2   0x080144f2   0x0000001a   Code   RO         2504    i.net_strncpy       Net_Dbg_CM3_L.lib(net_common.o)
    0x0801450c   0x0801450c   0x00000020   Code   RO         2505    i.net_strtoupper    Net_Dbg_CM3_L.lib(net_common.o)
    0x0801452c   0x0801452c   0x0000000c   Code   RO         2192    i.net_sys_lock      Net_Dbg_CM3_L.lib(net_sys.o)
    0x08014538   0x08014538   0x00000016   Code   RO         2193    i.net_sys_resume    Net_Dbg_CM3_L.lib(net_sys.o)
    0x0801454e   0x0801454e   0x00000002   PAD
    0x08014550   0x08014550   0x00000014   Code   RO         2195    i.net_sys_tick      Net_Dbg_CM3_L.lib(net_sys.o)
    0x08014564   0x08014564   0x0000000c   Code   RO         2196    i.net_sys_unlock    Net_Dbg_CM3_L.lib(net_sys.o)
    0x08014570   0x08014570   0x00000020   Code   RO         2198    i.net_sys_wakeup    Net_Dbg_CM3_L.lib(net_sys.o)
    0x08014590   0x08014590   0x00000084   Code   RO         1916    i.net_tcp_abort     Net_Dbg_CM3_L.lib(net_tcp.o)
    0x08014614   0x08014614   0x000000e4   Code   RO         1919    i.net_tcp_close     Net_Dbg_CM3_L.lib(net_tcp.o)
    0x080146f8   0x080146f8   0x0000002e   Code   RO         1922    i.net_tcp_get_buf   Net_Dbg_CM3_L.lib(net_tcp.o)
    0x08014726   0x08014726   0x00000002   PAD
    0x08014728   0x08014728   0x00000034   Code   RO         1924    i.net_tcp_get_local_port  Net_Dbg_CM3_L.lib(net_tcp.o)
    0x0801475c   0x0801475c   0x00000028   Code   RO         1925    i.net_tcp_get_mss   Net_Dbg_CM3_L.lib(net_tcp.o)
    0x08014784   0x08014784   0x00000054   Code   RO         1927    i.net_tcp_get_peer  Net_Dbg_CM3_L.lib(net_tcp.o)
    0x080147d8   0x080147d8   0x00000070   Code   RO         1929    i.net_tcp_get_socket  Net_Dbg_CM3_L.lib(net_tcp.o)
    0x08014848   0x08014848   0x0000002c   Code   RO         1930    i.net_tcp_get_state  Net_Dbg_CM3_L.lib(net_tcp.o)
    0x08014874   0x08014874   0x00000034   Code   RO         1931    i.net_tcp_get_timer  Net_Dbg_CM3_L.lib(net_tcp.o)
    0x080148a8   0x080148a8   0x000000b0   Code   RO         1932    i.net_tcp_listen    Net_Dbg_CM3_L.lib(net_tcp.o)
    0x08014958   0x08014958   0x000007a8   Code   RO         1934    i.net_tcp_process   Net_Dbg_CM3_L.lib(net_tcp.o)
    0x08015100   0x08015100   0x0000015c   Code   RO         1938    i.net_tcp_send      Net_Dbg_CM3_L.lib(net_tcp.o)
    0x0801525c   0x0801525c   0x0000012c   Code   RO         1940    i.net_tcp_set_option  Net_Dbg_CM3_L.lib(net_tcp.o)
    0x08015388   0x08015388   0x00000028   Code   RO         1941    i.net_tcp_socket_init  Net_Dbg_CM3_L.lib(net_tcp.o)
    0x080153b0   0x080153b0   0x000003c0   Code   RO         1942    i.net_tcp_socket_run  Net_Dbg_CM3_L.lib(net_tcp.o)
    0x08015770   0x08015770   0x0000002e   Code   RO         1853    i.net_udp_get_buf   Net_Dbg_CM3_L.lib(net_udp.o)
    0x0801579e   0x0801579e   0x00000002   PAD
    0x080157a0   0x080157a0   0x00000070   Code   RO         1856    i.net_udp_get_socket  Net_Dbg_CM3_L.lib(net_udp.o)
    0x08015810   0x08015810   0x000000ac   Code   RO         1858    i.net_udp_open      Net_Dbg_CM3_L.lib(net_udp.o)
    0x080158bc   0x080158bc   0x00000158   Code   RO         1859    i.net_udp_process   Net_Dbg_CM3_L.lib(net_udp.o)
    0x08015a14   0x08015a14   0x0000022c   Code   RO         1862    i.net_udp_send_if   Net_Dbg_CM3_L.lib(net_udp.o)
    0x08015c40   0x08015c40   0x00000024   Code   RO         1864    i.net_udp_socket_init  Net_Dbg_CM3_L.lib(net_udp.o)
    0x08015c64   0x08015c64   0x00000008   Code   RO         2506    i.net_ultoa         Net_Dbg_CM3_L.lib(net_common.o)
    0x08015c6c   0x08015c6c   0x00000030   Code   RO         2509    i.net_ultox         Net_Dbg_CM3_L.lib(net_common.o)
    0x08015c9c   0x08015c9c   0x0000004c   Code   RO         2510    i.net_xtoul         Net_Dbg_CM3_L.lib(net_common.o)
    0x08015ce8   0x08015ce8   0x0000001c   Code   RO         2165    i.ping_send_req     Net_Dbg_CM3_L.lib(net_ping_core.o)
    0x08015d04   0x08015d04   0x00000058   Code   RO         2090    i.proc_req_line     Net_Dbg_CM3_L.lib(net_http_server.o)
    0x08015d5c   0x08015d5c   0x0000001a   Code   RO         1807    i.que_free_list     Net_Dbg_CM3_L.lib(net_ip4_frag.o)
    0x08015d76   0x08015d76   0x000000a0   Code   RO         2091    i.read_script_line  Net_Dbg_CM3_L.lib(net_http_server.o)
    0x08015e16   0x08015e16   0x00000048   Code   RO         2092    i.search_delim      Net_Dbg_CM3_L.lib(net_http_server.o)
    0x08015e5e   0x08015e5e   0x00000018   Code   RO         2199    i.sys_map_if        Net_Dbg_CM3_L.lib(net_sys.o)
    0x08015e76   0x08015e76   0x00000002   PAD
    0x08015e78   0x08015e78   0x0000004c   Code   RO         2200    i.sys_proc_tick     Net_Dbg_CM3_L.lib(net_sys.o)
    0x08015ec4   0x08015ec4   0x00000110   Code   RO         1944    i.tcp_map_socket    Net_Dbg_CM3_L.lib(net_tcp.o)
    0x08015fd4   0x08015fd4   0x00000084   Code   RO         1945    i.tcp_parse_opt     Net_Dbg_CM3_L.lib(net_tcp.o)
    0x08016058   0x08016058   0x0000011c   Code   RO         1946    i.tcp_proc_acknr    Net_Dbg_CM3_L.lib(net_tcp.o)
    0x08016174   0x08016174   0x000000ac   Code   RO         1947    i.tcp_proc_dupack   Net_Dbg_CM3_L.lib(net_tcp.o)
    0x08016220   0x08016220   0x0000001a   Code   RO         1948    i.tcp_que_free      Net_Dbg_CM3_L.lib(net_tcp.o)
    0x0801623a   0x0801623a   0x0000001a   Code   RO         1949    i.tcp_que_init      Net_Dbg_CM3_L.lib(net_tcp.o)
    0x08016254   0x08016254   0x000000ac   Code   RO         1950    i.tcp_que_resend    Net_Dbg_CM3_L.lib(net_tcp.o)
    0x08016300   0x08016300   0x00000090   Code   RO         1951    i.tcp_send_ctrl     Net_Dbg_CM3_L.lib(net_tcp.o)
    0x08016390   0x08016390   0x0000007c   Code   RO         1952    i.tcp_send_data     Net_Dbg_CM3_L.lib(net_tcp.o)
    0x0801640c   0x0801640c   0x00000090   Code   RO         1953    i.tcp_send_reset    Net_Dbg_CM3_L.lib(net_tcp.o)
    0x0801649c   0x0801649c   0x00000044   Code   RO         1954    i.tcp_set_cwnd      Net_Dbg_CM3_L.lib(net_tcp.o)
    0x080164e0   0x080164e0   0x00000074   Code   RO         1955    i.tcp_transit       Net_Dbg_CM3_L.lib(net_tcp.o)
    0x08016554   0x08016554   0x0000010c   Code   RO         1956    i.tcp_write         Net_Dbg_CM3_L.lib(net_tcp.o)
    0x08016660   0x08016660   0x0000002c   Code   RO         1866    i.udp_port_in_use   Net_Dbg_CM3_L.lib(net_udp.o)
    0x0801668c   0x0801668c   0x00000044   Code   RO         2511    i.ul2str            Net_Dbg_CM3_L.lib(net_common.o)
    0x080166d0   0x080166d0   0x00000124   Code   RO         2093    i.utc_to_http       Net_Dbg_CM3_L.lib(net_http_server.o)
    0x080167f4   0x080167f4   0x00000024   Data   RO          150    .constdata          http_server.o
    0x08016818   0x08016818   0x00000004   Data   RO          239    .constdata          web.o
    0x0801681c   0x0801681c   0x000067bb   Data   RO          240    .constdata          web.o
    0x0801cfd7   0x0801cfd7   0x00000001   PAD
    0x0801cfd8   0x0801cfd8   0x000000a0   Data   RO          241    .constdata          web.o
    0x0801d078   0x0801d078   0x00000030   Data   RO          290    .constdata          leds_1.o
    0x0801d0a8   0x0801d0a8   0x00000960   Data   RO          317    .constdata          lcd_1.o
    0x0801da08   0x0801da08   0x00000024   Data   RO          600    .constdata          rtx_lib.o
    0x0801da2c   0x0801da2c   0x00000024   Data   RO          601    .constdata          rtx_lib.o
    0x0801da50   0x0801da50   0x00000018   Data   RO          602    .constdata          rtx_lib.o
    0x0801da68   0x0801da68   0x00000004   Data   RO          604    .constdata          rtx_lib.o
    0x0801da6c   0x0801da6c   0x00000004   Data   RO          945    .constdata          phy_lan8742a.o
    0x0801da70   0x0801da70   0x00000020   Data   RO          946    .constdata          phy_lan8742a.o
    0x0801da90   0x0801da90   0x00000050   Data   RO          973    .constdata          emac_stm32f4xx.o
    0x0801dae0   0x0801dae0   0x00000044   Data   RO          974    .constdata          emac_stm32f4xx.o
    0x0801db24   0x0801db24   0x00000034   Data   RO         1016    .constdata          spi_stm32f4xx.o
    0x0801db58   0x0801db58   0x00000010   Data   RO         1017    .constdata          spi_stm32f4xx.o
    0x0801db68   0x0801db68   0x00000010   Data   RO         1018    .constdata          spi_stm32f4xx.o
    0x0801db78   0x0801db78   0x0000002c   Data   RO         1019    .constdata          spi_stm32f4xx.o
    0x0801dba4   0x0801dba4   0x00000018   Data   RO         1055    .constdata          eventrecorder.o
    0x0801dbbc   0x0801dbbc   0x00000008   Data   RO         1220    .constdata          stm32f4xx_hal_dma.o
    0x0801dbc4   0x0801dbc4   0x00000010   Data   RO         1516    .constdata          system_stm32f4xx.o
    0x0801dbd4   0x0801dbd4   0x00000008   Data   RO         1517    .constdata          system_stm32f4xx.o
    0x0801dbdc   0x0801dbdc   0x000000a8   Data   RO         1560    .constdata          net_config.o
    0x0801dc84   0x0801dc84   0x0000001c   Data   RO         1561    .constdata          net_config.o
    0x0801dca0   0x0801dca0   0x00000014   Data   RO         1562    .constdata          net_config.o
    0x0801dcb4   0x0801dcb4   0x0000000c   Data   RO         1563    .constdata          net_config.o
    0x0801dcc0   0x0801dcc0   0x00000028   Data   RO         1564    .constdata          net_config.o
    0x0801dce8   0x0801dce8   0x0000002c   Data   RO         1565    .constdata          net_config.o
    0x0801dd14   0x0801dd14   0x00000008   Data   RO         1566    .constdata          net_config.o
    0x0801dd1c   0x0801dd1c   0x00000008   Data   RO         1567    .constdata          net_config.o
    0x0801dd24   0x0801dd24   0x00000008   Data   RO         1568    .constdata          net_config.o
    0x0801dd2c   0x0801dd2c   0x00000008   Data   RO         1569    .constdata          net_config.o
    0x0801dd34   0x0801dd34   0x00000008   Data   RO         1570    .constdata          net_config.o
    0x0801dd3c   0x0801dd3c   0x00000008   Data   RO         1571    .constdata          net_config.o
    0x0801dd44   0x0801dd44   0x00000008   Data   RO         1572    .constdata          net_config.o
    0x0801dd4c   0x0801dd4c   0x00000004   Data   RO         1574    .constdata          net_config.o
    0x0801dd50   0x0801dd50   0x00000008   Data   RO         1575    .constdata          net_config.o
    0x0801dd58   0x0801dd58   0x0000000c   Data   RO         1576    .constdata          net_config.o
    0x0801dd64   0x0801dd64   0x00000018   Data   RO         1577    .constdata          net_config.o
    0x0801dd7c   0x0801dd7c   0x00000034   Data   RO         1578    .constdata          net_config.o
    0x0801ddb0   0x0801ddb0   0x00000028   Data   RO         1579    .constdata          net_config.o
    0x0801ddd8   0x0801ddd8   0x00000020   Data   RO         1580    .constdata          net_config.o
    0x0801ddf8   0x0801ddf8   0x00000010   Data   RO         1582    .constdata          net_config.o
    0x0801de08   0x0801de08   0x00000010   Data   RO         1583    .constdata          net_config.o
    0x0801de18   0x0801de18   0x0000002c   Data   RO         1788    .constdata          Net_Dbg_CM3_L.lib(net_loopback.o)
    0x0801de44   0x0801de44   0x0000000c   Data   RO         1789    .constdata          Net_Dbg_CM3_L.lib(net_loopback.o)
    0x0801de50   0x0801de50   0x00000008   Data   RO         2026    .constdata          Net_Dbg_CM3_L.lib(net_nbns_client.o)
    0x0801de58   0x0801de58   0x000000fa   Data   RO         2095    .constdata          Net_Dbg_CM3_L.lib(net_http_server.o)
    0x0801df52   0x0801df52   0x00000012   Data   RO         2167    .constdata          Net_Dbg_CM3_L.lib(net_ping_core.o)
    0x0801df64   0x0801df64   0x00000010   Data   RO         2260    .constdata          Net_Dbg_CM3_L.lib(net_addr.o)
    0x0801df74   0x0801df74   0x00000006   Data   RO         2261    .constdata          Net_Dbg_CM3_L.lib(net_addr.o)
    0x0801df7a   0x0801df7a   0x00000004   Data   RO         2383    .constdata          Net_Dbg_CM3_L.lib(net_ip4.o)
    0x0801df7e   0x0801df7e   0x00000020   Data   RO         2418    .constdata          Net_Dbg_CM3_L.lib(net_ip6.o)
    0x0801df9e   0x0801df9e   0x00000002   PAD
    0x0801dfa0   0x0801dfa0   0x00000018   Data   RO         2458    .constdata          Net_Dbg_CM3_L.lib(net_http_server_err.o)
    0x0801dfb8   0x0801dfb8   0x00000010   Data   RO         2512    .constdata          Net_Dbg_CM3_L.lib(net_common.o)
    0x0801dfc8   0x0801dfc8   0x00000004   Data   RO         2542    .constdata          Net_Dbg_CM3_L.lib(net_version.o)
    0x0801dfcc   0x0801dfcc   0x000000da   Data   RO          208    .conststring        http_server_cgi.o
    0x0801e0a6   0x0801e0a6   0x00000002   PAD
    0x0801e0a8   0x0801e0a8   0x00000078   Data   RO         1584    .conststring        net_config.o
    0x0801e120   0x0801e120   0x0000000d   Data   RO         1585    .conststring        net_config.o
    0x0801e12d   0x0801e12d   0x00000003   PAD
    0x0801e130   0x0801e130   0x00000038   Data   RO         1586    .conststring        net_config.o
    0x0801e168   0x0801e168   0x00000001   Data   RO         1587    .conststring        net_config.o
    0x0801e169   0x0801e169   0x00000003   PAD
    0x0801e16c   0x0801e16c   0x00000203   Data   RO         2459    .conststring        Net_Dbg_CM3_L.lib(net_http_server_err.o)
    0x0801e36f   0x0801e36f   0x00000001   PAD
    0x0801e370   0x0801e370   0x0000000b   Data   RO          544    .conststrlit        rtx_kernel.o
    0x0801e37b   0x0801e37b   0x00000001   PAD
    0x0801e37c   0x0801e37c   0x000000a8   Data   RO          605    .rodata             rtx_lib.o
    0x0801e424   0x0801e424   0x00000030   Data   RO         2886    Region$$Table       anon$$obj.o


    Execution Region RW_IRAM2 (Exec base: 0x10000000, Load base: 0x0801e58c, Size: 0x000004a4, Max: 0x00010000, ABSOLUTE)

    Exec Addr    Load Addr    Size         Type   Attr      Idx    E Section Name        Object

    0x10000000        -       0x000004a4   Zero   RW         1054    .bss.noinit         eventrecorder.o


    Execution Region RW_IRAM1 (Exec base: 0x20000000, Load base: 0x0801e454, Size: 0x0000f5d0, Max: 0x00030000, ABSOLUTE, COMPRESSED[0x00000138])

    Exec Addr    Load Addr    Size         Type   Attr      Idx    E Section Name        Object

    0x20000000   COMPRESSED   0x00008000   Data   RW          592    .bss.os             rtx_lib.o
    0x20008000   COMPRESSED   0x00000040   Data   RW          593    .bss.os             rtx_lib.o
    0x20008040   COMPRESSED   0x00000001   Data   RW          897    .bss.os             os_systick.o
    0x20008041   COMPRESSED   0x00000003   PAD
    0x20008044   COMPRESSED   0x00000034   Data   RW          594    .bss.os.msgqueue.cb  rtx_lib.o
    0x20008078   COMPRESSED   0x00000050   Data   RW          595    .bss.os.msgqueue.mem  rtx_lib.o
    0x200080c8   COMPRESSED   0x0000001c   Data   RW         1554    .bss.os.mutex.cb    net_config.o
    0x200080e4   COMPRESSED   0x0000001c   Data   RW         1555    .bss.os.mutex.cb    net_config.o
    0x20008100   COMPRESSED   0x00000010   Data   RW         1556    .bss.os.semaphore.cb  net_config.o
    0x20008110   COMPRESSED   0x00000044   Data   RW          596    .bss.os.thread.cb   rtx_lib.o
    0x20008154   COMPRESSED   0x00000044   Data   RW          597    .bss.os.thread.cb   rtx_lib.o
    0x20008198   COMPRESSED   0x00000044   Data   RW         1557    .bss.os.thread.cb   net_config.o
    0x200081dc   COMPRESSED   0x00000044   Data   RW         1558    .bss.os.thread.cb   net_config.o
    0x20008220   COMPRESSED   0x00000200   Data   RW          598    .bss.os.thread.idle.stack  rtx_lib.o
    0x20008420   COMPRESSED   0x00000200   Data   RW          599    .bss.os.thread.timer.stack  rtx_lib.o
    0x20008620   COMPRESSED   0x00000020   Data   RW         1559    .bss.os.timer.cb    net_config.o
    0x20008640   COMPRESSED   0x00000004   Data   RW            5    .data               main.o
    0x20008644   COMPRESSED   0x00000036   Data   RW          151    .data               http_server.o
    0x2000867a   COMPRESSED   0x00000002   PAD
    0x2000867c   COMPRESSED   0x0000000c   Data   RW          209    .data               http_server_cgi.o
    0x20008688   COMPRESSED   0x00000020   Data   RW          318    .data               lcd_1.o
    0x200086a8   COMPRESSED   0x0000000c   Data   RW         1114    .data               stm32f4xx_hal.o
    0x200086b4   COMPRESSED   0x00000004   Data   RW         1518    .data               system_stm32f4xx.o
    0x200086b8   COMPRESSED   0x00000004   Data   RW         1588    .data               net_config.o
    0x200086bc   COMPRESSED   0x00000006   Data   RW         1589    .data               net_config.o
    0x200086c2   COMPRESSED   0x00000004   Data   RW         1590    .data               net_config.o
    0x200086c6   COMPRESSED   0x00000002   PAD
    0x200086c8   COMPRESSED   0x00000004   Data   RW         1790    .data               Net_Dbg_CM3_L.lib(net_loopback.o)
    0x200086cc   COMPRESSED   0x00000004   Data   RW         1808    .data               Net_Dbg_CM3_L.lib(net_ip4_frag.o)
    0x200086d0   COMPRESSED   0x00000001   Data   RW         1826    .data               Net_Dbg_CM3_L.lib(net_icmp.o)
    0x200086d1   COMPRESSED   0x00000001   PAD
    0x200086d2   COMPRESSED   0x00000002   Data   RW         1868    .data               Net_Dbg_CM3_L.lib(net_udp.o)
    0x200086d4   COMPRESSED   0x00000004   Data   RW         1959    .data               Net_Dbg_CM3_L.lib(net_tcp.o)
    0x200086d8   COMPRESSED   0x00000001   Data   RW         2027    .data               Net_Dbg_CM3_L.lib(net_nbns_client.o)
    0x200086d9   COMPRESSED   0x00000003   PAD
    0x200086dc   COMPRESSED   0x0000000c   Data   RW         2096    .data               Net_Dbg_CM3_L.lib(net_http_server.o)
    0x200086e8   COMPRESSED   0x00000008   Data   RW         2384    .data               Net_Dbg_CM3_L.lib(net_ip4.o)
    0x200086f0   COMPRESSED   0x00000004   Data   RW         2420    .data               Net_Dbg_CM3_L.lib(net_ip6.o)
    0x200086f4   COMPRESSED   0x000000a4   Data   RW          545    .data.os            rtx_kernel.o
    0x20008798        -       0x00000018   Zero   RW          148    .bss                http_server.o
    0x200087b0        -       0x00000400   Zero   RW          149    .bss                http_server.o
    0x20008bb0        -       0x00000038   Zero   RW          207    .bss                http_server_cgi.o
    0x20008be8        -       0x00000280   Zero   RW          316    .bss                lcd_1.o
    0x20008e68        -       0x00000048   Zero   RW          362    .bss                adc.o
    0x20008eb0        -       0x0000000c   Zero   RW          944    .bss                phy_lan8742a.o
    0x20008ebc        -       0x000024cc   Zero   RW          972    .bss                emac_stm32f4xx.o
    0x2000b388        -       0x00000010   Zero   RW         1014    .bss                spi_stm32f4xx.o
    0x2000b398        -       0x0000001c   Zero   RW         1015    .bss                spi_stm32f4xx.o
    0x2000b3b4   COMPRESSED   0x00000004   PAD
    0x2000b3b8        -       0x00000400   Zero   RW         1545    .bss                net_config.o
    0x2000b7b8        -       0x00000400   Zero   RW         1546    .bss                net_config.o
    0x2000bbb8        -       0x00002ee0   Zero   RW         1547    .bss                net_config.o
    0x2000ea98        -       0x000000c8   Zero   RW         1548    .bss                net_config.o
    0x2000eb60        -       0x00000018   Zero   RW         1549    .bss                net_config.o
    0x2000eb78        -       0x00000028   Zero   RW         1550    .bss                net_config.o
    0x2000eba0        -       0x00000050   Zero   RW         1551    .bss                net_config.o
    0x2000ebf0        -       0x00000228   Zero   RW         1552    .bss                net_config.o
    0x2000ee18        -       0x00000150   Zero   RW         1553    .bss                net_config.o
    0x2000ef68        -       0x000000a0   Zero   RW         1685    .bss                Net_Dbg_CM3_L.lib(net_eth.o)
    0x2000f008        -       0x00000018   Zero   RW         1745    .bss                Net_Dbg_CM3_L.lib(net_arp.o)
    0x2000f020        -       0x0000001c   Zero   RW         1867    .bss                Net_Dbg_CM3_L.lib(net_udp.o)
    0x2000f03c        -       0x00000098   Zero   RW         2094    .bss                Net_Dbg_CM3_L.lib(net_http_server.o)
    0x2000f0d4        -       0x0000002c   Zero   RW         2166    .bss                Net_Dbg_CM3_L.lib(net_ping_core.o)
    0x2000f100        -       0x00000038   Zero   RW         2201    .bss                Net_Dbg_CM3_L.lib(net_sys.o)
    0x2000f138        -       0x00000024   Zero   RW         2202    .bss                Net_Dbg_CM3_L.lib(net_sys.o)
    0x2000f15c        -       0x0000005c   Zero   RW         2259    .bss                Net_Dbg_CM3_L.lib(net_addr.o)
    0x2000f1b8        -       0x00000014   Zero   RW         2474    .bss                Net_Dbg_CM3_L.lib(net_mem.o)
    0x2000f1cc   COMPRESSED   0x00000004   PAD
    0x2000f1d0        -       0x00000400   Zero   RW         1505    STACK               startup_stm32f429xx.o


==============================================================================

Image component sizes


      Code (inc. data)   RO Data    RW Data    ZI Data      Debug   Object Name

       204         20          0          0         72       1813   adc.o
      2536        156        148          0       9420      47698   emac_stm32f4xx.o
      1452         40         24          0       1188      17544   eventrecorder.o
       268         40         36         54       1048      11964   http_server.o
      1924        344        218         12         56       8085   http_server_cgi.o
       148          8          0          0          0        704   irq_armv7m.o
      1184         62       2400         32        640      10363   lcd_1.o
       236         10         48          0          0       2605   leds_1.o
       276         28          0          4          0     770375   main.o
       376         24        762        254      15280      32906   net_config.o
       338          0          0          0          0        918   net_debug.o
       196         12          0          1          0       1992   os_systick.o
       428         10         36          0         12       6978   phy_lan8742a.o
         4          0          0          0          0        663   rtx_config.o
       260         14          0          0          0      17946   rtx_delay.o
      2392         88          0          0          0      45221   rtx_evr.o
      1740         96         11        164          0      28096   rtx_kernel.o
        24          0        268      34124          0       9887   rtx_lib.o
       292          0          0          0          0       3859   rtx_memory.o
      1984         48          0          0          0      15320   rtx_mempool.o
      2820         58          0          0          0      23848   rtx_msgqueue.o
      1368         30          0          0          0      10194   rtx_mutex.o
      1432         34          0          0          0      12048   rtx_semaphore.o
       668         18          0          0          0       8633   rtx_system.o
      4892        124          0          0          0      33785   rtx_thread.o
      1152         34          0          0          0      10297   rtx_timer.o
      3164         98        128          0         44      44975   spi_stm32f4xx.o
        36          8        428          0       1024        900   startup_stm32f429xx.o
       456         38          0         12          0      11479   stm32f4xx_hal.o
      2744         92          0          0          0       8863   stm32f4xx_hal_adc.o
      1828         42          0          0          0       6570   stm32f4xx_hal_adc_ex.o
       664         10          0          0          0      36174   stm32f4xx_hal_cortex.o
      1816         28          8          0          0       7677   stm32f4xx_hal_dma.o
       868         54          0          0          0       4031   stm32f4xx_hal_gpio.o
      1888         66          0          0          0       6183   stm32f4xx_hal_rcc.o
      9170        166          0          0          0      37680   stm32f4xx_hal_tim.o
      2992         62          0          0          0      13696   stm32f4xx_hal_tim_ex.o
       148         20         24          4          0       1989   system_stm32f4xx.o
       120         10      26719          0          0       1928   web.o

    ----------------------------------------------------------------------
     54490       1992      31316      34668      28788    1315887   Object Totals
         0          0         48          0          0          0   (incl. Generated)
         2          0         10          7          4          0   (incl. Padding)

    ----------------------------------------------------------------------

      Code (inc. data)   RO Data    RW Data    ZI Data      Debug   Library Member Name

      1414         18         22          0         92       1556   net_addr.o
      2874        144          0          0         24       1548   net_arp.o
       600         10         16          0          0       1272   net_common.o
      3664        138          0          0        160       1600   net_eth.o
      6834       1268        250         12        152       2852   net_http_server.o
         0          0        539          0          0          0   net_http_server_err.o
       640         48          0          1          0        236   net_icmp.o
       812         60          0          0          0        332   net_icmp6.o
      1188         82          4          8          0        956   net_ip4.o
       690         30          0          4          0        476   net_ip4_frag.o
       848         72         32          4          0        644   net_ip6.o
       348         28         56          4          0        256   net_loopback.o
       592         64          0          0         20        564   net_mem.o
       520         44          8          1          0        188   net_nbns_client.o
      3058        106          0          0          0       1404   net_ndp.o
       188         32         18          0         44        220   net_ping_core.o
       834         84          0          0         92       1012   net_sys.o
      6566        282          0          4          0       2728   net_tcp.o
      1310         70          0          2         28        620   net_udp.o
         0          0          4          0          0          0   net_version.o
        86          0          0          0          0          0   __dczerorl2.o
         0          0          0          0          0          0   entry.o
         0          0          0          0          0          0   entry10a.o
         0          0          0          0          0          0   entry11a.o
         4          0          0          0          0          0   entry12b.o
         8          4          0          0          0          0   entry2.o
         4          0          0          0          0          0   entry5.o
         0          0          0          0          0          0   entry7b.o
         0          0          0          0          0          0   entry8b.o
         8          4          0          0          0          0   entry9a.o
        30          0          0          0          0          0   handlers.o
        36          8          0          0          0         68   init.o
         0          0          0          0          0          0   iusefp.o
        30          0          0          0          0         68   llshl.o
        36          0          0          0          0         68   llsshr.o
        32          0          0          0          0         68   llushr.o
        26          0          0          0          0         80   memcmp.o
        36          0          0          0          0         68   memcpya.o
        36          0          0          0          0        108   memseta.o
      2236         86          0          0          0        532   printfa.o
        28          0          0          0          0         76   strcmp.o
        18          0          0          0          0         68   strcpy.o
        14          0          0          0          0         68   strlen.o
        30          0          0          0          0         80   strncmp.o
        44          0          0          0          0         80   uidiv.o
        98          0          0          0          0         92   uldiv.o
        48          0          0          0          0         68   cdrcmple.o
       334          0          0          0          0        148   dadd.o
       222          0          0          0          0        100   ddiv.o
       186          0          0          0          0        176   depilogue.o
        48          0          0          0          0         68   dfixul.o
       228          0          0          0          0         96   dmul.o
        46          0          0          0          0         80   dscalb.o
        38          0          0          0          0         68   f2d.o
       110          0          0          0          0        168   fepilogue.o
        10          0          0          0          0         68   ffltui.o
       100          0          0          0          0         76   fmul.o

    ----------------------------------------------------------------------
     37230       2682        952         44        616      21104   Library Totals
        40          0          3          4          4          0   (incl. Padding)

    ----------------------------------------------------------------------

      Code (inc. data)   RO Data    RW Data    ZI Data      Debug   Library Name

     32980       2580        949         40        612      18464   Net_Dbg_CM3_L.lib
      2840        102          0          0          0       1524   mc_w.l
      1370          0          0          0          0       1116   mf_w.l

    ----------------------------------------------------------------------
     37230       2682        952         44        616      21104   Library Totals

    ----------------------------------------------------------------------

==============================================================================


      Code (inc. data)   RO Data    RW Data    ZI Data      Debug   

     91720       4674      32268      34712      29404    1320375   Grand Totals
     91720       4674      32268        312      29404    1320375   ELF Image Totals (compressed)
     91720       4674      32268        312          0          0   ROM Totals

==============================================================================

    Total RO  Size (Code + RO Data)               123988 ( 121.08kB)
    Total RW  Size (RW Data + ZI Data)             64116 (  62.61kB)
    Total ROM Size (Code + RO Data + RW Data)     124300 ( 121.39kB)

==============================================================================

