Component: ARM Compiler 5.06 update 7 (build 960) Tool: armlink [4d3601]

==============================================================================

Section Cross References

    main.o(.text) refers to rtx_kernel.o(.text) for osKernelGetState
    main.o(.text) refers to stm32f4xx_hal_rcc.o(.text) for HAL_RCC_OscConfig
    main.o(.text) refers to stm32f4xx_hal.o(.text) for HAL_GetREVID
    main.o(.text) refers to system_stm32f4xx.o(.text) for SystemCoreClockUpdate
    main.o(.text) refers to rtc.o(.text) for Init_Th_RTC
    main.o(.text) refers to rtx_thread.o(.text) for osThreadNew
    main.o(.text) refers to system_stm32f4xx.o(.data) for SystemCoreClock
    main.o(.text) refers to main.o(.data) for .data
    main.o(.text) refers to http_server.o(.constdata) for app_main_attr
    main.o(.text) refers to http_server.o(.text) for app_main
    http_server.o(.text) refers to adc.o(.text) for ADC_StartConversion
    http_server.o(.text) refers to rtx_thread.o(.text) for osThreadFlagsSet
    http_server.o(.text) refers to lcd.o(.text) for LCD_Reset
    http_server.o(.text) refers to printfa.o(i.__0sprintf) for __2sprintf
    http_server.o(.text) refers to led.o(.text) for LED_SetOut_nucleo
    http_server.o(.text) refers to rtx_delay.o(.text) for osDelay
    http_server.o(.text) refers to net_sys.o(i.netInitialize) for netInitialize
    http_server.o(.text) refers to http_server.o(.data) for .data
    http_server.o(.text) refers to http_server.o(.bss) for .bss
    http_server.o(.constdata) refers to http_server.o(.bss) for app_main_stk
    http_server_cgi.o(.text) refers to net_http_server.o(i.netCGI_GetEnvVar) for netCGI_GetEnvVar
    http_server_cgi.o(.text) refers to net_addr.o(i.netIP_aton) for netIP_aton
    http_server_cgi.o(.text) refers to net_sys.o(i.netIF_SetOption) for netIF_SetOption
    http_server_cgi.o(.text) refers to strcmp.o(.text) for strcmp
    http_server_cgi.o(.text) refers to strncmp.o(.text) for strncmp
    http_server_cgi.o(.text) refers to net_http_server.o(i.netHTTPs_LoginActive) for netHTTPs_LoginActive
    http_server_cgi.o(.text) refers to strcpy.o(.text) for strcpy
    http_server_cgi.o(.text) refers to net_http_server.o(i.netHTTPs_SetPassword) for netHTTPs_SetPassword
    http_server_cgi.o(.text) refers to rtx_thread.o(.text) for osThreadFlagsSet
    http_server_cgi.o(.text) refers to led.o(.text) for LED_SetOut_nucleo
    http_server_cgi.o(.text) refers to net_sys.o(i.netIF_GetOption) for netIF_GetOption
    http_server_cgi.o(.text) refers to net_addr.o(i.netIP_ntoa) for netIP_ntoa
    http_server_cgi.o(.text) refers to printfa.o(i.__0sprintf) for __2sprintf
    http_server_cgi.o(.text) refers to net_tcp.o(i.netTCP_GetState) for netTCP_GetState
    http_server_cgi.o(.text) refers to net_tcp.o(i.netTCP_GetPeer) for netTCP_GetPeer
    http_server_cgi.o(.text) refers to net_tcp.o(i.netTCP_GetTimer) for netTCP_GetTimer
    http_server_cgi.o(.text) refers to net_tcp.o(i.netTCP_GetLocalPort) for netTCP_GetLocalPort
    http_server_cgi.o(.text) refers to net_http_server.o(i.netHTTPs_GetPassword) for netHTTPs_GetPassword
    http_server_cgi.o(.text) refers to net_http_server.o(i.netHTTPs_GetLanguage) for netHTTPs_GetLanguage
    http_server_cgi.o(.text) refers to http_server_cgi.o(.bss) for .bss
    http_server_cgi.o(.text) refers to http_server_cgi.o(.data) for .data
    http_server_cgi.o(.text) refers to http_server.o(.data) for LEDrun
    http_server_cgi.o(.text) refers to http_server_cgi.o(.conststring) for .conststring
    http_server_cgi.o(.text) refers to http_server.o(.text) for AD_in
    http_server_cgi.o(.text) refers to ffltui.o(.text) for __aeabi_ui2f
    http_server_cgi.o(.text) refers to fmul.o(.text) for __aeabi_fmul
    http_server_cgi.o(.text) refers to f2d.o(.text) for __aeabi_f2d
    http_server_cgi.o(.text) refers to dscalb.o(.text) for __ARM_scalbn
    http_server_cgi.o(.text) refers to lcd.o(.text) for dataToBuffer
    http_server_cgi.o(.text) refers to rtc.o(.data) for sec
    web.o(.text) refers to web.o(.constdata) for .constdata
    web.o(.constdata) refers to web.o(.constdata) for imageFileData
    led.o(.text) refers to stm32f4xx_hal_gpio.o(.text) for HAL_GPIO_Init
    led.o(.text) refers to led.o(.constdata) for .constdata
    lcd.o(.text) refers to stm32f4xx_hal_tim.o(.text) for HAL_TIM_Base_Init
    lcd.o(.text) refers to stm32f4xx_hal_gpio.o(.text) for HAL_GPIO_Init
    lcd.o(.text) refers to strlen.o(.text) for strlen
    lcd.o(.text) refers to lcd.o(.bss) for .bss
    lcd.o(.text) refers to lcd.o(.data) for .data
    lcd.o(.text) refers to lcd.o(.constdata) for .constdata
    lcd.o(.data) refers to spi_stm32f4xx.o(.constdata) for Driver_SPI1
    adc.o(.text) refers to memcpya.o(.text) for __aeabi_memcpy4
    adc.o(.text) refers to stm32f4xx_hal_gpio.o(.text) for HAL_GPIO_Init
    adc.o(.text) refers to stm32f4xx_hal_adc.o(.text) for HAL_ADC_Init
    adc.o(.text) refers to adc.o(.constdata) for .constdata
[...]
    __scatterload_null                       0x0801009b   Thumb Code     2  handlers.o(i.__scatterload_null)
    __scatterload_zeroinit                   0x0801009d   Thumb Code    14  handlers.o(i.__scatterload_zeroinit)
    netCGI_Charset                           0x080136a9   Thumb Code     4  net_http_server.o(i.netCGI_Charset)
    netCGI_ContentType                       0x080136ad   Thumb Code     4  net_http_server.o(i.netCGI_ContentType)
    netCGI_CustomHeader                      0x080136b1   Thumb Code     4  net_http_server.o(i.netCGI_CustomHeader)
    netCGI_GetEnvVar                         0x080136b5   Thumb Code   104  net_http_server.o(i.netCGI_GetEnvVar)
    netCGI_Redirect                          0x08013721   Thumb Code     4  net_http_server.o(i.netCGI_Redirect)
    netCGX_ContentType                       0x08013725   Thumb Code     4  net_http_server.o(i.netCGX_ContentType)
    netCore_Thread                           0x08013729   Thumb Code    90  net_sys.o(i.netCore_Thread)
    netETH_Notify                            0x0801378d   Thumb Code     2  net_eth.o(i.netETH_Notify)
    netETH_ReceiveRaw                        0x0801378f   Thumb Code     2  net_eth.o(i.netETH_ReceiveRaw)
    netETH_Thread                            0x08013791   Thumb Code   114  net_eth.o(i.netETH_Thread)
    netHTTPs_AcceptClient                    0x08013803   Thumb Code     4  net_http_server.o(i.netHTTPs_AcceptClient)
    netHTTPs_CheckAccount                    0x08013807   Thumb Code     4  net_http_server_auth.o(i.netHTTPs_CheckAccount)
    netHTTPs_FileAccess                      0x0801380b   Thumb Code     4  net_http_server.o(i.netHTTPs_FileAccess)
    netHTTPs_GetLanguage                     0x08013811   Thumb Code    24  net_http_server.o(i.netHTTPs_GetLanguage)
    netHTTPs_GetPassword                     0x08013831   Thumb Code     6  net_http_server.o(i.netHTTPs_GetPassword)
    netHTTPs_LoginActive                     0x0801383d   Thumb Code     6  net_http_server.o(i.netHTTPs_LoginActive)
    netHTTPs_SetPassword                     0x08013849   Thumb Code    78  net_http_server.o(i.netHTTPs_SetPassword)
    netIF_GetOption                          0x080138a1   Thumb Code   128  net_sys.o(i.netIF_GetOption)
    netIF_SetOption                          0x08013929   Thumb Code   124  net_sys.o(i.netIF_SetOption)
    netIP_aton                               0x080139ad   Thumb Code    26  net_addr.o(i.netIP_aton)
    netIP_ntoa                               0x080139c7   Thumb Code    50  net_addr.o(i.netIP_ntoa)
    netInitialize                            0x080139f9   Thumb Code   156  net_sys.o(i.netInitialize)
    netMAC_aton                              0x08013aa5   Thumb Code   140  net_addr.o(i.netMAC_aton)
    netSNTPc_GetTime                         0x08013b31   Thumb Code    28  net_sntp_client_core.o(i.netSNTPc_GetTime)
    netTCP_GetLocalPort                      0x08013b4d   Thumb Code     4  net_tcp.o(i.netTCP_GetLocalPort)
    netTCP_GetPeer                           0x08013b51   Thumb Code    32  net_tcp.o(i.netTCP_GetPeer)
    netTCP_GetState                          0x08013b71   Thumb Code     4  net_tcp.o(i.netTCP_GetState)
    netTCP_GetTimer                          0x08013b75   Thumb Code     4  net_tcp.o(i.netTCP_GetTimer)
    net_addr4_aton                           0x08013b79   Thumb Code   124  net_addr.o(i.net_addr4_aton)
    net_addr4_to_mac                         0x08013bf5   Thumb Code    30  net_addr.o(i.net_addr4_to_mac)
    net_addr6_aton                           0x08013c15   Thumb Code   230  net_addr.o(i.net_addr6_aton)
    net_addr6_comp                           0x08013cfb   Thumb Code    40  net_addr.o(i.net_addr6_comp)
    net_addr6_copy                           0x08013d23   Thumb Code    18  net_addr.o(i.net_addr6_copy)
    net_addr6_create                         0x08013d35   Thumb Code    70  net_addr.o(i.net_addr6_create)
    net_addr6_get_solicited                  0x08013d81   Thumb Code    34  net_addr.o(i.net_addr6_get_solicited)
    net_addr6_is_linklocal                   0x08013da9   Thumb Code    24  net_addr.o(i.net_addr6_is_linklocal)
    net_addr6_is_onlink                      0x08013dc1   Thumb Code   110  net_addr.o(i.net_addr6_is_onlink)
    net_addr6_is_solicited                   0x08013e2f   Thumb Code    72  net_addr.o(i.net_addr6_is_solicited)
    net_addr6_is_unspec                      0x08013e77   Thumb Code    24  net_addr.o(i.net_addr6_is_unspec)
    net_addr6_to_mac                         0x08013e8f   Thumb Code    14  net_addr.o(i.net_addr6_to_mac)
    net_addr_comp                            0x08013e9d   Thumb Code    44  net_addr.o(i.net_addr_comp)
    net_addr_copy                            0x08013ec9   Thumb Code    38  net_addr.o(i.net_addr_copy)
    net_addr_find_route                      0x08013eef   Thumb Code    26  net_addr.o(i.net_addr_find_route)
    net_addr_get_local                       0x08013f09   Thumb Code    26  net_addr.o(i.net_addr_get_local)
    net_addr_is_unspec                       0x08013f29   Thumb Code    34  net_addr.o(i.net_addr_is_unspec)
    net_arp_cache_add                        0x08013f4d   Thumb Code   276  net_arp.o(i.net_arp_cache_add)
    net_arp_cache_early                      0x08014069   Thumb Code   180  net_arp.o(i.net_arp_cache_early)
    net_arp_cache_find                       0x08014125   Thumb Code   224  net_arp.o(i.net_arp_cache_find)
    net_arp_cache_init                       0x08014211   Thumb Code    64  net_arp.o(i.net_arp_cache_init)
    net_arp_cache_run                        0x08014259   Thumb Code    22  net_arp.o(i.net_arp_cache_run)
    net_arp_enqueue                          0x08014275   Thumb Code   114  net_arp.o(i.net_arp_enqueue)
    net_arp_notify                           0x080142ed   Thumb Code    32  net_arp.o(i.net_arp_notify)
    net_arp_process                          0x0801430d   Thumb Code   536  net_arp.o(i.net_arp_process)
    net_atoi                                 0x08014531   Thumb Code    66  net_common.o(i.net_atoi)
    net_base64_decode                        0x08014575   Thumb Code   114  net_base64.o(i.net_base64_decode)
    net_chksum_buf                           0x080145ed   Thumb Code    48  net_common.o(i.net_chksum_buf)
    net_crc_buf                              0x0801461d   Thumb Code    30  net_common.o(i.net_crc_buf)
    net_eth_callback                         0x0801463b   Thumb Code    14  net_eth.o(i.net_eth_callback)
    net_eth_config_mcast                     0x08014649   Thumb Code   104  net_eth.o(i.net_eth_config_mcast)
    net_eth_get_option                       0x080146b1   Thumb Code   234  net_eth.o(i.net_eth_get_option)
    net_eth_iface_init                       0x0801479d   Thumb Code    22  net_eth.o(i.net_eth_iface_init)
    net_eth_iface_run                        0x080147b9   Thumb Code    22  net_eth.o(i.net_eth_iface_run)
    net_eth_output                           0x080147d5   Thumb Code   164  net_eth.o(i.net_eth_output)
    net_eth_send_frame                       0x0801487d   Thumb Code   462  net_eth.o(i.net_eth_send_frame)
    net_eth_set_option                       0x08014a5d   Thumb Code   610  net_eth.o(i.net_eth_set_option)
    net_http_server_init                     0x08014ccd   Thumb Code   212  net_http_server.o(i.net_http_server_init)
    net_http_server_run                      0x08014db5   Thumb Code    30  net_http_server.o(i.net_http_server_run)
    net_icmp6_init                           0x08014ddd   Thumb Code    20  net_icmp6.o(i.net_icmp6_init)
    net_icmp6_process                        0x08014df5   Thumb Code   542  net_icmp6.o(i.net_icmp6_process)
    net_icmp6_send                           0x0801502d   Thumb Code   122  net_icmp6.o(i.net_icmp6_send)
    net_icmp6_send_echo                      0x080150b1   Thumb Code    78  net_icmp6.o(i.net_icmp6_send_echo)
    net_icmp_init                            0x08015109   Thumb Code    20  net_icmp.o(i.net_icmp_init)
    net_icmp_process                         0x08015121   Thumb Code   430  net_icmp.o(i.net_icmp_process)
    net_icmp_send_echo                       0x080152e9   Thumb Code   142  net_icmp.o(i.net_icmp_send_echo)
    net_if_map_all                           0x08015389   Thumb Code     6  net_sys.o(i.net_if_map_all)
    net_ip4_chk_frame                        0x08015395   Thumb Code   372  net_ip4.o(i.net_ip4_chk_frame)
    net_ip4_chksum                           0x08015521   Thumb Code    44  net_ip4.o(i.net_ip4_chksum)
    net_ip4_chksum_buf                       0x0801554d   Thumb Code     6  net_ip4.o(i.net_ip4_chksum_buf)
    net_ip4_find_route                       0x08015555   Thumb Code   104  net_ip4.o(i.net_ip4_find_route)
    net_ip4_frag_add                         0x080155d5   Thumb Code   284  net_ip4_frag.o(i.net_ip4_frag_add)
    net_ip4_frag_get                         0x080156f9   Thumb Code   168  net_ip4_frag.o(i.net_ip4_frag_get)
    net_ip4_frag_init                        0x080157a5   Thumb Code    12  net_ip4_frag.o(i.net_ip4_frag_init)
    net_ip4_frag_run                         0x080157b5   Thumb Code    50  net_ip4_frag.o(i.net_ip4_frag_run)
    net_ip4_get_local                        0x080157f1   Thumb Code    40  net_ip4.o(i.net_ip4_get_local)
    net_ip4_init                             0x0801581d   Thumb Code    22  net_ip4.o(i.net_ip4_init)
    net_ip4_is_onlink                        0x08015841   Thumb Code    32  net_ip4.o(i.net_ip4_is_onlink)
    net_ip4_is_subcast                       0x08015861   Thumb Code    38  net_ip4.o(i.net_ip4_is_subcast)
    net_ip4_reass_frame                      0x08015887   Thumb Code    14  net_ip4.o(i.net_ip4_reass_frame)
    net_ip4_send_frame                       0x08015895   Thumb Code   340  net_ip4.o(i.net_ip4_send_frame)
    net_ip4_tx_offl_hl                       0x080159f9   Thumb Code    42  net_ip4.o(i.net_ip4_tx_offl_hl)
    net_ip6_chk_frame                        0x08015a25   Thumb Code   236  net_ip6.o(i.net_ip6_chk_frame)
    net_ip6_chksum                           0x08015b25   Thumb Code    50  net_ip6.o(i.net_ip6_chksum)
    net_ip6_collect_mcast                    0x08015b59   Thumb Code   118  net_ip6.o(i.net_ip6_collect_mcast)
    net_ip6_find_route                       0x08015bd5   Thumb Code    56  net_ip6.o(i.net_ip6_find_route)
    net_ip6_get_local                        0x08015c1d   Thumb Code    74  net_ip6.o(i.net_ip6_get_local)
    net_ip6_init                             0x08015c71   Thumb Code    20  net_ip6.o(i.net_ip6_init)
    net_ip6_send_frame                       0x08015c8d   Thumb Code   192  net_ip6.o(i.net_ip6_send_frame)
    net_ip6_tx_offl_hl                       0x08015d59   Thumb Code    30  net_ip6.o(i.net_ip6_tx_offl_hl)
    net_itoa                                 0x08015d77   Thumb Code     8  net_common.o(i.net_itoa)
    net_itoa_n0                              0x08015d7f   Thumb Code     6  net_common.o(i.net_itoa_n0)
    net_loop_iface_init                      0x08015d85   Thumb Code    40  net_loopback.o(i.net_loop_iface_init)
    net_loop_iface_run                       0x08015db5   Thumb Code   176  net_loopback.o(i.net_loop_iface_run)
    net_loop_send_frame                      0x08015e71   Thumb Code   104  net_loopback.o(i.net_loop_send_frame)
    net_mem_alloc                            0x08015ee1   Thumb Code   178  net_mem.o(i.net_mem_alloc)
    net_mem_avail                            0x08015fa1   Thumb Code    22  net_mem.o(i.net_mem_avail)
    net_mem_free                             0x08015fbd   Thumb Code   152  net_mem.o(i.net_mem_free)
    net_mem_init                             0x08016061   Thumb Code    98  net_mem.o(i.net_mem_init)
    net_mem_shrink                           0x080160d1   Thumb Code    62  net_mem.o(i.net_mem_shrink)
    net_nbns_client_init                     0x08016119   Thumb Code    82  net_nbns_client.o(i.net_nbns_client_init)
    net_ndp_cache_find                       0x0801617d   Thumb Code   438  net_ndp.o(i.net_ndp_cache_find)
    net_ndp_cache_refresh                    0x08016341   Thumb Code   112  net_ndp.o(i.net_ndp_cache_refresh)
    net_ndp_enqueue                          0x080163b9   Thumb Code   108  net_ndp.o(i.net_ndp_enqueue)
    net_ndp_process                          0x08016429   Thumb Code   872  net_ndp.o(i.net_ndp_process)
    net_path                                 0x0801679d   Thumb Code    52  net_sys.o(i.net_path)
    net_ping_client_init                     0x080167d5   Thumb Code    22  net_ping_core.o(i.net_ping_client_init)
    net_ping_client_run                      0x080167f5   Thumb Code   110  net_ping_core.o(i.net_ping_client_run)
    net_rand32                               0x08016875   Thumb Code    18  net_sys.o(i.net_rand32)
    net_sntp_client_init                     0x08016891   Thumb Code    80  net_sntp_client_core.o(i.net_sntp_client_init)
    net_sntp_client_run                      0x080168ed   Thumb Code    76  net_sntp_client_core.o(i.net_sntp_client_run)
    net_sntp_client_start                    0x08016945   Thumb Code   312  net_sntp_client_core.o(i.net_sntp_client_start)
    net_strcasecmp                           0x08016a8d   Thumb Code    46  net_common.o(i.net_strcasecmp)
    net_strchr                               0x08016abb   Thumb Code    22  net_common.o(i.net_strchr)
    net_strcmp                               0x08016ad1   Thumb Code    26  net_common.o(i.net_strcmp)
    net_strcpy                               0x08016aeb   Thumb Code    18  net_common.o(i.net_strcpy)
    net_strnchr                              0x08016afd   Thumb Code    28  net_common.o(i.net_strnchr)
    net_strncpy                              0x08016b19   Thumb Code    26  net_common.o(i.net_strncpy)
    net_strtoupper                           0x08016b33   Thumb Code    32  net_common.o(i.net_strtoupper)
    net_sys_lock                             0x08016b55   Thumb Code     8  net_sys.o(i.net_sys_lock)
    net_sys_resume                           0x08016b61   Thumb Code    22  net_sys.o(i.net_sys_resume)
    net_sys_tick                             0x08016b79   Thumb Code    16  net_sys.o(i.net_sys_tick)
    net_sys_unlock                           0x08016b8d   Thumb Code     8  net_sys.o(i.net_sys_unlock)
    net_sys_wakeup                           0x08016b99   Thumb Code    26  net_sys.o(i.net_sys_wakeup)
    net_tcp_abort                            0x08016bb9   Thumb Code   122  net_tcp.o(i.net_tcp_abort)
    net_tcp_close                            0x08016c3d   Thumb Code   218  net_tcp.o(i.net_tcp_close)
    net_tcp_get_buf                          0x08016d21   Thumb Code    46  net_tcp.o(i.net_tcp_get_buf)
    net_tcp_get_local_port                   0x08016d51   Thumb Code    48  net_tcp.o(i.net_tcp_get_local_port)
    net_tcp_get_mss                          0x08016d85   Thumb Code    34  net_tcp.o(i.net_tcp_get_mss)
    net_tcp_get_peer                         0x08016dad   Thumb Code    80  net_tcp.o(i.net_tcp_get_peer)
    net_tcp_get_socket                       0x08016e01   Thumb Code   104  net_tcp.o(i.net_tcp_get_socket)
    net_tcp_get_state                        0x08016e71   Thumb Code    40  net_tcp.o(i.net_tcp_get_state)
    net_tcp_get_timer                        0x08016e9d   Thumb Code    48  net_tcp.o(i.net_tcp_get_timer)
    net_tcp_listen                           0x08016ed1   Thumb Code   168  net_tcp.o(i.net_tcp_listen)
    net_tcp_process                          0x08016f81   Thumb Code  1956  net_tcp.o(i.net_tcp_process)
    net_tcp_send                             0x08017729   Thumb Code   336  net_tcp.o(i.net_tcp_send)
    net_tcp_set_option                       0x08017885   Thumb Code   288  net_tcp.o(i.net_tcp_set_option)
    net_tcp_socket_init                      0x080179b1   Thumb Code    30  net_tcp.o(i.net_tcp_socket_init)
    net_tcp_socket_run                       0x080179d9   Thumb Code   938  net_tcp.o(i.net_tcp_socket_run)
    net_udp_close                            0x08017d99   Thumb Code    62  net_udp.o(i.net_udp_close)
    net_udp_get_buf                          0x08017de1   Thumb Code    46  net_udp.o(i.net_udp_get_buf)
    net_udp_get_socket                       0x08017e11   Thumb Code   102  net_udp.o(i.net_udp_get_socket)
    net_udp_open                             0x08017e81   Thumb Code   160  net_udp.o(i.net_udp_open)
    net_udp_process                          0x08017f2d   Thumb Code   322  net_udp.o(i.net_udp_process)
    net_udp_send                             0x08018085   Thumb Code    18  net_udp.o(i.net_udp_send)
    net_udp_send_if                          0x08018099   Thumb Code   540  net_udp.o(i.net_udp_send_if)
    net_udp_socket_init                      0x080182c5   Thumb Code    30  net_udp.o(i.net_udp_socket_init)
    net_ultoa                                0x080182e9   Thumb Code     8  net_common.o(i.net_ultoa)
    net_ultox                                0x080182f1   Thumb Code    44  net_common.o(i.net_ultox)
    net_xtoul                                0x08018321   Thumb Code    76  net_common.o(i.net_xtoul)
    app_main_attr                            0x08018fc8   Data          36  http_server.o(.constdata)
    imageLastModified                        0x08018fec   Data           4  web.o(.constdata)
    Arial12x12                               0x0801f450   Data        2400  lcd.o(.constdata)
    osRtxUserSVC                             0x0801fe24   Data           4  rtx_lib.o(.constdata)
    Driver_ETH_PHY0                          0x0801fe2c   Data          32  phy_lan8742a.o(.constdata)
    Driver_ETH_MAC0                          0x0801fe9c   Data          68  emac_stm32f4xx.o(.constdata)
    Driver_SPI1                              0x0801ff34   Data          44  spi_stm32f4xx.o(.constdata)
    EventRecorderInfo                        0x0801ff60   Data          24  eventrecorder.o(.constdata)
    AHBPrescTable                            0x0801ff80   Data          16  system_stm32f4xx.o(.constdata)
    APBPrescTable                            0x0801ff90   Data           8  system_stm32f4xx.o(.constdata)
    net_sys_config                           0x08020040   Data          28  net_config.o(.constdata)
    net_eth0_if_config                       0x080200a4   Data          44  net_config.o(.constdata)
    net_eth_list                             0x080200d0   Data           8  net_config.o(.constdata)
    net_if_list_lan                          0x080200d8   Data           8  net_config.o(.constdata)
    net_if_list_all                          0x080200e0   Data           8  net_config.o(.constdata)
    net_if_inet_def                          0x080200e8   Data           8  net_config.o(.constdata)
    net_if_link_def                          0x080200f0   Data           8  net_config.o(.constdata)
    net_arp_list                             0x080200f8   Data           8  net_config.o(.constdata)
    net_icmp_list                            0x08020100   Data           8  net_config.o(.constdata)
    net_icmp6_list                           0x08020108   Data           4  net_config.o(.constdata)
    net_ip4_frag_config                      0x0802010c   Data           8  net_config.o(.constdata)
    net_udp_config                           0x08020114   Data          12  net_config.o(.constdata)
    net_tcp_config                           0x08020120   Data          24  net_config.o(.constdata)
    net_http_config                          0x08020138   Data          52  net_config.o(.constdata)
    net_sntp_config                          0x0802016c   Data           8  net_config.o(.constdata)
    netif_getopt_func                        0x080201c4   Data          16  net_config.o(.constdata)
    netif_setopt_func                        0x080201d4   Data          16  net_config.o(.constdata)
    net_loop_if_config                       0x080201e4   Data          44  net_loopback.o(.constdata)
    net_http_auth_basic_func                 0x08020320   Data          24  net_http_server_auth.o(.constdata)
    net_ping_payload                         0x08020338   Data          18  net_ping_core.o(.constdata)
    net_addr_unspec                          0x0802034a   Data          16  net_addr.o(.constdata)
    net_addr_bcast                           0x0802035a   Data           6  net_addr.o(.constdata)
    net_addr4_loopback                       0x08020360   Data           4  net_ip4.o(.constdata)
    net_addr6_all_nodes                      0x08020364   Data          16  net_ip6.o(.constdata)
    net_addr6_loopback                       0x08020374   Data          16  net_ip6.o(.constdata)
    net_http_error                           0x08020384   Data          24  net_http_server_err.o(.constdata)
    net_lib_version                          0x0802043c   Data           4  net_version.o(.constdata)
    network_ip4ip6_debug_v7.15.0             0x0802043c   Data           4  net_version.o(.constdata)
    osRtxConfig                              0x0802082c   Data         112  rtx_lib.o(.rodata)
    os_cb_sections                           0x0802089c   Data          56  rtx_lib.o(.rodata)
    Region$$Table$$Base                      0x080208d4   Number         0  anon$$obj.o(Region$$Table)
    Region$$Table$$Limit                     0x08020904   Number         0  anon$$obj.o(Region$$Table)
    .bss.os.msgqueue.cb$$Base                0x20008044   Number         0  rtx_lib.o(.bss.os.msgqueue.cb)
    .bss.os.msgqueue.cb$$Limit               0x20008078   Number         0  rtx_lib.o(.bss.os.msgqueue.cb)
    .bss.os.mutex.cb$$Base                   0x200080c8   Number         0  net_config.o(.bss.os.mutex.cb)
    .bss.os.mutex.cb$$Limit                  0x20008100   Number         0  net_config.o(.bss.os.mutex.cb)
    .bss.os.semaphore.cb$$Base               0x20008100   Number         0  net_config.o(.bss.os.semaphore.cb)
    .bss.os.semaphore.cb$$Limit              0x20008110   Number         0  net_config.o(.bss.os.semaphore.cb)
    .bss.os.thread.cb$$Base                  0x20008110   Number         0  rtx_lib.o(.bss.os.thread.cb)
    .bss.os.thread.cb$$Limit                 0x20008220   Number         0  net_config.o(.bss.os.thread.cb)
    .bss.os.timer.cb$$Base                   0x20008620   Number         0  net_config.o(.bss.os.timer.cb)
    .bss.os.timer.cb$$Limit                  0x20008640   Number         0  net_config.o(.bss.os.timer.cb)
    LEDrun                                   0x20008644   Data           1  http_server.o(.data)
    TID_Display                              0x20008648   Data           4  http_server.o(.data)
    TID_Led                                  0x2000864c   Data           4  http_server.o(.data)
    lcd_text                                 0x20008650   Data          42  http_server.o(.data)
    positionL1                               0x20008684   Data           1  lcd.o(.data)
    positionL2                               0x20008685   Data           1  lcd.o(.data)
    SPIdrv                                   0x20008688   Data           4  lcd.o(.data)
    sec                                      0x200086a4   Data           1  rtc.o(.data)
    min                                      0x200086a5   Data           1  rtc.o(.data)
    hour                                     0x200086a6   Data           1  rtc.o(.data)
    day                                      0x200086a7   Data           1  rtc.o(.data)
    month                                    0x200086a8   Data           1  rtc.o(.data)
    year                                     0x200086aa   Data           2  rtc.o(.data)
    sdatestructure                           0x200086ac   Data           4  rtc.o(.data)
    tid_Th_RTC                               0x200086b0   Data           4  rtc.o(.data)
    uwTickFreq                               0x200086e4   Data           1  stm32f4xx_hal.o(.data)
    uwTickPrio                               0x200086e8   Data           4  stm32f4xx_hal.o(.data)
    uwTick                                   0x200086ec   Data           4  stm32f4xx_hal.o(.data)
    SystemCoreClock                          0x200086f0   Data           4  system_stm32f4xx.o(.data)
    net_eth0_icmp_control                    0x2000870c   Data           1  net_icmp.o(.data)
    osRtxInfo                                0x20008730   Data         164  rtx_kernel.o(.data.os)
    app_main_stk                             0x200087d8   Data        1024  http_server.o(.bss)
    HORA                                     0x20008c58   Data          40  http_server_cgi.o(.bss)
    FECHA                                    0x20008c80   Data          40  http_server_cgi.o(.bss)
    htim7                                    0x20008cf4   Data          64  lcd.o(.bss)
    buffer                                   0x20008d34   Data         512  lcd.o(.bss)
    RtcHandle                                0x20008f7c   Data          32  rtc.o(.bss)
    stimestructure                           0x20008f9c   Data          20  rtc.o(.bss)
    tiempo                                   0x20008fb0   Data          44  rtc.o(.bss)
    net_eth0_if_control                      0x2000f168   Data         160  net_eth.o(.bss)
    net_eth0_arp_control                     0x2000f208   Data          24  net_arp.o(.bss)
    net_http_control                         0x2000f2c0   Data          20  net_http_server.o(.bss)
    net_sntp_control                         0x2000f2d4   Data          44  net_sntp_client_core.o(.bss)
    net_ping_control                         0x2000f300   Data          44  net_ping_core.o(.bss)
    net_sys_control                          0x2000f33c   Data          28  net_sys.o(.bss)
    net_dbg_buf                              0x2000f364   Data          36  net_sys.o(.bss)
    __initial_sp                             0x2000f828   Data           0  startup_stm32f429xx.o(STACK)



==============================================================================

Memory Map of the image

  Image Entry point : 0x080001ad

  Load Region LR_IROM1 (Base: 0x08000000, Size: 0x000290d8, Max: 0x00200000, ABSOLUTE, COMPRESSED[0x00020a5c])

    Execution Region ER_IROM1 (Exec base: 0x08000000, Load base: 0x08000000, Size: 0x00020904, Max: 0x00200000, ABSOLUTE)

    Exec Addr    Load Addr    Size         Type   Attr      Idx    E Section Name        Object

    0x08000000   0x08000000   0x000001ac   Data   RO         1608    RESET               startup_stm32f429xx.o
    0x080001ac   0x080001ac   0x00000000   Code   RO         2740  * .ARM.Collect$$$$00000000  mc_w.l(entry.o)
    0x080001ac   0x080001ac   0x00000004   Code   RO         3034    .ARM.Collect$$$$00000001  mc_w.l(entry2.o)
    0x080001b0   0x080001b0   0x00000004   Code   RO         3037    .ARM.Collect$$$$00000004  mc_w.l(entry5.o)
    0x080001b4   0x080001b4   0x00000000   Code   RO         3039    .ARM.Collect$$$$00000008  mc_w.l(entry7b.o)
    0x080001b4   0x080001b4   0x00000000   Code   RO         3041    .ARM.Collect$$$$0000000A  mc_w.l(entry8b.o)
    0x080001b4   0x080001b4   0x00000008   Code   RO         3042    .ARM.Collect$$$$0000000B  mc_w.l(entry9a.o)
    0x080001bc   0x080001bc   0x00000004   Code   RO         3049    .ARM.Collect$$$$0000000E  mc_w.l(entry12b.o)
    0x080001c0   0x080001c0   0x00000000   Code   RO         3044    .ARM.Collect$$$$0000000F  mc_w.l(entry10a.o)
    0x080001c0   0x080001c0   0x00000000   Code   RO         3046    .ARM.Collect$$$$00000011  mc_w.l(entry11a.o)
    0x080001c0   0x080001c0   0x00000004   Code   RO         3035    .ARM.Collect$$$$00002712  mc_w.l(entry2.o)
    0x080001c4   0x080001c4   0x00000148   Code   RO          722    .emb_text           rtx_mempool.o
    0x0800030c   0x0800030c   0x00000148   Code   RO          753    .emb_text           rtx_msgqueue.o
    0x08000454   0x08000454   0x00000148   Code   RO          818    .emb_text           rtx_semaphore.o
    0x0800059c   0x0800059c   0x00000148   Code   RO          849    .emb_text           rtx_system.o
    0x080006e4   0x080006e4   0x00000148   Code   RO          883    .emb_text           rtx_thread.o
    0x0800082c   0x0800082c   0x00000074   Code   RO         1107    .emb_text           eventrecorder.o
    0x080008a0   0x080008a0   0x00000114   Code   RO            4    .text               main.o
    0x080009b4   0x080009b4   0x000000e8   Code   RO          160    .text               http_server.o
    0x08000a9c   0x08000a9c   0x000006d0   Code   RO          216    .text               http_server_cgi.o
    0x0800116c   0x0800116c   0x00000078   Code   RO          255    .text               web.o
    0x080011e4   0x080011e4   0x000000e0   Code   RO          275    .text               led.o
    0x080012c4   0x080012c4   0x000003f8   Code   RO          304    .text               lcd.o
    0x080016bc   0x080016bc   0x00000134   Code   RO          344    .text               adc.o
    0x080017f0   0x080017f0   0x00000268   Code   RO          375    .text               rtc.o
    0x08001a58   0x08001a58   0x00000094   Code   RO          470    .text               irq_armv7m.o
    0x08001aec   0x08001aec   0x00000104   Code   RO          478    .text               rtx_delay.o
    0x08001bf0   0x08001bf0   0x00000964   Code   RO          576    .text               rtx_evr.o
    0x08002554   0x08002554   0x000006d8   Code   RO          601    .text               rtx_kernel.o
    0x08002c2c   0x08002c2c   0x00000124   Code   RO          692    .text               rtx_memory.o
    0x08002d50   0x08002d50   0x00000678   Code   RO          723    .text               rtx_mempool.o
    0x080033c8   0x080033c8   0x000009bc   Code   RO          754    .text               rtx_msgqueue.o
    0x08003d84   0x08003d84   0x00000558   Code   RO          788    .text               rtx_mutex.o
    0x080042dc   0x080042dc   0x00000450   Code   RO          819    .text               rtx_semaphore.o
    0x0800472c   0x0800472c   0x00000154   Code   RO          850    .text               rtx_system.o
    0x08004880   0x08004880   0x00001194   Code   RO          884    .text               rtx_thread.o
    0x08005a14   0x08005a14   0x00000480   Code   RO          918    .text               rtx_timer.o
    0x08005e94   0x08005e94   0x000000c4   Code   RO          948    .text               os_systick.o
    0x08005f58   0x08005f58   0x00000004   Code   RO          974    .text               rtx_config.o
    0x08005f5c   0x08005f5c   0x000001ac   Code   RO          995    .text               phy_lan8742a.o
    0x08006108   0x08006108   0x000009e8   Code   RO         1023    .text               emac_stm32f4xx.o
    0x08006af0   0x08006af0   0x00001134   Code   RO         1065    .text               spi_stm32f4xx.o
    0x08007c24   0x08007c24   0x00000538   Code   RO         1108    .text               eventrecorder.o
    0x0800815c   0x0800815c   0x000001c8   Code   RO         1142    .text               stm32f4xx_hal.o
    0x08008324   0x08008324   0x00000ab8   Code   RO         1172    .text               stm32f4xx_hal_adc.o
    0x08008ddc   0x08008ddc   0x00000724   Code   RO         1196    .text               stm32f4xx_hal_adc_ex.o
    0x08009500   0x08009500   0x00000298   Code   RO         1220    .text               stm32f4xx_hal_cortex.o
    0x08009798   0x08009798   0x00000718   Code   RO         1248    .text               stm32f4xx_hal_dma.o
    0x08009eb0   0x08009eb0   0x00000364   Code   RO         1321    .text               stm32f4xx_hal_gpio.o
    0x0800a214   0x0800a214   0x00000178   Code   RO         1345    .text               stm32f4xx_hal_pwr.o
    0x0800a38c   0x0800a38c   0x00000760   Code   RO         1393    .text               stm32f4xx_hal_rcc.o
    0x0800aaec   0x0800aaec   0x000005e4   Code   RO         1417    .text               stm32f4xx_hal_rcc_ex.o
    0x0800b0d0   0x0800b0d0   0x00000970   Code   RO         1441    .text               stm32f4xx_hal_rtc.o
    0x0800ba40   0x0800ba40   0x00000b0c   Code   RO         1465    .text               stm32f4xx_hal_rtc_ex.o
    0x0800c54c   0x0800c54c   0x000023d2   Code   RO         1537    .text               stm32f4xx_hal_tim.o
    0x0800e91e   0x0800e91e   0x00000002   PAD
    0x0800e920   0x0800e920   0x00000bb0   Code   RO         1561    .text               stm32f4xx_hal_tim_ex.o
    0x0800f4d0   0x0800f4d0   0x00000024   Code   RO         1609    .text               startup_stm32f429xx.o
    0x0800f4f4   0x0800f4f4   0x00000094   Code   RO         1616    .text               system_stm32f4xx.o
    0x0800f588   0x0800f588   0x00000174   Code   RO         1645    .text               net_config.o
    0x0800f6fc   0x0800f6fc   0x00000152   Code   RO         1737    .text               net_debug.o
    0x0800f84e   0x0800f84e   0x00000062   Code   RO         2743    .text               mc_w.l(uldiv.o)
    0x0800f8b0   0x0800f8b0   0x00000094   Code   RO         2745    .text               mc_w.l(localtime.o)
    0x0800f944   0x0800f944   0x00000024   Code   RO         2749    .text               mc_w.l(memcpya.o)
    0x0800f968   0x0800f968   0x00000024   Code   RO         2751    .text               mc_w.l(memseta.o)
    0x0800f98c   0x0800f98c   0x0000000e   Code   RO         2753    .text               mc_w.l(strlen.o)
    0x0800f99a   0x0800f99a   0x0000001c   Code   RO         2755    .text               mc_w.l(strcmp.o)
    0x0800f9b6   0x0800f9b6   0x0000001a   Code   RO         2757    .text               mc_w.l(memcmp.o)
    0x0800f9d0   0x0800f9d0   0x00000012   Code   RO         2759    .text               mc_w.l(strcpy.o)
    0x0800f9e2   0x0800f9e2   0x0000001e   Code   RO         2761    .text               mc_w.l(strncmp.o)
    0x0800fa00   0x0800fa00   0x00000064   Code   RO         3026    .text               mf_w.l(fmul.o)
    0x0800fa64   0x0800fa64   0x0000002e   Code   RO         3028    .text               mf_w.l(dscalb.o)
    0x0800fa92   0x0800fa92   0x0000000a   Code   RO         3030    .text               mf_w.l(ffltui.o)
    0x0800fa9c   0x0800fa9c   0x00000026   Code   RO         3032    .text               mf_w.l(f2d.o)
    0x0800fac2   0x0800fac2   0x0000002c   Code   RO         3053    .text               mc_w.l(uidiv.o)
    0x0800faee   0x0800faee   0x0000001e   Code   RO         3055    .text               mc_w.l(llshl.o)
    0x0800fb0c   0x0800fb0c   0x00000020   Code   RO         3057    .text               mc_w.l(llushr.o)
    0x0800fb2c   0x0800fb2c   0x00000000   Code   RO         3059    .text               mc_w.l(iusefp.o)
    0x0800fb2c   0x0800fb2c   0x0000006e   Code   RO         3060    .text               mf_w.l(fepilogue.o)
    0x0800fb9a   0x0800fb9a   0x0000014e   Code   RO         3062    .text               mf_w.l(dadd.o)
    0x0800fce8   0x0800fce8   0x000000e4   Code   RO         3064    .text               mf_w.l(dmul.o)
    0x0800fdcc   0x0800fdcc   0x000000de   Code   RO         3066    .text               mf_w.l(ddiv.o)
    0x0800feaa   0x0800feaa   0x00000030   Code   RO         3068    .text               mf_w.l(dfixul.o)
    0x0800feda   0x0800feda   0x00000002   PAD
    0x0800fedc   0x0800fedc   0x00000030   Code   RO         3070    .text               mf_w.l(cdrcmple.o)
    0x0800ff0c   0x0800ff0c   0x00000024   Code   RO         3072    .text               mc_w.l(init.o)
    0x0800ff30   0x0800ff30   0x00000024   Code   RO         3075    .text               mc_w.l(llsshr.o)
    0x0800ff54   0x0800ff54   0x000000ba   Code   RO         3078    .text               mf_w.l(depilogue.o)
    0x0801000e   0x0801000e   0x00000056   Code   RO         3087    .text               mc_w.l(__dczerorl2.o)
    0x08010064   0x08010064   0x00000028   Code   RO         3000    i.__0sprintf        mc_w.l(printfa.o)
    0x0801008c   0x0801008c   0x0000000e   Code   RO         3081    i.__scatterload_copy  mc_w.l(handlers.o)
    0x0801009a   0x0801009a   0x00000002   Code   RO         3082    i.__scatterload_null  mc_w.l(handlers.o)
    0x0801009c   0x0801009c   0x0000000e   Code   RO         3083    i.__scatterload_zeroinit  mc_w.l(handlers.o)
    0x080100aa   0x080100aa   0x00000002   PAD
    0x080100ac   0x080100ac   0x00000184   Code   RO         3005    i._fp_digits        mc_w.l(printfa.o)
    0x08010230   0x08010230   0x000006b4   Code   RO         3006    i._printf_core      mc_w.l(printfa.o)
    0x080108e4   0x080108e4   0x00000024   Code   RO         3007    i._printf_post_padding  mc_w.l(printfa.o)
    0x08010908   0x08010908   0x0000002e   Code   RO         3008    i._printf_pre_padding  mc_w.l(printfa.o)
    0x08010936   0x08010936   0x0000000a   Code   RO         3010    i._sputc            mc_w.l(printfa.o)
    0x08010940   0x08010940   0x00000054   Code   RO         2139    i.add_server_id     Net_Dbg_CM3_L.lib(net_http_server.o)
    0x08010994   0x08010994   0x0000005c   Code   RO         1819    i.arp_cache_alloc   Net_Dbg_CM3_L.lib(net_arp.o)
    0x080109f0   0x080109f0   0x00000170   Code   RO         1820    i.arp_cache_run     Net_Dbg_CM3_L.lib(net_arp.o)
    0x08010b60   0x08010b60   0x00000038   Code   RO         1821    i.arp_is_cacheable  Net_Dbg_CM3_L.lib(net_arp.o)
    0x08010b98   0x08010b98   0x00000088   Code   RO         1822    i.arp_probe_run     Net_Dbg_CM3_L.lib(net_arp.o)
    0x08010c20   0x08010c20   0x000000d8   Code   RO         1824    i.arp_proc_response  Net_Dbg_CM3_L.lib(net_arp.o)
    0x08010cf8   0x08010cf8   0x0000001a   Code   RO         1825    i.arp_que_free      Net_Dbg_CM3_L.lib(net_arp.o)
    0x08010d12   0x08010d12   0x00000002   PAD
    0x08010d14   0x08010d14   0x000000a0   Code   RO         1826    i.arp_send_reply    Net_Dbg_CM3_L.lib(net_arp.o)
    0x08010db4   0x08010db4   0x000000d0   Code   RO         1827    i.arp_send_request  Net_Dbg_CM3_L.lib(net_arp.o)
    0x08010e84   0x08010e84   0x00000068   Code   RO         1828    i.arp_sender_valid  Net_Dbg_CM3_L.lib(net_arp.o)
    0x08010eec   0x08010eec   0x0000018c   Code   RO         2140    i.chk_post_req      Net_Dbg_CM3_L.lib(net_http_server.o)
    0x08011078   0x08011078   0x00000028   Code   RO         2654    i.crc32_8bit        Net_Dbg_CM3_L.lib(net_common.o)
    0x080110a0   0x080110a0   0x0000009a   Code   RO         1763    i.eth_check_link    Net_Dbg_CM3_L.lib(net_eth.o)
    0x0801113a   0x0801113a   0x00000002   PAD
    0x0801113c   0x0801113c   0x00000020   Code   RO         1764    i.eth_if_map        Net_Dbg_CM3_L.lib(net_eth.o)
    0x0801115c   0x0801115c   0x00000304   Code   RO         1765    i.eth_iface_init    Net_Dbg_CM3_L.lib(net_eth.o)
    0x08011460   0x08011460   0x00000290   Code   RO         1766    i.eth_iface_run     Net_Dbg_CM3_L.lib(net_eth.o)
    0x080116f0   0x080116f0   0x00000008   Code   RO         1768    i.eth_lock          Net_Dbg_CM3_L.lib(net_eth.o)
    0x080116f8   0x080116f8   0x0000001c   Code   RO         1769    i.eth_mtu_limit     Net_Dbg_CM3_L.lib(net_eth.o)
    0x08011714   0x08011714   0x00000048   Code   RO         1770    i.eth_opt_len       Net_Dbg_CM3_L.lib(net_eth.o)
    0x0801175c   0x0801175c   0x00000088   Code   RO         1771    i.eth_receive       Net_Dbg_CM3_L.lib(net_eth.o)
    0x080117e4   0x080117e4   0x00000008   Code   RO         1772    i.eth_unlock        Net_Dbg_CM3_L.lib(net_eth.o)
    0x080117ec   0x080117ec   0x0000007c   Code   RO         1903    i.frag_map_session  Net_Dbg_CM3_L.lib(net_ip4_frag.o)
    0x08011868   0x08011868   0x00000028   Code   RO         2141    i.get_next_field    Net_Dbg_CM3_L.lib(net_http_server.o)
    0x08011890   0x08011890   0x00000032   Code   RO         2142    i.get_next_par      Net_Dbg_CM3_L.lib(net_http_server.o)
    0x080118c2   0x080118c2   0x00000022   Code   RO         2143    i.hex2byte          Net_Dbg_CM3_L.lib(net_http_server.o)
    0x080118e4   0x080118e4   0x0000036c   Code   RO         2144    i.http_add_header   Net_Dbg_CM3_L.lib(net_http_server.o)
    0x08011c50   0x08011c50   0x00000050   Code   RO         2264    i.http_auth_basic_add  Net_Dbg_CM3_L.lib(net_http_server_auth.o)
    0x08011ca0   0x08011ca0   0x00000090   Code   RO         2265    i.http_auth_basic_parse  Net_Dbg_CM3_L.lib(net_http_server_auth.o)
    0x08011d30   0x08011d30   0x00000002   Code   RO         2271    i.http_auth_dummy   Net_Dbg_CM3_L.lib(net_http_server_auth.o)
    0x08011d32   0x08011d32   0x00000002   PAD
    0x08011d34   0x08011d34   0x00000024   Code   RO         2272    i.http_auth_init    Net_Dbg_CM3_L.lib(net_http_server_auth.o)
    0x08011d58   0x08011d58   0x000001cc   Code   RO         2145    i.http_error_msg    Net_Dbg_CM3_L.lib(net_http_server.o)
    0x08011f24   0x08011f24   0x00000078   Code   RO         2146    i.http_get_ftype    Net_Dbg_CM3_L.lib(net_http_server.o)
    0x08011f9c   0x08011f9c   0x0000005e   Code   RO         2147    i.http_kill_session  Net_Dbg_CM3_L.lib(net_http_server.o)
    0x08011ffa   0x08011ffa   0x00000002   PAD
    0x08011ffc   0x08011ffc   0x000002a8   Code   RO         2148    i.http_listener     Net_Dbg_CM3_L.lib(net_http_server.o)
    0x080122a4   0x080122a4   0x00000184   Code   RO         2149    i.http_open_file    Net_Dbg_CM3_L.lib(net_http_server.o)
    0x08012428   0x08012428   0x0000011c   Code   RO         2150    i.http_parse_header  Net_Dbg_CM3_L.lib(net_http_server.o)
    0x08012544   0x08012544   0x000001a8   Code   RO         2151    i.http_proc_multipart  Net_Dbg_CM3_L.lib(net_http_server.o)
    0x080126ec   0x080126ec   0x00000138   Code   RO         2152    i.http_proc_post    Net_Dbg_CM3_L.lib(net_http_server.o)
    0x08012824   0x08012824   0x00000468   Code   RO         2153    i.http_server_run   Net_Dbg_CM3_L.lib(net_http_server.o)
    0x08012c8c   0x08012c8c   0x00000060   Code   RO         2154    i.http_server_start  Net_Dbg_CM3_L.lib(net_http_server.o)
    0x08012cec   0x08012cec   0x00000020   Code   RO         2156    i.http_strcpy       Net_Dbg_CM3_L.lib(net_http_server.o)
    0x08012d0c   0x08012d0c   0x000000ac   Code   RO         2157    i.http_to_utc       Net_Dbg_CM3_L.lib(net_http_server.o)
    0x08012db8   0x08012db8   0x0000001a   Code   RO         2655    i.i2str             Net_Dbg_CM3_L.lib(net_common.o)
    0x08012dd2   0x08012dd2   0x0000000c   Code   RO         2532    i.ip4_get_chksum    Net_Dbg_CM3_L.lib(net_ip4.o)
    0x08012dde   0x08012dde   0x00000028   Code   RO         2533    i.ip4_get_mtu       Net_Dbg_CM3_L.lib(net_ip4.o)
    0x08012e06   0x08012e06   0x00000040   Code   RO         2395    i.ip4_ntoa          Net_Dbg_CM3_L.lib(net_addr.o)
    0x08012e46   0x08012e46   0x00000002   PAD
    0x08012e48   0x08012e48   0x000000ca   Code   RO         2396    i.ip6_ntoa          Net_Dbg_CM3_L.lib(net_addr.o)
    0x08012f12   0x08012f12   0x00000002   PAD
    0x08012f14   0x08012f14   0x0000000c   Code   RO         2631    i.mem_lock          Net_Dbg_CM3_L.lib(net_mem.o)
    0x08012f20   0x08012f20   0x0000000c   Code   RO         2632    i.mem_unlock        Net_Dbg_CM3_L.lib(net_mem.o)
    0x08012f2c   0x08012f2c   0x000001a4   Code   RO         2125    i.nbns_listener     Net_Dbg_CM3_L.lib(net_nbns_client.o)
    0x080130d0   0x080130d0   0x00000120   Code   RO         2462    i.ndp_cache_add     Net_Dbg_CM3_L.lib(net_ndp.o)
    0x080131f0   0x080131f0   0x00000072   Code   RO         2463    i.ndp_cache_alloc   Net_Dbg_CM3_L.lib(net_ndp.o)
    0x08013262   0x08013262   0x00000002   PAD
    0x08013264   0x08013264   0x00000078   Code   RO         2464    i.ndp_cache_delete  Net_Dbg_CM3_L.lib(net_ndp.o)
    0x080132dc   0x080132dc   0x0000002c   Code   RO         2466    i.ndp_check_frame   Net_Dbg_CM3_L.lib(net_ndp.o)
    0x08013308   0x08013308   0x00000012   Code   RO         2467    i.ndp_next_opt      Net_Dbg_CM3_L.lib(net_ndp.o)
    0x0801331a   0x0801331a   0x00000002   PAD
    0x0801331c   0x0801331c   0x000000e4   Code   RO         2468    i.ndp_prefix_add    Net_Dbg_CM3_L.lib(net_ndp.o)
    0x08013400   0x08013400   0x000000fc   Code   RO         2471    i.ndp_proc_response  Net_Dbg_CM3_L.lib(net_ndp.o)
    0x080134fc   0x080134fc   0x0000001a   Code   RO         2472    i.ndp_que_free      Net_Dbg_CM3_L.lib(net_ndp.o)
    0x08013516   0x08013516   0x00000002   PAD
    0x08013518   0x08013518   0x00000038   Code   RO         2473    i.ndp_router_remove  Net_Dbg_CM3_L.lib(net_ndp.o)
    0x08013550   0x08013550   0x0000009c   Code   RO         2474    i.ndp_send_reply    Net_Dbg_CM3_L.lib(net_ndp.o)
    0x080135ec   0x080135ec   0x000000bc   Code   RO         2475    i.ndp_send_request  Net_Dbg_CM3_L.lib(net_ndp.o)
    0x080136a8   0x080136a8   0x00000004   Code   RO         2158    i.netCGI_Charset    Net_Dbg_CM3_L.lib(net_http_server.o)
    0x080136ac   0x080136ac   0x00000004   Code   RO         2159    i.netCGI_ContentType  Net_Dbg_CM3_L.lib(net_http_server.o)
    0x080136b0   0x080136b0   0x00000004   Code   RO         2160    i.netCGI_CustomHeader  Net_Dbg_CM3_L.lib(net_http_server.o)
    0x080136b4   0x080136b4   0x0000006c   Code   RO         2161    i.netCGI_GetEnvVar  Net_Dbg_CM3_L.lib(net_http_server.o)
    0x08013720   0x08013720   0x00000004   Code   RO         2164    i.netCGI_Redirect   Net_Dbg_CM3_L.lib(net_http_server.o)
    0x08013724   0x08013724   0x00000004   Code   RO         2166    i.netCGX_ContentType  Net_Dbg_CM3_L.lib(net_http_server.o)
    0x08013728   0x08013728   0x00000064   Code   RO         2345    i.netCore_Thread    Net_Dbg_CM3_L.lib(net_sys.o)
    0x0801378c   0x0801378c   0x00000002   Code   RO         1773    i.netETH_Notify     Net_Dbg_CM3_L.lib(net_eth.o)
    0x0801378e   0x0801378e   0x00000002   Code   RO         1774    i.netETH_ReceiveRaw  Net_Dbg_CM3_L.lib(net_eth.o)
    0x08013790   0x08013790   0x00000072   Code   RO         1776    i.netETH_Thread     Net_Dbg_CM3_L.lib(net_eth.o)
    0x08013802   0x08013802   0x00000004   Code   RO         2167    i.netHTTPs_AcceptClient  Net_Dbg_CM3_L.lib(net_http_server.o)
    0x08013806   0x08013806   0x00000004   Code   RO         2273    i.netHTTPs_CheckAccount  Net_Dbg_CM3_L.lib(net_http_server_auth.o)
    0x0801380a   0x0801380a   0x00000004   Code   RO         2169    i.netHTTPs_FileAccess  Net_Dbg_CM3_L.lib(net_http_server.o)
    0x0801380e   0x0801380e   0x00000002   PAD
    0x08013810   0x08013810   0x00000020   Code   RO         2172    i.netHTTPs_GetLanguage  Net_Dbg_CM3_L.lib(net_http_server.o)
    0x08013830   0x08013830   0x0000000c   Code   RO         2173    i.netHTTPs_GetPassword  Net_Dbg_CM3_L.lib(net_http_server.o)
    0x0801383c   0x0801383c   0x0000000c   Code   RO         2179    i.netHTTPs_LoginActive  Net_Dbg_CM3_L.lib(net_http_server.o)
    0x08013848   0x08013848   0x00000058   Code   RO         2182    i.netHTTPs_SetPassword  Net_Dbg_CM3_L.lib(net_http_server.o)
    0x080138a0   0x080138a0   0x00000088   Code   RO         2346    i.netIF_GetOption   Net_Dbg_CM3_L.lib(net_sys.o)
    0x08013928   0x08013928   0x00000084   Code   RO         2348    i.netIF_SetOption   Net_Dbg_CM3_L.lib(net_sys.o)
    0x080139ac   0x080139ac   0x0000001a   Code   RO         2398    i.netIP_aton        Net_Dbg_CM3_L.lib(net_addr.o)
    0x080139c6   0x080139c6   0x00000032   Code   RO         2399    i.netIP_ntoa        Net_Dbg_CM3_L.lib(net_addr.o)
    0x080139f8   0x080139f8   0x000000ac   Code   RO         2349    i.netInitialize     Net_Dbg_CM3_L.lib(net_sys.o)
    0x08013aa4   0x08013aa4   0x0000008c   Code   RO         2400    i.netMAC_aton       Net_Dbg_CM3_L.lib(net_addr.o)
    0x08013b30   0x08013b30   0x0000001c   Code   RO         2298    i.netSNTPc_GetTime  Net_Dbg_CM3_L.lib(net_sntp_client_core.o)
    0x08013b4c   0x08013b4c   0x00000004   Code   RO         2006    i.netTCP_GetLocalPort  Net_Dbg_CM3_L.lib(net_tcp.o)
    0x08013b50   0x08013b50   0x00000020   Code   RO         2008    i.netTCP_GetPeer    Net_Dbg_CM3_L.lib(net_tcp.o)
    0x08013b70   0x08013b70   0x00000004   Code   RO         2010    i.netTCP_GetState   Net_Dbg_CM3_L.lib(net_tcp.o)
    0x08013b74   0x08013b74   0x00000004   Code   RO         2011    i.netTCP_GetTimer   Net_Dbg_CM3_L.lib(net_tcp.o)
    0x08013b78   0x08013b78   0x0000007c   Code   RO         2402    i.net_addr4_aton    Net_Dbg_CM3_L.lib(net_addr.o)
    0x08013bf4   0x08013bf4   0x0000001e   Code   RO         2404    i.net_addr4_to_mac  Net_Dbg_CM3_L.lib(net_addr.o)
    0x08013c12   0x08013c12   0x00000002   PAD
    0x08013c14   0x08013c14   0x000000e6   Code   RO         2405    i.net_addr6_aton    Net_Dbg_CM3_L.lib(net_addr.o)
    0x08013cfa   0x08013cfa   0x00000028   Code   RO         2406    i.net_addr6_comp    Net_Dbg_CM3_L.lib(net_addr.o)
    0x08013d22   0x08013d22   0x00000012   Code   RO         2407    i.net_addr6_copy    Net_Dbg_CM3_L.lib(net_addr.o)
    0x08013d34   0x08013d34   0x0000004c   Code   RO         2408    i.net_addr6_create  Net_Dbg_CM3_L.lib(net_addr.o)
    0x08013d80   0x08013d80   0x00000028   Code   RO         2409    i.net_addr6_get_solicited  Net_Dbg_CM3_L.lib(net_addr.o)
    0x08013da8   0x08013da8   0x00000018   Code   RO         2410    i.net_addr6_is_linklocal  Net_Dbg_CM3_L.lib(net_addr.o)
    0x08013dc0   0x08013dc0   0x0000006e   Code   RO         2411    i.net_addr6_is_onlink  Net_Dbg_CM3_L.lib(net_addr.o)
    0x08013e2e   0x08013e2e   0x00000048   Code   RO         2412    i.net_addr6_is_solicited  Net_Dbg_CM3_L.lib(net_addr.o)
    0x08013e76   0x08013e76   0x00000018   Code   RO         2413    i.net_addr6_is_unspec  Net_Dbg_CM3_L.lib(net_addr.o)
    0x08013e8e   0x08013e8e   0x0000000e   Code   RO         2415    i.net_addr6_to_mac  Net_Dbg_CM3_L.lib(net_addr.o)
    0x08013e9c   0x08013e9c   0x0000002c   Code   RO         2416    i.net_addr_comp     Net_Dbg_CM3_L.lib(net_addr.o)
    0x08013ec8   0x08013ec8   0x00000026   Code   RO         2417    i.net_addr_copy     Net_Dbg_CM3_L.lib(net_addr.o)
    0x08013eee   0x08013eee   0x0000001a   Code   RO         2418    i.net_addr_find_route  Net_Dbg_CM3_L.lib(net_addr.o)
    0x08013f08   0x08013f08   0x00000020   Code   RO         2420    i.net_addr_get_local  Net_Dbg_CM3_L.lib(net_addr.o)
    0x08013f28   0x08013f28   0x00000022   Code   RO         2421    i.net_addr_is_unspec  Net_Dbg_CM3_L.lib(net_addr.o)
    0x08013f4a   0x08013f4a   0x00000002   PAD
    0x08013f4c   0x08013f4c   0x0000011c   Code   RO         1836    i.net_arp_cache_add  Net_Dbg_CM3_L.lib(net_arp.o)
    0x08014068   0x08014068   0x000000bc   Code   RO         1837    i.net_arp_cache_early  Net_Dbg_CM3_L.lib(net_arp.o)
    0x08014124   0x08014124   0x000000ec   Code   RO         1838    i.net_arp_cache_find  Net_Dbg_CM3_L.lib(net_arp.o)
    0x08014210   0x08014210   0x00000048   Code   RO         1839    i.net_arp_cache_init  Net_Dbg_CM3_L.lib(net_arp.o)
    0x08014258   0x08014258   0x0000001c   Code   RO         1840    i.net_arp_cache_run  Net_Dbg_CM3_L.lib(net_arp.o)
    0x08014274   0x08014274   0x00000078   Code   RO         1842    i.net_arp_enqueue   Net_Dbg_CM3_L.lib(net_arp.o)
    0x080142ec   0x080142ec   0x00000020   Code   RO         1844    i.net_arp_notify    Net_Dbg_CM3_L.lib(net_arp.o)
    0x0801430c   0x0801430c   0x00000224   Code   RO         1846    i.net_arp_process   Net_Dbg_CM3_L.lib(net_arp.o)
    0x08014530   0x08014530   0x00000042   Code   RO         2656    i.net_atoi          Net_Dbg_CM3_L.lib(net_common.o)
    0x08014572   0x08014572   0x00000002   PAD
    0x08014574   0x08014574   0x00000078   Code   RO         2722    i.net_base64_decode  Net_Dbg_CM3_L.lib(net_base64.o)
    0x080145ec   0x080145ec   0x00000030   Code   RO         2658    i.net_chksum_buf    Net_Dbg_CM3_L.lib(net_common.o)
    0x0801461c   0x0801461c   0x0000001e   Code   RO         2659    i.net_crc_buf       Net_Dbg_CM3_L.lib(net_common.o)
    0x0801463a   0x0801463a   0x0000000e   Code   RO         1777    i.net_eth_callback  Net_Dbg_CM3_L.lib(net_eth.o)
    0x08014648   0x08014648   0x00000068   Code   RO         1778    i.net_eth_config_mcast  Net_Dbg_CM3_L.lib(net_eth.o)
    0x080146b0   0x080146b0   0x000000ea   Code   RO         1780    i.net_eth_get_option  Net_Dbg_CM3_L.lib(net_eth.o)
    0x0801479a   0x0801479a   0x00000002   PAD
    0x0801479c   0x0801479c   0x0000001c   Code   RO         1781    i.net_eth_iface_init  Net_Dbg_CM3_L.lib(net_eth.o)
    0x080147b8   0x080147b8   0x0000001c   Code   RO         1782    i.net_eth_iface_run  Net_Dbg_CM3_L.lib(net_eth.o)
    0x080147d4   0x080147d4   0x000000a8   Code   RO         1784    i.net_eth_output    Net_Dbg_CM3_L.lib(net_eth.o)
    0x0801487c   0x0801487c   0x000001e0   Code   RO         1785    i.net_eth_send_frame  Net_Dbg_CM3_L.lib(net_eth.o)
    0x08014a5c   0x08014a5c   0x00000270   Code   RO         1786    i.net_eth_set_option  Net_Dbg_CM3_L.lib(net_eth.o)
    0x08014ccc   0x08014ccc   0x000000e8   Code   RO         2188    i.net_http_server_init  Net_Dbg_CM3_L.lib(net_http_server.o)
    0x08014db4   0x08014db4   0x00000028   Code   RO         2189    i.net_http_server_run  Net_Dbg_CM3_L.lib(net_http_server.o)
    0x08014ddc   0x08014ddc   0x00000018   Code   RO         2604    i.net_icmp6_init    Net_Dbg_CM3_L.lib(net_icmp6.o)
    0x08014df4   0x08014df4   0x00000238   Code   RO         2605    i.net_icmp6_process  Net_Dbg_CM3_L.lib(net_icmp6.o)
    0x0801502c   0x0801502c   0x00000084   Code   RO         2606    i.net_icmp6_send    Net_Dbg_CM3_L.lib(net_icmp6.o)
    0x080150b0   0x080150b0   0x00000058   Code   RO         2607    i.net_icmp6_send_echo  Net_Dbg_CM3_L.lib(net_icmp6.o)
    0x08015108   0x08015108   0x00000018   Code   RO         1925    i.net_icmp_init     Net_Dbg_CM3_L.lib(net_icmp.o)
    0x08015120   0x08015120   0x000001c8   Code   RO         1926    i.net_icmp_process  Net_Dbg_CM3_L.lib(net_icmp.o)
    0x080152e8   0x080152e8   0x000000a0   Code   RO         1927    i.net_icmp_send_echo  Net_Dbg_CM3_L.lib(net_icmp.o)
    0x08015388   0x08015388   0x0000000c   Code   RO         2353    i.net_if_map_all    Net_Dbg_CM3_L.lib(net_sys.o)
    0x08015394   0x08015394   0x0000018c   Code   RO         2534    i.net_ip4_chk_frame  Net_Dbg_CM3_L.lib(net_ip4.o)
    0x08015520   0x08015520   0x0000002c   Code   RO         2535    i.net_ip4_chksum    Net_Dbg_CM3_L.lib(net_ip4.o)
    0x0801554c   0x0801554c   0x00000006   Code   RO         2536    i.net_ip4_chksum_buf  Net_Dbg_CM3_L.lib(net_ip4.o)
    0x08015552   0x08015552   0x00000002   PAD
    0x08015554   0x08015554   0x00000080   Code   RO         2538    i.net_ip4_find_route  Net_Dbg_CM3_L.lib(net_ip4.o)
    0x080155d4   0x080155d4   0x00000124   Code   RO         1904    i.net_ip4_frag_add  Net_Dbg_CM3_L.lib(net_ip4_frag.o)
    0x080156f8   0x080156f8   0x000000ac   Code   RO         1905    i.net_ip4_frag_get  Net_Dbg_CM3_L.lib(net_ip4_frag.o)
    0x080157a4   0x080157a4   0x00000010   Code   RO         1906    i.net_ip4_frag_init  Net_Dbg_CM3_L.lib(net_ip4_frag.o)
    0x080157b4   0x080157b4   0x0000003c   Code   RO         1907    i.net_ip4_frag_run  Net_Dbg_CM3_L.lib(net_ip4_frag.o)
    0x080157f0   0x080157f0   0x0000002c   Code   RO         2539    i.net_ip4_get_local  Net_Dbg_CM3_L.lib(net_ip4.o)
    0x0801581c   0x0801581c   0x00000024   Code   RO         2540    i.net_ip4_init      Net_Dbg_CM3_L.lib(net_ip4.o)
    0x08015840   0x08015840   0x00000020   Code   RO         2541    i.net_ip4_is_onlink  Net_Dbg_CM3_L.lib(net_ip4.o)
    0x08015860   0x08015860   0x00000026   Code   RO         2542    i.net_ip4_is_subcast  Net_Dbg_CM3_L.lib(net_ip4.o)
    0x08015886   0x08015886   0x0000000e   Code   RO         2543    i.net_ip4_reass_frame  Net_Dbg_CM3_L.lib(net_ip4.o)
    0x08015894   0x08015894   0x00000164   Code   RO         2544    i.net_ip4_send_frame  Net_Dbg_CM3_L.lib(net_ip4.o)
    0x080159f8   0x080159f8   0x0000002a   Code   RO         2546    i.net_ip4_tx_offl_hl  Net_Dbg_CM3_L.lib(net_ip4.o)
    0x08015a22   0x08015a22   0x00000002   PAD
    0x08015a24   0x08015a24   0x00000100   Code   RO         2572    i.net_ip6_chk_frame  Net_Dbg_CM3_L.lib(net_ip6.o)
    0x08015b24   0x08015b24   0x00000032   Code   RO         2573    i.net_ip6_chksum    Net_Dbg_CM3_L.lib(net_ip6.o)
    0x08015b56   0x08015b56   0x00000002   PAD
    0x08015b58   0x08015b58   0x0000007c   Code   RO         2574    i.net_ip6_collect_mcast  Net_Dbg_CM3_L.lib(net_ip6.o)
    0x08015bd4   0x08015bd4   0x00000048   Code   RO         2576    i.net_ip6_find_route  Net_Dbg_CM3_L.lib(net_ip6.o)
    0x08015c1c   0x08015c1c   0x00000054   Code   RO         2577    i.net_ip6_get_local  Net_Dbg_CM3_L.lib(net_ip6.o)
    0x08015c70   0x08015c70   0x0000001c   Code   RO         2578    i.net_ip6_init      Net_Dbg_CM3_L.lib(net_ip6.o)
    0x08015c8c   0x08015c8c   0x000000cc   Code   RO         2579    i.net_ip6_send_frame  Net_Dbg_CM3_L.lib(net_ip6.o)
    0x08015d58   0x08015d58   0x0000001e   Code   RO         2581    i.net_ip6_tx_offl_hl  Net_Dbg_CM3_L.lib(net_ip6.o)
    0x08015d76   0x08015d76   0x00000008   Code   RO         2660    i.net_itoa          Net_Dbg_CM3_L.lib(net_common.o)
    0x08015d7e   0x08015d7e   0x00000006   Code   RO         2662    i.net_itoa_n0       Net_Dbg_CM3_L.lib(net_common.o)
    0x08015d84   0x08015d84   0x00000030   Code   RO         1886    i.net_loop_iface_init  Net_Dbg_CM3_L.lib(net_loopback.o)
    0x08015db4   0x08015db4   0x000000bc   Code   RO         1887    i.net_loop_iface_run  Net_Dbg_CM3_L.lib(net_loopback.o)
    0x08015e70   0x08015e70   0x00000070   Code   RO         1889    i.net_loop_send_frame  Net_Dbg_CM3_L.lib(net_loopback.o)
    0x08015ee0   0x08015ee0   0x000000c0   Code   RO         2633    i.net_mem_alloc     Net_Dbg_CM3_L.lib(net_mem.o)
    0x08015fa0   0x08015fa0   0x0000001c   Code   RO         2634    i.net_mem_avail     Net_Dbg_CM3_L.lib(net_mem.o)
    0x08015fbc   0x08015fbc   0x000000a4   Code   RO         2635    i.net_mem_free      Net_Dbg_CM3_L.lib(net_mem.o)
    0x08016060   0x08016060   0x00000070   Code   RO         2636    i.net_mem_init      Net_Dbg_CM3_L.lib(net_mem.o)
    0x080160d0   0x080160d0   0x00000048   Code   RO         2637    i.net_mem_shrink    Net_Dbg_CM3_L.lib(net_mem.o)
    0x08016118   0x08016118   0x00000064   Code   RO         2126    i.net_nbns_client_init  Net_Dbg_CM3_L.lib(net_nbns_client.o)
    0x0801617c   0x0801617c   0x000001c4   Code   RO         2483    i.net_ndp_cache_find  Net_Dbg_CM3_L.lib(net_ndp.o)
    0x08016340   0x08016340   0x00000078   Code   RO         2486    i.net_ndp_cache_refresh  Net_Dbg_CM3_L.lib(net_ndp.o)
    0x080163b8   0x080163b8   0x00000070   Code   RO         2489    i.net_ndp_enqueue   Net_Dbg_CM3_L.lib(net_ndp.o)
    0x08016428   0x08016428   0x00000374   Code   RO         2491    i.net_ndp_process   Net_Dbg_CM3_L.lib(net_ndp.o)
    0x0801679c   0x0801679c   0x00000038   Code   RO         2355    i.net_path          Net_Dbg_CM3_L.lib(net_sys.o)
    0x080167d4   0x080167d4   0x00000020   Code   RO         2326    i.net_ping_client_init  Net_Dbg_CM3_L.lib(net_ping_core.o)
    0x080167f4   0x080167f4   0x00000080   Code   RO         2327    i.net_ping_client_run  Net_Dbg_CM3_L.lib(net_ping_core.o)
    0x08016874   0x08016874   0x0000001c   Code   RO         2356    i.net_rand32        Net_Dbg_CM3_L.lib(net_sys.o)
    0x08016890   0x08016890   0x0000005c   Code   RO         2300    i.net_sntp_client_init  Net_Dbg_CM3_L.lib(net_sntp_client_core.o)
    0x080168ec   0x080168ec   0x00000058   Code   RO         2301    i.net_sntp_client_run  Net_Dbg_CM3_L.lib(net_sntp_client_core.o)
    0x08016944   0x08016944   0x00000148   Code   RO         2302    i.net_sntp_client_start  Net_Dbg_CM3_L.lib(net_sntp_client_core.o)
    0x08016a8c   0x08016a8c   0x0000002e   Code   RO         2663    i.net_strcasecmp    Net_Dbg_CM3_L.lib(net_common.o)
    0x08016aba   0x08016aba   0x00000016   Code   RO         2664    i.net_strchr        Net_Dbg_CM3_L.lib(net_common.o)
    0x08016ad0   0x08016ad0   0x0000001a   Code   RO         2665    i.net_strcmp        Net_Dbg_CM3_L.lib(net_common.o)
    0x08016aea   0x08016aea   0x00000012   Code   RO         2666    i.net_strcpy        Net_Dbg_CM3_L.lib(net_common.o)
    0x08016afc   0x08016afc   0x0000001c   Code   RO         2668    i.net_strnchr       Net_Dbg_CM3_L.lib(net_common.o)
    0x08016b18   0x08016b18   0x0000001a   Code   RO         2669    i.net_strncpy       Net_Dbg_CM3_L.lib(net_common.o)
    0x08016b32   0x08016b32   0x00000020   Code   RO         2670    i.net_strtoupper    Net_Dbg_CM3_L.lib(net_common.o)
    0x08016b52   0x08016b52   0x00000002   PAD
    0x08016b54   0x08016b54   0x0000000c   Code   RO         2357    i.net_sys_lock      Net_Dbg_CM3_L.lib(net_sys.o)
    0x08016b60   0x08016b60   0x00000016   Code   RO         2358    i.net_sys_resume    Net_Dbg_CM3_L.lib(net_sys.o)
    0x08016b76   0x08016b76   0x00000002   PAD
    0x08016b78   0x08016b78   0x00000014   Code   RO         2360    i.net_sys_tick      Net_Dbg_CM3_L.lib(net_sys.o)
    0x08016b8c   0x08016b8c   0x0000000c   Code   RO         2361    i.net_sys_unlock    Net_Dbg_CM3_L.lib(net_sys.o)
    0x08016b98   0x08016b98   0x00000020   Code   RO         2363    i.net_sys_wakeup    Net_Dbg_CM3_L.lib(net_sys.o)
    0x08016bb8   0x08016bb8   0x00000084   Code   RO         2018    i.net_tcp_abort     Net_Dbg_CM3_L.lib(net_tcp.o)
    0x08016c3c   0x08016c3c   0x000000e4   Code   RO         2021    i.net_tcp_close     Net_Dbg_CM3_L.lib(net_tcp.o)
    0x08016d20   0x08016d20   0x0000002e   Code   RO         2024    i.net_tcp_get_buf   Net_Dbg_CM3_L.lib(net_tcp.o)
    0x08016d4e   0x08016d4e   0x00000002   PAD
    0x08016d50   0x08016d50   0x00000034   Code   RO         2026    i.net_tcp_get_local_port  Net_Dbg_CM3_L.lib(net_tcp.o)
    0x08016d84   0x08016d84   0x00000028   Code   RO         2027    i.net_tcp_get_mss   Net_Dbg_CM3_L.lib(net_tcp.o)
    0x08016dac   0x08016dac   0x00000054   Code   RO         2029    i.net_tcp_get_peer  Net_Dbg_CM3_L.lib(net_tcp.o)
    0x08016e00   0x08016e00   0x00000070   Code   RO         2031    i.net_tcp_get_socket  Net_Dbg_CM3_L.lib(net_tcp.o)
    0x08016e70   0x08016e70   0x0000002c   Code   RO         2032    i.net_tcp_get_state  Net_Dbg_CM3_L.lib(net_tcp.o)
    0x08016e9c   0x08016e9c   0x00000034   Code   RO         2033    i.net_tcp_get_timer  Net_Dbg_CM3_L.lib(net_tcp.o)
    0x08016ed0   0x08016ed0   0x000000b0   Code   RO         2034    i.net_tcp_listen    Net_Dbg_CM3_L.lib(net_tcp.o)
    0x08016f80   0x08016f80   0x000007a8   Code   RO         2036    i.net_tcp_process   Net_Dbg_CM3_L.lib(net_tcp.o)
    0x08017728   0x08017728   0x0000015c   Code   RO         2040    i.net_tcp_send      Net_Dbg_CM3_L.lib(net_tcp.o)
    0x08017884   0x08017884   0x0000012c   Code   RO         2042    i.net_tcp_set_option  Net_Dbg_CM3_L.lib(net_tcp.o)
    0x080179b0   0x080179b0   0x00000028   Code   RO         2043    i.net_tcp_socket_init  Net_Dbg_CM3_L.lib(net_tcp.o)
    0x080179d8   0x080179d8   0x000003c0   Code   RO         2044    i.net_tcp_socket_run  Net_Dbg_CM3_L.lib(net_tcp.o)
    0x08017d98   0x08017d98   0x00000048   Code   RO         1952    i.net_udp_close     Net_Dbg_CM3_L.lib(net_udp.o)
    0x08017de0   0x08017de0   0x0000002e   Code   RO         1955    i.net_udp_get_buf   Net_Dbg_CM3_L.lib(net_udp.o)
    0x08017e0e   0x08017e0e   0x00000002   PAD
    0x08017e10   0x08017e10   0x00000070   Code   RO         1958    i.net_udp_get_socket  Net_Dbg_CM3_L.lib(net_udp.o)
    0x08017e80   0x08017e80   0x000000ac   Code   RO         1960    i.net_udp_open      Net_Dbg_CM3_L.lib(net_udp.o)
    0x08017f2c   0x08017f2c   0x00000158   Code   RO         1961    i.net_udp_process   Net_Dbg_CM3_L.lib(net_udp.o)
    0x08018084   0x08018084   0x00000012   Code   RO         1963    i.net_udp_send      Net_Dbg_CM3_L.lib(net_udp.o)
    0x08018096   0x08018096   0x00000002   PAD
    0x08018098   0x08018098   0x0000022c   Code   RO         1964    i.net_udp_send_if   Net_Dbg_CM3_L.lib(net_udp.o)
    0x080182c4   0x080182c4   0x00000024   Code   RO         1966    i.net_udp_socket_init  Net_Dbg_CM3_L.lib(net_udp.o)
    0x080182e8   0x080182e8   0x00000008   Code   RO         2671    i.net_ultoa         Net_Dbg_CM3_L.lib(net_common.o)
    0x080182f0   0x080182f0   0x00000030   Code   RO         2674    i.net_ultox         Net_Dbg_CM3_L.lib(net_common.o)
    0x08018320   0x08018320   0x0000004c   Code   RO         2675    i.net_xtoul         Net_Dbg_CM3_L.lib(net_common.o)
    0x0801836c   0x0801836c   0x0000001c   Code   RO         2330    i.ping_send_req     Net_Dbg_CM3_L.lib(net_ping_core.o)
    0x08018388   0x08018388   0x00000058   Code   RO         2192    i.proc_req_line     Net_Dbg_CM3_L.lib(net_http_server.o)
    0x080183e0   0x080183e0   0x0000001a   Code   RO         1909    i.que_free_list     Net_Dbg_CM3_L.lib(net_ip4_frag.o)
    0x080183fa   0x080183fa   0x000000a0   Code   RO         2193    i.read_script_line  Net_Dbg_CM3_L.lib(net_http_server.o)
    0x0801849a   0x0801849a   0x00000048   Code   RO         2194    i.search_delim      Net_Dbg_CM3_L.lib(net_http_server.o)
    0x080184e2   0x080184e2   0x00000002   PAD
    0x080184e4   0x080184e4   0x000000fc   Code   RO         2304    i.sntp_listener     Net_Dbg_CM3_L.lib(net_sntp_client_core.o)
    0x080185e0   0x080185e0   0x0000003c   Code   RO         2305    i.sntp_send_message  Net_Dbg_CM3_L.lib(net_sntp_client_core.o)
    0x0801861c   0x0801861c   0x00000018   Code   RO         2307    i.sntp_stop         Net_Dbg_CM3_L.lib(net_sntp_client_core.o)
    0x08018634   0x08018634   0x00000018   Code   RO         2364    i.sys_map_if        Net_Dbg_CM3_L.lib(net_sys.o)
    0x0801864c   0x0801864c   0x0000004c   Code   RO         2365    i.sys_proc_tick     Net_Dbg_CM3_L.lib(net_sys.o)
    0x08018698   0x08018698   0x00000110   Code   RO         2046    i.tcp_map_socket    Net_Dbg_CM3_L.lib(net_tcp.o)
    0x080187a8   0x080187a8   0x00000084   Code   RO         2047    i.tcp_parse_opt     Net_Dbg_CM3_L.lib(net_tcp.o)
    0x0801882c   0x0801882c   0x0000011c   Code   RO         2048    i.tcp_proc_acknr    Net_Dbg_CM3_L.lib(net_tcp.o)
    0x08018948   0x08018948   0x000000ac   Code   RO         2049    i.tcp_proc_dupack   Net_Dbg_CM3_L.lib(net_tcp.o)
    0x080189f4   0x080189f4   0x0000001a   Code   RO         2050    i.tcp_que_free      Net_Dbg_CM3_L.lib(net_tcp.o)
    0x08018a0e   0x08018a0e   0x0000001a   Code   RO         2051    i.tcp_que_init      Net_Dbg_CM3_L.lib(net_tcp.o)
    0x08018a28   0x08018a28   0x000000ac   Code   RO         2052    i.tcp_que_resend    Net_Dbg_CM3_L.lib(net_tcp.o)
    0x08018ad4   0x08018ad4   0x00000090   Code   RO         2053    i.tcp_send_ctrl     Net_Dbg_CM3_L.lib(net_tcp.o)
    0x08018b64   0x08018b64   0x0000007c   Code   RO         2054    i.tcp_send_data     Net_Dbg_CM3_L.lib(net_tcp.o)
    0x08018be0   0x08018be0   0x00000090   Code   RO         2055    i.tcp_send_reset    Net_Dbg_CM3_L.lib(net_tcp.o)
    0x08018c70   0x08018c70   0x00000044   Code   RO         2056    i.tcp_set_cwnd      Net_Dbg_CM3_L.lib(net_tcp.o)
    0x08018cb4   0x08018cb4   0x00000074   Code   RO         2057    i.tcp_transit       Net_Dbg_CM3_L.lib(net_tcp.o)
    0x08018d28   0x08018d28   0x0000010c   Code   RO         2058    i.tcp_write         Net_Dbg_CM3_L.lib(net_tcp.o)
    0x08018e34   0x08018e34   0x0000002c   Code   RO         1968    i.udp_port_in_use   Net_Dbg_CM3_L.lib(net_udp.o)
    0x08018e60   0x08018e60   0x00000044   Code   RO         2676    i.ul2str            Net_Dbg_CM3_L.lib(net_common.o)
    0x08018ea4   0x08018ea4   0x00000124   Code   RO         2195    i.utc_to_http       Net_Dbg_CM3_L.lib(net_http_server.o)
    0x08018fc8   0x08018fc8   0x00000024   Data   RO          163    .constdata          http_server.o
    0x08018fec   0x08018fec   0x00000004   Data   RO          256    .constdata          web.o
    0x08018ff0   0x08018ff0   0x000063a7   Data   RO          257    .constdata          web.o
    0x0801f397   0x0801f397   0x00000001   PAD
    0x0801f398   0x0801f398   0x000000a0   Data   RO          258    .constdata          web.o
    0x0801f438   0x0801f438   0x00000018   Data   RO          276    .constdata          led.o
    0x0801f450   0x0801f450   0x00000960   Data   RO          306    .constdata          lcd.o
    0x0801fdb0   0x0801fdb0   0x00000014   Data   RO          346    .constdata          adc.o
    0x0801fdc4   0x0801fdc4   0x00000024   Data   RO          657    .constdata          rtx_lib.o
    0x0801fde8   0x0801fde8   0x00000024   Data   RO          658    .constdata          rtx_lib.o
    0x0801fe0c   0x0801fe0c   0x00000018   Data   RO          659    .constdata          rtx_lib.o
    0x0801fe24   0x0801fe24   0x00000004   Data   RO          661    .constdata          rtx_lib.o
    0x0801fe28   0x0801fe28   0x00000004   Data   RO          997    .constdata          phy_lan8742a.o
    0x0801fe2c   0x0801fe2c   0x00000020   Data   RO          998    .constdata          phy_lan8742a.o
    0x0801fe4c   0x0801fe4c   0x00000050   Data   RO         1025    .constdata          emac_stm32f4xx.o
    0x0801fe9c   0x0801fe9c   0x00000044   Data   RO         1026    .constdata          emac_stm32f4xx.o
    0x0801fee0   0x0801fee0   0x00000034   Data   RO         1069    .constdata          spi_stm32f4xx.o
    0x0801ff14   0x0801ff14   0x00000010   Data   RO         1070    .constdata          spi_stm32f4xx.o
    0x0801ff24   0x0801ff24   0x00000010   Data   RO         1071    .constdata          spi_stm32f4xx.o
    0x0801ff34   0x0801ff34   0x0000002c   Data   RO         1072    .constdata          spi_stm32f4xx.o
    0x0801ff60   0x0801ff60   0x00000018   Data   RO         1110    .constdata          eventrecorder.o
    0x0801ff78   0x0801ff78   0x00000008   Data   RO         1249    .constdata          stm32f4xx_hal_dma.o
    0x0801ff80   0x0801ff80   0x00000010   Data   RO         1617    .constdata          system_stm32f4xx.o
    0x0801ff90   0x0801ff90   0x00000008   Data   RO         1618    .constdata          system_stm32f4xx.o
    0x0801ff98   0x0801ff98   0x000000a8   Data   RO         1661    .constdata          net_config.o
    0x08020040   0x08020040   0x0000001c   Data   RO         1662    .constdata          net_config.o
    0x0802005c   0x0802005c   0x00000014   Data   RO         1663    .constdata          net_config.o
    0x08020070   0x08020070   0x0000000c   Data   RO         1664    .constdata          net_config.o
    0x0802007c   0x0802007c   0x00000028   Data   RO         1665    .constdata          net_config.o
    0x080200a4   0x080200a4   0x0000002c   Data   RO         1666    .constdata          net_config.o
    0x080200d0   0x080200d0   0x00000008   Data   RO         1667    .constdata          net_config.o
    0x080200d8   0x080200d8   0x00000008   Data   RO         1668    .constdata          net_config.o
    0x080200e0   0x080200e0   0x00000008   Data   RO         1669    .constdata          net_config.o
    0x080200e8   0x080200e8   0x00000008   Data   RO         1670    .constdata          net_config.o
    0x080200f0   0x080200f0   0x00000008   Data   RO         1671    .constdata          net_config.o
    0x080200f8   0x080200f8   0x00000008   Data   RO         1672    .constdata          net_config.o
    0x08020100   0x08020100   0x00000008   Data   RO         1673    .constdata          net_config.o
    0x08020108   0x08020108   0x00000004   Data   RO         1675    .constdata          net_config.o
    0x0802010c   0x0802010c   0x00000008   Data   RO         1676    .constdata          net_config.o
    0x08020114   0x08020114   0x0000000c   Data   RO         1677    .constdata          net_config.o
    0x08020120   0x08020120   0x00000018   Data   RO         1678    .constdata          net_config.o
    0x08020138   0x08020138   0x00000034   Data   RO         1679    .constdata          net_config.o
    0x0802016c   0x0802016c   0x00000008   Data   RO         1680    .constdata          net_config.o
    0x08020174   0x08020174   0x0000002c   Data   RO         1681    .constdata          net_config.o
    0x080201a0   0x080201a0   0x00000024   Data   RO         1682    .constdata          net_config.o
    0x080201c4   0x080201c4   0x00000010   Data   RO         1684    .constdata          net_config.o
    0x080201d4   0x080201d4   0x00000010   Data   RO         1685    .constdata          net_config.o
    0x080201e4   0x080201e4   0x0000002c   Data   RO         1890    .constdata          Net_Dbg_CM3_L.lib(net_loopback.o)
    0x08020210   0x08020210   0x0000000c   Data   RO         1891    .constdata          Net_Dbg_CM3_L.lib(net_loopback.o)
    0x0802021c   0x0802021c   0x00000008   Data   RO         2128    .constdata          Net_Dbg_CM3_L.lib(net_nbns_client.o)
    0x08020224   0x08020224   0x000000fa   Data   RO         2197    .constdata          Net_Dbg_CM3_L.lib(net_http_server.o)
    0x0802031e   0x0802031e   0x00000002   PAD
    0x08020320   0x08020320   0x00000018   Data   RO         2276    .constdata          Net_Dbg_CM3_L.lib(net_http_server_auth.o)
    0x08020338   0x08020338   0x00000012   Data   RO         2332    .constdata          Net_Dbg_CM3_L.lib(net_ping_core.o)
    0x0802034a   0x0802034a   0x00000010   Data   RO         2425    .constdata          Net_Dbg_CM3_L.lib(net_addr.o)
    0x0802035a   0x0802035a   0x00000006   Data   RO         2426    .constdata          Net_Dbg_CM3_L.lib(net_addr.o)
    0x08020360   0x08020360   0x00000004   Data   RO         2548    .constdata          Net_Dbg_CM3_L.lib(net_ip4.o)
    0x08020364   0x08020364   0x00000020   Data   RO         2583    .constdata          Net_Dbg_CM3_L.lib(net_ip6.o)
    0x08020384   0x08020384   0x00000018   Data   RO         2623    .constdata          Net_Dbg_CM3_L.lib(net_http_server_err.o)
    0x0802039c   0x0802039c   0x00000010   Data   RO         2677    .constdata          Net_Dbg_CM3_L.lib(net_common.o)
    0x080203ac   0x080203ac   0x00000090   Data   RO         2724    .constdata          Net_Dbg_CM3_L.lib(net_base64.o)
    0x0802043c   0x0802043c   0x00000004   Data   RO         2733    .constdata          Net_Dbg_CM3_L.lib(net_version.o)
    0x08020440   0x08020440   0x0000000c   Data   RO         2747    .constdata          mc_w.l(localtime.o)
    0x0802044c   0x0802044c   0x000000da   Data   RO          218    .conststring        http_server_cgi.o
    0x08020526   0x08020526   0x00000002   PAD
    0x08020528   0x08020528   0x00000078   Data   RO         1686    .conststring        net_config.o
    0x080205a0   0x080205a0   0x0000000d   Data   RO         1687    .conststring        net_config.o
    0x080205ad   0x080205ad   0x00000003   PAD
    0x080205b0   0x080205b0   0x0000003c   Data   RO         1688    .conststring        net_config.o
    0x080205ec   0x080205ec   0x0000001d   Data   RO         1689    .conststring        net_config.o
    0x08020609   0x08020609   0x00000003   PAD
    0x0802060c   0x0802060c   0x0000000f   Data   RO         1690    .conststring        net_config.o
    0x0802061b   0x0802061b   0x00000001   PAD
    0x0802061c   0x0802061c   0x00000203   Data   RO         2624    .conststring        Net_Dbg_CM3_L.lib(net_http_server_err.o)
    0x0802081f   0x0802081f   0x00000001   PAD
    0x08020820   0x08020820   0x0000000b   Data   RO          602    .conststrlit        rtx_kernel.o
    0x0802082b   0x0802082b   0x00000001   PAD
    0x0802082c   0x0802082c   0x000000a8   Data   RO          662    .rodata             rtx_lib.o
    0x080208d4   0x080208d4   0x00000030   Data   RO         3080    Region$$Table       anon$$obj.o


    Execution Region RW_IRAM2 (Exec base: 0x10000000, Load base: 0x08020a5c, Size: 0x000004a4, Max: 0x00010000, ABSOLUTE)

    Exec Addr    Load Addr    Size         Type   Attr      Idx    E Section Name        Object

    0x10000000        -       0x000004a4   Zero   RW         1109    .bss.noinit         eventrecorder.o


    Execution Region RW_IRAM1 (Exec base: 0x20000000, Load base: 0x08020904, Size: 0x0000f828, Max: 0x00030000, ABSOLUTE, COMPRESSED[0x00000158])

    Exec Addr    Load Addr    Size         Type   Attr      Idx    E Section Name        Object

    0x20000000   COMPRESSED   0x00008000   Data   RW          649    .bss.os             rtx_lib.o
    0x20008000   COMPRESSED   0x00000040   Data   RW          650    .bss.os             rtx_lib.o
    0x20008040   COMPRESSED   0x00000001   Data   RW          949    .bss.os             os_systick.o
    0x20008041   COMPRESSED   0x00000003   PAD
    0x20008044   COMPRESSED   0x00000034   Data   RW          651    .bss.os.msgqueue.cb  rtx_lib.o
    0x20008078   COMPRESSED   0x00000050   Data   RW          652    .bss.os.msgqueue.mem  rtx_lib.o
    0x200080c8   COMPRESSED   0x0000001c   Data   RW         1655    .bss.os.mutex.cb    net_config.o
    0x200080e4   COMPRESSED   0x0000001c   Data   RW         1656    .bss.os.mutex.cb    net_config.o
    0x20008100   COMPRESSED   0x00000010   Data   RW         1657    .bss.os.semaphore.cb  net_config.o
    0x20008110   COMPRESSED   0x00000044   Data   RW          653    .bss.os.thread.cb   rtx_lib.o
    0x20008154   COMPRESSED   0x00000044   Data   RW          654    .bss.os.thread.cb   rtx_lib.o
    0x20008198   COMPRESSED   0x00000044   Data   RW         1658    .bss.os.thread.cb   net_config.o
    0x200081dc   COMPRESSED   0x00000044   Data   RW         1659    .bss.os.thread.cb   net_config.o
    0x20008220   COMPRESSED   0x00000200   Data   RW          655    .bss.os.thread.idle.stack  rtx_lib.o
    0x20008420   COMPRESSED   0x00000200   Data   RW          656    .bss.os.thread.timer.stack  rtx_lib.o
    0x20008620   COMPRESSED   0x00000020   Data   RW         1660    .bss.os.timer.cb    net_config.o
    0x20008640   COMPRESSED   0x00000004   Data   RW            5    .data               main.o
    0x20008644   COMPRESSED   0x00000036   Data   RW          164    .data               http_server.o
    0x2000867a   COMPRESSED   0x00000002   PAD
    0x2000867c   COMPRESSED   0x00000008   Data   RW          219    .data               http_server_cgi.o
    0x20008684   COMPRESSED   0x0000001c   Data   RW          307    .data               lcd.o
    0x200086a0   COMPRESSED   0x00000001   Data   RW          347    .data               adc.o
    0x200086a1   COMPRESSED   0x00000003   PAD
    0x200086a4   COMPRESSED   0x00000010   Data   RW          377    .data               rtc.o
    0x200086b4   COMPRESSED   0x00000018   Data   RW         1073    .data               spi_stm32f4xx.o
    0x200086cc   COMPRESSED   0x00000018   Data   RW         1074    .data               spi_stm32f4xx.o
    0x200086e4   COMPRESSED   0x0000000c   Data   RW         1143    .data               stm32f4xx_hal.o
    0x200086f0   COMPRESSED   0x00000004   Data   RW         1619    .data               system_stm32f4xx.o
    0x200086f4   COMPRESSED   0x00000004   Data   RW         1691    .data               net_config.o
    0x200086f8   COMPRESSED   0x00000006   Data   RW         1692    .data               net_config.o
    0x200086fe   COMPRESSED   0x00000004   Data   RW         1693    .data               net_config.o
    0x20008702   COMPRESSED   0x00000002   PAD
    0x20008704   COMPRESSED   0x00000004   Data   RW         1892    .data               Net_Dbg_CM3_L.lib(net_loopback.o)
    0x20008708   COMPRESSED   0x00000004   Data   RW         1910    .data               Net_Dbg_CM3_L.lib(net_ip4_frag.o)
    0x2000870c   COMPRESSED   0x00000001   Data   RW         1928    .data               Net_Dbg_CM3_L.lib(net_icmp.o)
    0x2000870d   COMPRESSED   0x00000001   PAD
    0x2000870e   COMPRESSED   0x00000002   Data   RW         1970    .data               Net_Dbg_CM3_L.lib(net_udp.o)
    0x20008710   COMPRESSED   0x00000004   Data   RW         2061    .data               Net_Dbg_CM3_L.lib(net_tcp.o)
    0x20008714   COMPRESSED   0x00000001   Data   RW         2129    .data               Net_Dbg_CM3_L.lib(net_nbns_client.o)
    0x20008715   COMPRESSED   0x00000003   PAD
    0x20008718   COMPRESSED   0x0000000c   Data   RW         2198    .data               Net_Dbg_CM3_L.lib(net_http_server.o)
    0x20008724   COMPRESSED   0x00000008   Data   RW         2549    .data               Net_Dbg_CM3_L.lib(net_ip4.o)
    0x2000872c   COMPRESSED   0x00000004   Data   RW         2585    .data               Net_Dbg_CM3_L.lib(net_ip6.o)
    0x20008730   COMPRESSED   0x000000a4   Data   RW          603    .data.os            rtx_kernel.o
    0x200087d4   COMPRESSED   0x00000004   PAD
    0x200087d8        -       0x00000400   Zero   RW          161    .bss                http_server.o
    0x20008bd8        -       0x00000040   Zero   RW          162    .bss                http_server.o
    0x20008c18        -       0x000000c8   Zero   RW          217    .bss                http_server_cgi.o
    0x20008ce0        -       0x00000254   Zero   RW          305    .bss                lcd.o
    0x20008f34        -       0x00000048   Zero   RW          345    .bss                adc.o
    0x20008f7c        -       0x00000074   Zero   RW          376    .bss                rtc.o
    0x20008ff0        -       0x0000000c   Zero   RW          996    .bss                phy_lan8742a.o
    0x20008ffc        -       0x000024cc   Zero   RW         1024    .bss                emac_stm32f4xx.o
    0x2000b4c8        -       0x00000010   Zero   RW         1066    .bss                spi_stm32f4xx.o
    0x2000b4d8        -       0x0000001c   Zero   RW         1067    .bss                spi_stm32f4xx.o
    0x2000b4f4        -       0x000000c0   Zero   RW         1068    .bss                spi_stm32f4xx.o
    0x2000b5b4   COMPRESSED   0x00000004   PAD
    0x2000b5b8        -       0x00000400   Zero   RW         1646    .bss                net_config.o
    0x2000b9b8        -       0x00000400   Zero   RW         1647    .bss                net_config.o
    0x2000bdb8        -       0x00002ee0   Zero   RW         1648    .bss                net_config.o
    0x2000ec98        -       0x000000c8   Zero   RW         1649    .bss                net_config.o
    0x2000ed60        -       0x00000018   Zero   RW         1650    .bss                net_config.o
    0x2000ed78        -       0x00000028   Zero   RW         1651    .bss                net_config.o
    0x2000eda0        -       0x00000050   Zero   RW         1652    .bss                net_config.o
    0x2000edf0        -       0x00000228   Zero   RW         1653    .bss                net_config.o
    0x2000f018        -       0x00000150   Zero   RW         1654    .bss                net_config.o
    0x2000f168        -       0x000000a0   Zero   RW         1787    .bss                Net_Dbg_CM3_L.lib(net_eth.o)
    0x2000f208        -       0x00000018   Zero   RW         1847    .bss                Net_Dbg_CM3_L.lib(net_arp.o)
    0x2000f220        -       0x0000001c   Zero   RW         1969    .bss                Net_Dbg_CM3_L.lib(net_udp.o)
    0x2000f23c        -       0x00000098   Zero   RW         2196    .bss                Net_Dbg_CM3_L.lib(net_http_server.o)
    0x2000f2d4        -       0x0000002c   Zero   RW         2308    .bss                Net_Dbg_CM3_L.lib(net_sntp_client_core.o)
    0x2000f300        -       0x0000002c   Zero   RW         2331    .bss                Net_Dbg_CM3_L.lib(net_ping_core.o)
    0x2000f32c        -       0x00000038   Zero   RW         2366    .bss                Net_Dbg_CM3_L.lib(net_sys.o)
    0x2000f364        -       0x00000024   Zero   RW         2367    .bss                Net_Dbg_CM3_L.lib(net_sys.o)
    0x2000f388        -       0x0000005c   Zero   RW         2424    .bss                Net_Dbg_CM3_L.lib(net_addr.o)
    0x2000f3e4        -       0x00000014   Zero   RW         2639    .bss                Net_Dbg_CM3_L.lib(net_mem.o)
    0x2000f3f8        -       0x0000002c   Zero   RW         2746    .bss                mc_w.l(localtime.o)
    0x2000f424   COMPRESSED   0x00000004   PAD
    0x2000f428        -       0x00000400   Zero   RW         1606    STACK               startup_stm32f429xx.o


==============================================================================

Image component sizes


      Code (inc. data)   RO Data    RW Data    ZI Data      Debug   Object Name

       308         30         20          1         72       2612   adc.o
      2536        156        148          0       9420      47826   emac_stm32f4xx.o
      1452         40         24          0       1188      17632   eventrecorder.o
       232         30         36         54       1088      11173   http_server.o
      1744        294        218          8        200       8268   http_server_cgi.o
       148          8          0          0          0        712   irq_armv7m.o
      1016         38       2400         28        596       9156   lcd.o
       224         12         24          0          0       2663   led.o
       276         28          0          4          0     799283   main.o
       372         24        825        254      15280      32845   net_config.o
       338          0          0          0          0        914   net_debug.o
       196         12          0          1          0       2016   os_systick.o
       428         10         36          0         12       7082   phy_lan8742a.o
       616         34          0         16        116       4900   rtc.o
         4          0          0          0          0        651   rtx_config.o
       260         14          0          0          0      18066   rtx_delay.o
      2404         88          0          0          0      45422   rtx_evr.o
      1752         98         11        164          0      28264   rtx_kernel.o
         0          0        268      34124          0       9346   rtx_lib.o
       292          0          0          0          0       3899   rtx_memory.o
      1984         48          0          0          0      15408   rtx_mempool.o
      2820         58          0          0          0      23948   rtx_msgqueue.o
      1368         30          0          0          0      10274   rtx_mutex.o
      1432         34          0          0          0      12136   rtx_semaphore.o
       668         18          0          0          0       8725   rtx_system.o
      4828        124          0          0          0      33487   rtx_thread.o
      1152         34          0          0          0      10377   rtx_timer.o
      4404        116        128         48        236      48295   spi_stm32f4xx.o
        36          8        428          0       1024        888   startup_stm32f429xx.o
       456         38          0         12          0      11543   stm32f4xx_hal.o
      2744         92          0          0          0       8903   stm32f4xx_hal_adc.o
      1828         42          0          0          0       6610   stm32f4xx_hal_adc_ex.o
       664         10          0          0          0      36238   stm32f4xx_hal_cortex.o
      1816         28          8          0          0       7717   stm32f4xx_hal_dma.o
       868         54          0          0          0       4071   stm32f4xx_hal_gpio.o
       376         20          0          0          0       3699   stm32f4xx_hal_pwr.o
      1888         66          0          0          0       6223   stm32f4xx_hal_rcc.o
      1508         80          0          0          0       4781   stm32f4xx_hal_rcc_ex.o
      2416         24          0          0          0       8785   stm32f4xx_hal_rtc.o
      2828         22          0          0          0      13769   stm32f4xx_hal_rtc_ex.o
      9170        166          0          0          0      37720   stm32f4xx_hal_tim.o
      2992         62          0          0          0      13736   stm32f4xx_hal_tim_ex.o
       148         20         24          4          0       1965   system_stm32f4xx.o
       120         10      25675          0          0       1896   web.o

    ----------------------------------------------------------------------
     63114       2120      30332      34728      29240    1383924   Object Totals
         0          0         48          0          0          0   (incl. Generated)
         2          0         11         10          8          0   (incl. Padding)

    ----------------------------------------------------------------------

      Code (inc. data)   RO Data    RW Data    ZI Data      Debug   Library Member Name

      1458         18         22          0         92       1624   net_addr.o
      2874        144          0          0         24       1548   net_arp.o
       120          6        144          0          0         84   net_base64.o
       622         10         16          0          0       1340   net_common.o
      3664        138          0          0        160       1600   net_eth.o
      6834       1268        250         12        152       2852   net_http_server.o
       266         66         24          0          0        368   net_http_server_auth.o
         0          0        539          0          0          0   net_http_server_err.o
       640         48          0          1          0        236   net_icmp.o
       812         60          0          0          0        332   net_icmp6.o
      1188         82          4          8          0        956   net_ip4.o
       690         30          0          4          0        476   net_ip4_frag.o
       848         72         32          4          0        644   net_ip6.o
       348         28         56          4          0        256   net_loopback.o
       592         64          0          0         20        564   net_mem.o
       520         44          8          1          0        188   net_nbns_client.o
      3058        106          0          0          0       1404   net_ndp.o
       188         32         18          0         44        220   net_ping_core.o
       872         70          0          0         44        584   net_sntp_client_core.o
       834         84          0          0         92       1012   net_sys.o
      6566        282          0          4          0       2728   net_tcp.o
      1400         80          0          2         28        772   net_udp.o
         0          0          4          0          0          0   net_version.o
        86          0          0          0          0          0   __dczerorl2.o
         0          0          0          0          0          0   entry.o
         0          0          0          0          0          0   entry10a.o
         0          0          0          0          0          0   entry11a.o
         4          0          0          0          0          0   entry12b.o
         8          4          0          0          0          0   entry2.o
         4          0          0          0          0          0   entry5.o
         0          0          0          0          0          0   entry7b.o
         0          0          0          0          0          0   entry8b.o
         8          4          0          0          0          0   entry9a.o
        30          0          0          0          0          0   handlers.o
        36          8          0          0          0         68   init.o
         0          0          0          0          0          0   iusefp.o
        30          0          0          0          0         68   llshl.o
        36          0          0          0          0         68   llsshr.o
        32          0          0          0          0         68   llushr.o
       148         10         12          0         44         76   localtime.o
        26          0          0          0          0         80   memcmp.o
        36          0          0          0          0         68   memcpya.o
        36          0          0          0          0        108   memseta.o
      2236         86          0          0          0        532   printfa.o
        28          0          0          0          0         76   strcmp.o
        18          0          0          0          0         68   strcpy.o
        14          0          0          0          0         68   strlen.o
        30          0          0          0          0         80   strncmp.o
        44          0          0          0          0         80   uidiv.o
        98          0          0          0          0         92   uldiv.o
        48          0          0          0          0         68   cdrcmple.o
       334          0          0          0          0        148   dadd.o
       222          0          0          0          0        100   ddiv.o
       186          0          0          0          0        176   depilogue.o
        48          0          0          0          0         68   dfixul.o
       228          0          0          0          0         96   dmul.o
        46          0          0          0          0         80   dscalb.o
        38          0          0          0          0         68   f2d.o
       110          0          0          0          0        168   fepilogue.o
        10          0          0          0          0         68   ffltui.o
       100          0          0          0          0         76   fmul.o

    ----------------------------------------------------------------------
     38802       2844       1132         44        704      22504   Library Totals
        50          0          3          4          4          0   (incl. Padding)

    ----------------------------------------------------------------------

      Code (inc. data)   RO Data    RW Data    ZI Data      Debug   Library Name

     34394       2732       1117         40        656      19788   Net_Dbg_CM3_L.lib
      2988        112         12          0         44       1600   mc_w.l
      1370          0          0          0          0       1116   mf_w.l

    ----------------------------------------------------------------------
     38802       2844       1132         44        704      22504   Library Totals

    ----------------------------------------------------------------------

==============================================================================


      Code (inc. data)   RO Data    RW Data    ZI Data      Debug   

    101916       4964      31464      34772      29944    1388304   Grand Totals
    101916       4964      31464        344      29944    1388304   ELF Image Totals (compressed)
    101916       4964      31464        344          0          0   ROM Totals

==============================================================================

    Total RO  Size (Code + RO Data)               133380 ( 130.25kB)
    Total RW  Size (RW Data + ZI Data)             64716 (  63.20kB)
    Total ROM Size (Code + RO Data + RW Data)     133724 ( 130.59kB)

==============================================================================

