Component: ARM Compiler 5.06 update 7 (build 960) Tool: armlink [4d3601]

==============================================================================

Section Cross References

    main.o(.text) refers to rtx_kernel.o(.text) for osKernelGetState
    main.o(.text) refers to stm32f4xx_hal_rcc.o(.text) for HAL_RCC_OscConfig
    main.o(.text) refers to stm32f4xx_hal.o(.text) for HAL_GetREVID
    main.o(.text) refers to system_stm32f4xx.o(.text) for SystemCoreClockUpdate
    main.o(.text) refers to rtc.o(.text) for init_RTC
    main.o(.text) refers to lcd_1.o(.text) for Init_ThLCD
    main.o(.text) refers to system_stm32f4xx.o(.data) for SystemCoreClock
    main.o(.text) refers to main.o(.data) for .data
    main.o(.text) refers to main.o(.bss) for .bss
    http_server.o(.text) refers to rtx_thread.o(.text) for osThreadFlagsSet
    http_server.o(.text) refers to lcd_1.o(.text) for LCD_fristConf
    http_server.o(.text) refers to printfa.o(i.__0sprintf) for __2sprintf
    http_server.o(.text) refers to leds_1.o(.text) for LED_SetOut
    http_server.o(.text) refers to rtx_delay.o(.text) for osDelay
    http_server.o(.text) refers to net_sys.o(i.netInitialize) for netInitialize
    http_server.o(.text) refers to http_server.o(.data) for .data
    http_server.o(.text) refers to http_server.o(.bss) for .bss
    http_server.o(.constdata) refers to http_server.o(.bss) for app_main_stk
    http_server_cgi.o(.text) refers to net_http_server.o(i.netCGI_GetEnvVar) for netCGI_GetEnvVar
    http_server_cgi.o(.text) refers to net_addr.o(i.netIP_aton) for netIP_aton
    http_server_cgi.o(.text) refers to net_sys.o(i.netIF_SetOption) for netIF_SetOption
    http_server_cgi.o(.text) refers to strcmp.o(.text) for strcmp
    http_server_cgi.o(.text) refers to strncmp.o(.text) for strncmp
    http_server_cgi.o(.text) refers to leds_1.o(.text) for LED_SetOut
    http_server_cgi.o(.text) refers to net_http_server.o(i.netHTTPs_LoginActive) for netHTTPs_LoginActive
    http_server_cgi.o(.text) refers to strcpy.o(.text) for strcpy
    http_server_cgi.o(.text) refers to net_http_server.o(i.netHTTPs_SetPassword) for netHTTPs_SetPassword
    http_server_cgi.o(.text) refers to rtx_thread.o(.text) for osThreadFlagsSet
    http_server_cgi.o(.text) refers to net_sys.o(i.netIF_GetOption) for netIF_GetOption
    http_server_cgi.o(.text) refers to net_addr.o(i.netIP_ntoa) for netIP_ntoa
    http_server_cgi.o(.text) refers to printfa.o(i.__0sprintf) for __2sprintf
    http_server_cgi.o(.text) refers to net_tcp.o(i.netTCP_GetState) for netTCP_GetState
    http_server_cgi.o(.text) refers to net_tcp.o(i.netTCP_GetPeer) for netTCP_GetPeer
    http_server_cgi.o(.text) refers to net_tcp.o(i.netTCP_GetTimer) for netTCP_GetTimer
    http_server_cgi.o(.text) refers to net_tcp.o(i.netTCP_GetLocalPort) for netTCP_GetLocalPort
    http_server_cgi.o(.text) refers to net_http_server.o(i.netHTTPs_GetPassword) for netHTTPs_GetPassword
    http_server_cgi.o(.text) refers to http_server_cgi.o(.bss) for .bss
    http_server_cgi.o(.text) refers to http_server_cgi.o(.data) for .data
    http_server_cgi.o(.text) refers to http_server.o(.data) for LEDrun
    http_server_cgi.o(.text) refers to http_server_cgi.o(.conststring) for .conststring
    http_server_cgi.o(.text) refers to net_http_server.o(i.netHTTPs_GetLanguage) for netHTTPs_GetLanguage
    http_server_cgi.o(.text) refers to http_server.o(.text) for AD_in
    http_server_cgi.o(.text) refers to ffltui.o(.text) for __aeabi_ui2f
    http_server_cgi.o(.text) refers to fmul.o(.text) for __aeabi_fmul
    http_server_cgi.o(.text) refers to f2d.o(.text) for __aeabi_f2d
    http_server_cgi.o(.text) refers to dscalb.o(.text) for __ARM_scalbn
    web.o(.text) refers to web.o(.constdata) for .constdata
    web.o(.constdata) refers to web.o(.constdata) for imageFileData
    thled.o(.text) refers to stm32f4xx_hal_gpio.o(.text) for HAL_GPIO_Init
    thled.o(.text) refers to rtx_delay.o(.text) for osDelay
    thled.o(.text) refers to rtx_thread.o(.text) for osThreadNew
    thled.o(.text) refers to thled.o(.bss) for .bss
    thled.o(.text) refers to thled.o(.data) for .data
    leds_1.o(.text) refers to stm32f4xx_hal_gpio.o(.text) for HAL_GPIO_Init
    leds_1.o(.text) refers to leds_1.o(.constdata) for .constdata
    lcd_1.o(.text) refers to rtx_msgqueue.o(.text) for osMessageQueueNew
    lcd_1.o(.text) refers to stm32f4xx_hal_gpio.o(.text) for HAL_GPIO_WritePin
    lcd_1.o(.text) refers to strlen.o(.text) for strlen
    lcd_1.o(.text) refers to stm32f4xx_hal_tim.o(.text) for HAL_TIM_Base_Init
    lcd_1.o(.text) refers to memseta.o(.text) for __aeabi_memclr4
    lcd_1.o(.text) refers to rtc.o(.text) for RTC_CalendarShow
    lcd_1.o(.text) refers to rtx_delay.o(.text) for osDelay
    lcd_1.o(.text) refers to lcd_1.o(.data) for .data
    lcd_1.o(.text) refers to lcd_1.o(.bss) for .bss
    lcd_1.o(.text) refers to lcd_1.o(.constdata) for .constdata
    lcd_1.o(.text) refers to rtx_thread.o(.text) for osThreadNew
[...]
    EvrRtxKernelStarted                      0x080011ab   Thumb Code    12  rtx_evr.o(.text)
    EvrRtxKernelLock                         0x080011b7   Thumb Code    12  rtx_evr.o(.text)
    EvrRtxKernelLocked                       0x080011c3   Thumb Code    12  rtx_evr.o(.text)
    EvrRtxKernelUnlock                       0x080011cf   Thumb Code    12  rtx_evr.o(.text)
    EvrRtxKernelUnlocked                     0x080011db   Thumb Code    12  rtx_evr.o(.text)
    EvrRtxKernelRestoreLock                  0x080011e7   Thumb Code    12  rtx_evr.o(.text)
    EvrRtxKernelLockRestored                 0x080011f3   Thumb Code    12  rtx_evr.o(.text)
    EvrRtxKernelSuspend                      0x080011ff   Thumb Code    12  rtx_evr.o(.text)
    EvrRtxKernelSuspended                    0x0800120b   Thumb Code    12  rtx_evr.o(.text)
    EvrRtxKernelResume                       0x08001217   Thumb Code    12  rtx_evr.o(.text)
    EvrRtxKernelResumed                      0x08001223   Thumb Code    12  rtx_evr.o(.text)
    EvrRtxKernelGetTickCount                 0x0800122f   Thumb Code    12  rtx_evr.o(.text)
    EvrRtxKernelGetTickFreq                  0x0800123b   Thumb Code    12  rtx_evr.o(.text)
    EvrRtxKernelGetSysTimerCount             0x08001247   Thumb Code    12  rtx_evr.o(.text)
    EvrRtxKernelGetSysTimerFreq              0x08001253   Thumb Code    12  rtx_evr.o(.text)
    EvrRtxKernelErrorNotify                  0x0800125f   Thumb Code    12  rtx_evr.o(.text)
    EvrRtxThreadError                        0x0800126b   Thumb Code    12  rtx_evr.o(.text)
    EvrRtxThreadNew                          0x08001277   Thumb Code    22  rtx_evr.o(.text)
    EvrRtxThreadCreated                      0x0800128d   Thumb Code    24  rtx_evr.o(.text)
    EvrRtxThreadGetName                      0x080012a5   Thumb Code    12  rtx_evr.o(.text)
    EvrRtxThreadGetId                        0x080012b1   Thumb Code    12  rtx_evr.o(.text)
    EvrRtxThreadGetState                     0x080012bd   Thumb Code    12  rtx_evr.o(.text)
    EvrRtxThreadGetStackSize                 0x080012c9   Thumb Code    12  rtx_evr.o(.text)
    EvrRtxThreadGetStackSpace                0x080012d5   Thumb Code    12  rtx_evr.o(.text)
    EvrRtxThreadSetPriority                  0x080012e1   Thumb Code    12  rtx_evr.o(.text)
    EvrRtxThreadPriorityUpdated              0x080012ed   Thumb Code    12  rtx_evr.o(.text)
    EvrRtxThreadGetPriority                  0x080012f9   Thumb Code    12  rtx_evr.o(.text)
    EvrRtxThreadYield                        0x08001305   Thumb Code    12  rtx_evr.o(.text)
    EvrRtxThreadSuspend                      0x08001311   Thumb Code    12  rtx_evr.o(.text)
    EvrRtxThreadSuspended                    0x0800131d   Thumb Code    12  rtx_evr.o(.text)
    EvrRtxThreadResume                       0x08001329   Thumb Code    12  rtx_evr.o(.text)
    EvrRtxThreadResumed                      0x08001335   Thumb Code    12  rtx_evr.o(.text)
    EvrRtxThreadDetach                       0x08001341   Thumb Code    12  rtx_evr.o(.text)
    EvrRtxThreadDetached                     0x0800134d   Thumb Code    12  rtx_evr.o(.text)
    EvrRtxThreadJoin                         0x08001359   Thumb Code    12  rtx_evr.o(.text)
    EvrRtxThreadJoinPending                  0x08001365   Thumb Code    12  rtx_evr.o(.text)
    EvrRtxThreadJoined                       0x08001371   Thumb Code    12  rtx_evr.o(.text)
    EvrRtxThreadBlocked                      0x0800137d   Thumb Code    10  rtx_evr.o(.text)
    EvrRtxThreadUnblocked                    0x08001387   Thumb Code    12  rtx_evr.o(.text)
    EvrRtxThreadPreempted                    0x08001393   Thumb Code    12  rtx_evr.o(.text)
    EvrRtxThreadSwitched                     0x0800139f   Thumb Code    12  rtx_evr.o(.text)
    EvrRtxThreadExit                         0x080013ab   Thumb Code    12  rtx_evr.o(.text)
    EvrRtxThreadTerminate                    0x080013b7   Thumb Code    12  rtx_evr.o(.text)
    EvrRtxThreadDestroyed                    0x080013c3   Thumb Code    12  rtx_evr.o(.text)
    EvrRtxThreadGetCount                     0x080013cf   Thumb Code    12  rtx_evr.o(.text)
    EvrRtxThreadEnumerate                    0x080013db   Thumb Code    24  rtx_evr.o(.text)
    EvrRtxThreadFlagsError                   0x080013f3   Thumb Code    12  rtx_evr.o(.text)
    EvrRtxThreadFlagsSet                     0x080013ff   Thumb Code    10  rtx_evr.o(.text)
    EvrRtxThreadFlagsSetDone                 0x08001409   Thumb Code    10  rtx_evr.o(.text)
    EvrRtxThreadFlagsClear                   0x08001413   Thumb Code    12  rtx_evr.o(.text)
    EvrRtxThreadFlagsClearDone               0x0800141f   Thumb Code    12  rtx_evr.o(.text)
    EvrRtxThreadFlagsGet                     0x0800142b   Thumb Code    12  rtx_evr.o(.text)
    EvrRtxThreadFlagsWait                    0x08001437   Thumb Code    24  rtx_evr.o(.text)
    EvrRtxThreadFlagsWaitPending             0x0800144f   Thumb Code    24  rtx_evr.o(.text)
    EvrRtxThreadFlagsWaitTimeout             0x08001467   Thumb Code    12  rtx_evr.o(.text)
    EvrRtxThreadFlagsWaitCompleted           0x08001473   Thumb Code    20  rtx_evr.o(.text)
    EvrRtxThreadFlagsWaitNotCompleted        0x08001487   Thumb Code    12  rtx_evr.o(.text)
    EvrRtxDelayError                         0x08001493   Thumb Code    12  rtx_evr.o(.text)
    EvrRtxDelay                              0x0800149f   Thumb Code    10  rtx_evr.o(.text)
    EvrRtxDelayUntil                         0x080014a9   Thumb Code    12  rtx_evr.o(.text)
    EvrRtxDelayStarted                       0x080014b5   Thumb Code    52  rtx_evr.o(.text)
    EvrRtxDelayUntilStarted                  0x080014e9   Thumb Code    10  rtx_evr.o(.text)
    EvrRtxDelayCompleted                     0x080014f3   Thumb Code    12  rtx_evr.o(.text)
    EvrRtxTimerError                         0x080014ff   Thumb Code    12  rtx_evr.o(.text)
    EvrRtxTimerCallback                      0x0800150b   Thumb Code    10  rtx_evr.o(.text)
    EvrRtxTimerNew                           0x08001515   Thumb Code    18  rtx_evr.o(.text)
    EvrRtxTimerCreated                       0x08001527   Thumb Code    12  rtx_evr.o(.text)
    EvrRtxTimerGetName                       0x08001533   Thumb Code    12  rtx_evr.o(.text)
    EvrRtxTimerStart                         0x0800153f   Thumb Code    12  rtx_evr.o(.text)
    EvrRtxTimerStarted                       0x0800154b   Thumb Code    12  rtx_evr.o(.text)
    EvrRtxTimerStop                          0x08001557   Thumb Code    12  rtx_evr.o(.text)
    EvrRtxTimerStopped                       0x08001563   Thumb Code    12  rtx_evr.o(.text)
    EvrRtxTimerIsRunning                     0x0800156f   Thumb Code    12  rtx_evr.o(.text)
    EvrRtxTimerDelete                        0x0800157b   Thumb Code    12  rtx_evr.o(.text)
    EvrRtxTimerDestroyed                     0x08001587   Thumb Code    12  rtx_evr.o(.text)
    EvrRtxEventFlagsError                    0x08001593   Thumb Code    12  rtx_evr.o(.text)
    EvrRtxEventFlagsNew                      0x0800159f   Thumb Code    10  rtx_evr.o(.text)
    EvrRtxEventFlagsCreated                  0x080015a9   Thumb Code    12  rtx_evr.o(.text)
    EvrRtxEventFlagsGetName                  0x080015b5   Thumb Code    12  rtx_evr.o(.text)
    EvrRtxEventFlagsSet                      0x080015c1   Thumb Code    12  rtx_evr.o(.text)
    EvrRtxEventFlagsSetDone                  0x080015cd   Thumb Code    12  rtx_evr.o(.text)
    EvrRtxEventFlagsClear                    0x080015d9   Thumb Code    12  rtx_evr.o(.text)
    EvrRtxEventFlagsClearDone                0x080015e5   Thumb Code    12  rtx_evr.o(.text)
    EvrRtxEventFlagsGet                      0x080015f1   Thumb Code    12  rtx_evr.o(.text)
    EvrRtxEventFlagsWait                     0x080015fd   Thumb Code    20  rtx_evr.o(.text)
    EvrRtxEventFlagsWaitPending              0x08001611   Thumb Code    20  rtx_evr.o(.text)
    EvrRtxEventFlagsWaitTimeout              0x08001625   Thumb Code    12  rtx_evr.o(.text)
    EvrRtxEventFlagsWaitCompleted            0x08001631   Thumb Code    20  rtx_evr.o(.text)
    EvrRtxEventFlagsWaitNotCompleted         0x08001645   Thumb Code    24  rtx_evr.o(.text)
    EvrRtxEventFlagsDelete                   0x0800165d   Thumb Code    12  rtx_evr.o(.text)
    EvrRtxEventFlagsDestroyed                0x08001669   Thumb Code    12  rtx_evr.o(.text)
    EvrRtxMutexError                         0x08001675   Thumb Code    12  rtx_evr.o(.text)
    EvrRtxMutexNew                           0x08001681   Thumb Code    12  rtx_evr.o(.text)
    EvrRtxMutexCreated                       0x0800168d   Thumb Code    10  rtx_evr.o(.text)
    EvrRtxMutexGetName                       0x08001697   Thumb Code    10  rtx_evr.o(.text)
    EvrRtxMutexAcquire                       0x080016a1   Thumb Code    12  rtx_evr.o(.text)
    EvrRtxMutexAcquirePending                0x080016ad   Thumb Code    12  rtx_evr.o(.text)
    EvrRtxMutexAcquireTimeout                0x080016b9   Thumb Code    12  rtx_evr.o(.text)
    EvrRtxMutexAcquired                      0x080016c5   Thumb Code    12  rtx_evr.o(.text)
    EvrRtxMutexNotAcquired                   0x080016d1   Thumb Code    12  rtx_evr.o(.text)
    EvrRtxMutexRelease                       0x080016dd   Thumb Code    12  rtx_evr.o(.text)
    EvrRtxMutexReleased                      0x080016e9   Thumb Code    12  rtx_evr.o(.text)
    EvrRtxMutexGetOwner                      0x080016f5   Thumb Code    12  rtx_evr.o(.text)
    EvrRtxMutexDelete                        0x08001701   Thumb Code    12  rtx_evr.o(.text)
    EvrRtxMutexDestroyed                     0x0800170d   Thumb Code    12  rtx_evr.o(.text)
    EvrRtxSemaphoreError                     0x08001719   Thumb Code    12  rtx_evr.o(.text)
    EvrRtxSemaphoreNew                       0x08001725   Thumb Code    24  rtx_evr.o(.text)
    EvrRtxSemaphoreCreated                   0x0800173d   Thumb Code    10  rtx_evr.o(.text)
    EvrRtxSemaphoreGetName                   0x08001747   Thumb Code    10  rtx_evr.o(.text)
    EvrRtxSemaphoreAcquire                   0x08001751   Thumb Code    12  rtx_evr.o(.text)
    EvrRtxSemaphoreAcquirePending            0x0800175d   Thumb Code    12  rtx_evr.o(.text)
    EvrRtxSemaphoreAcquireTimeout            0x08001769   Thumb Code    12  rtx_evr.o(.text)
    EvrRtxSemaphoreAcquired                  0x08001775   Thumb Code    12  rtx_evr.o(.text)
    EvrRtxSemaphoreNotAcquired               0x08001781   Thumb Code    12  rtx_evr.o(.text)
    EvrRtxSemaphoreRelease                   0x0800178d   Thumb Code    12  rtx_evr.o(.text)
    EvrRtxSemaphoreReleased                  0x08001799   Thumb Code    12  rtx_evr.o(.text)
    EvrRtxSemaphoreGetCount                  0x080017a5   Thumb Code    12  rtx_evr.o(.text)
    EvrRtxSemaphoreDelete                    0x080017b1   Thumb Code    12  rtx_evr.o(.text)
    EvrRtxSemaphoreDestroyed                 0x080017bd   Thumb Code    12  rtx_evr.o(.text)
    EvrRtxMemoryPoolError                    0x080017c9   Thumb Code    12  rtx_evr.o(.text)
    EvrRtxMemoryPoolNew                      0x080017d5   Thumb Code    24  rtx_evr.o(.text)
    EvrRtxMemoryPoolCreated                  0x080017ed   Thumb Code    10  rtx_evr.o(.text)
    EvrRtxMemoryPoolGetName                  0x080017f7   Thumb Code    10  rtx_evr.o(.text)
    EvrRtxMemoryPoolAlloc                    0x08001801   Thumb Code    12  rtx_evr.o(.text)
    EvrRtxMemoryPoolAllocPending             0x0800180d   Thumb Code    12  rtx_evr.o(.text)
    EvrRtxMemoryPoolAllocTimeout             0x08001819   Thumb Code    12  rtx_evr.o(.text)
    EvrRtxMemoryPoolAllocated                0x08001825   Thumb Code    12  rtx_evr.o(.text)
    EvrRtxMemoryPoolAllocFailed              0x08001831   Thumb Code    12  rtx_evr.o(.text)
    EvrRtxMemoryPoolFree                     0x0800183d   Thumb Code    12  rtx_evr.o(.text)
    EvrRtxMemoryPoolDeallocated              0x08001849   Thumb Code    12  rtx_evr.o(.text)
    EvrRtxMemoryPoolFreeFailed               0x08001855   Thumb Code    12  rtx_evr.o(.text)
    EvrRtxMemoryPoolGetCapacity              0x08001861   Thumb Code    12  rtx_evr.o(.text)
    EvrRtxMemoryPoolGetBlockSize             0x0800186d   Thumb Code    12  rtx_evr.o(.text)
    EvrRtxMemoryPoolGetCount                 0x08001879   Thumb Code    12  rtx_evr.o(.text)
    EvrRtxMemoryPoolGetSpace                 0x08001885   Thumb Code    12  rtx_evr.o(.text)
    EvrRtxMemoryPoolDelete                   0x08001891   Thumb Code    12  rtx_evr.o(.text)
    EvrRtxMemoryPoolDestroyed                0x0800189d   Thumb Code    12  rtx_evr.o(.text)
    EvrRtxMessageQueueError                  0x080018a9   Thumb Code    12  rtx_evr.o(.text)
    EvrRtxMessageQueueNew                    0x080018b5   Thumb Code    64  rtx_evr.o(.text)
    EvrRtxMessageQueueCreated                0x080018f5   Thumb Code    10  rtx_evr.o(.text)
    EvrRtxMessageQueueGetName                0x080018ff   Thumb Code    10  rtx_evr.o(.text)
    EvrRtxMessageQueuePut                    0x08001909   Thumb Code    20  rtx_evr.o(.text)
    EvrRtxMessageQueuePutPending             0x0800191d   Thumb Code    24  rtx_evr.o(.text)
    EvrRtxMessageQueuePutTimeout             0x08001935   Thumb Code    12  rtx_evr.o(.text)
    EvrRtxMessageQueueInsertPending          0x08001941   Thumb Code    12  rtx_evr.o(.text)
    EvrRtxMessageQueueInserted               0x0800194d   Thumb Code    12  rtx_evr.o(.text)
    EvrRtxMessageQueueNotInserted            0x08001959   Thumb Code    12  rtx_evr.o(.text)
    EvrRtxMessageQueueGet                    0x08001965   Thumb Code    20  rtx_evr.o(.text)
    EvrRtxMessageQueueGetPending             0x08001979   Thumb Code    24  rtx_evr.o(.text)
    EvrRtxMessageQueueGetTimeout             0x08001991   Thumb Code    12  rtx_evr.o(.text)
    EvrRtxMessageQueueRetrieved              0x0800199d   Thumb Code    12  rtx_evr.o(.text)
    EvrRtxMessageQueueNotRetrieved           0x080019a9   Thumb Code    12  rtx_evr.o(.text)
    EvrRtxMessageQueueGetCapacity            0x080019b5   Thumb Code    12  rtx_evr.o(.text)
    EvrRtxMessageQueueGetMsgSize             0x080019c1   Thumb Code    12  rtx_evr.o(.text)
    EvrRtxMessageQueueGetCount               0x080019cd   Thumb Code    12  rtx_evr.o(.text)
    EvrRtxMessageQueueGetSpace               0x080019d9   Thumb Code    12  rtx_evr.o(.text)
    EvrRtxMessageQueueReset                  0x080019e5   Thumb Code    12  rtx_evr.o(.text)
    EvrRtxMessageQueueResetDone              0x080019f1   Thumb Code    12  rtx_evr.o(.text)
    EvrRtxMessageQueueDelete                 0x080019fd   Thumb Code    12  rtx_evr.o(.text)
    EvrRtxMessageQueueDestroyed              0x08001a09   Thumb Code    12  rtx_evr.o(.text)
    osRtxKernelErrorNotify                   0x08001e73   Thumb Code    26  rtx_kernel.o(.text)
    osKernelInitialize                       0x08001e8d   Thumb Code    44  rtx_kernel.o(.text)
    osKernelGetInfo                          0x08001eb9   Thumb Code    68  rtx_kernel.o(.text)
    osKernelGetState                         0x08001efd   Thumb Code    40  rtx_kernel.o(.text)
    osKernelStart                            0x08001f25   Thumb Code    40  rtx_kernel.o(.text)
    osKernelLock                             0x08001f4d   Thumb Code    40  rtx_kernel.o(.text)
    osKernelUnlock                           0x08001f75   Thumb Code    40  rtx_kernel.o(.text)
    osKernelRestoreLock                      0x08001f9d   Thumb Code    46  rtx_kernel.o(.text)
    osKernelSuspend                          0x08001fcb   Thumb Code    38  rtx_kernel.o(.text)
    osKernelResume                           0x08001ff1   Thumb Code    44  rtx_kernel.o(.text)
    osKernelGetTickCount                     0x0800201d   Thumb Code    28  rtx_kernel.o(.text)
    osKernelGetTickFreq                      0x08002039   Thumb Code    28  rtx_kernel.o(.text)
    osKernelGetSysTimerCount                 0x08002055   Thumb Code    28  rtx_kernel.o(.text)
    osKernelGetSysTimerFreq                  0x08002071   Thumb Code    28  rtx_kernel.o(.text)
    osRtxKernelPreInit                       0x080020e9   Thumb Code    24  rtx_lib.o(.text)
    osRtxMemoryInit                          0x08002101   Thumb Code    64  rtx_memory.o(.text)
    osRtxMemoryAlloc                         0x08002141   Thumb Code   144  rtx_memory.o(.text)
    osRtxMemoryFree                          0x080021d1   Thumb Code    84  rtx_memory.o(.text)
    osRtxMemoryPoolInit                      0x08002225   Thumb Code    72  rtx_mempool.o(.text)
    osRtxMemoryPoolAlloc                     0x0800226d   Thumb Code    50  rtx_mempool.o(.text)
    osRtxMemoryPoolFree                      0x0800229f   Thumb Code    70  rtx_mempool.o(.text)
    osMemoryPoolNew                          0x0800266f   Thumb Code    58  rtx_mempool.o(.text)
    osMemoryPoolGetName                      0x080026a9   Thumb Code    38  rtx_mempool.o(.text)
    osMemoryPoolAlloc                        0x080026cf   Thumb Code    94  rtx_mempool.o(.text)
    osMemoryPoolFree                         0x0800272d   Thumb Code   104  rtx_mempool.o(.text)
    osMemoryPoolGetCapacity                  0x08002795   Thumb Code    34  rtx_mempool.o(.text)
    osMemoryPoolGetBlockSize                 0x080027b7   Thumb Code    34  rtx_mempool.o(.text)
    osMemoryPoolGetCount                     0x080027d9   Thumb Code    72  rtx_mempool.o(.text)
    osMemoryPoolGetSpace                     0x08002821   Thumb Code    34  rtx_mempool.o(.text)
    osMemoryPoolDelete                       0x08002843   Thumb Code    48  rtx_mempool.o(.text)
    osRtxMessageQueueTimerSetup              0x08002f79   Thumb Code    30  rtx_msgqueue.o(.text)
    osMessageQueueNew                        0x08002f97   Thumb Code    58  rtx_msgqueue.o(.text)
    osMessageQueueGetName                    0x08002fd1   Thumb Code    38  rtx_msgqueue.o(.text)
    osMessageQueuePut                        0x08002ff7   Thumb Code   156  rtx_msgqueue.o(.text)
    osMessageQueueGet                        0x08003093   Thumb Code   142  rtx_msgqueue.o(.text)
    osMessageQueueGetCapacity                0x08003121   Thumb Code    34  rtx_msgqueue.o(.text)
    osMessageQueueGetMsgSize                 0x08003143   Thumb Code    34  rtx_msgqueue.o(.text)
    osMessageQueueGetCount                   0x08003165   Thumb Code    34  rtx_msgqueue.o(.text)
    osMessageQueueGetSpace                   0x08003187   Thumb Code    34  rtx_msgqueue.o(.text)
    osMessageQueueReset                      0x080031a9   Thumb Code    48  rtx_msgqueue.o(.text)
    osMessageQueueDelete                     0x080031d9   Thumb Code    48  rtx_msgqueue.o(.text)
    osRtxMutexOwnerRelease                   0x08003259   Thumb Code    88  rtx_mutex.o(.text)
    osRtxMutexOwnerRestore                   0x080032b1   Thumb Code    70  rtx_mutex.o(.text)
    osMutexNew                               0x08003663   Thumb Code    46  rtx_mutex.o(.text)
    osMutexGetName                           0x08003691   Thumb Code    38  rtx_mutex.o(.text)
    osMutexAcquire                           0x080036b7   Thumb Code    54  rtx_mutex.o(.text)
    osMutexRelease                           0x080036ed   Thumb Code    48  rtx_mutex.o(.text)
    osMutexGetOwner                          0x0800371d   Thumb Code    58  rtx_mutex.o(.text)
    osMutexDelete                            0x08003757   Thumb Code    48  rtx_mutex.o(.text)
    osRtxTick_Handler                        0x08003809   Thumb Code   124  rtx_system.o(.text)
    osRtxPendSV_Handler                      0x08003885   Thumb Code    74  rtx_system.o(.text)
    osRtxPostProcess                         0x080038cf   Thumb Code    46  rtx_system.o(.text)
    osRtxThreadListPut                       0x0800393f   Thumb Code    38  rtx_thread.o(.text)
    osRtxThreadListGet                       0x08003965   Thumb Code    22  rtx_thread.o(.text)
    osRtxThreadListRemove                    0x08003987   Thumb Code    24  rtx_thread.o(.text)
    osRtxThreadListSort                      0x0800399f   Thumb Code    42  rtx_thread.o(.text)
    osRtxThreadReadyPut                      0x080039e7   Thumb Code    10  rtx_thread.o(.text)
    osRtxThreadRegPtr                        0x08003a9b   Thumb Code     6  rtx_thread.o(.text)
    osRtxThreadDelayTick                     0x08003aa1   Thumb Code   206  rtx_thread.o(.text)
    osRtxThreadSwitch                        0x08003b9d   Thumb Code    14  rtx_thread.o(.text)
    osRtxThreadDispatch                      0x08003bab   Thumb Code   100  rtx_thread.o(.text)
    osRtxThreadWaitExit                      0x08003c0f   Thumb Code    48  rtx_thread.o(.text)
    osRtxThreadWaitEnter                     0x08003c3f   Thumb Code    62  rtx_thread.o(.text)
    osRtxThreadStackCheck                    0x08003c7d   Thumb Code    24  rtx_thread.o(.text)
    osThreadExit                             0x08003dd7   Thumb Code    22  rtx_thread.o(.text)
    osRtxThreadStartup                       0x0800466d   Thumb Code    56  rtx_thread.o(.text)
    osThreadNew                              0x080046a5   Thumb Code    76  rtx_thread.o(.text)
    osThreadGetName                          0x080046f1   Thumb Code    38  rtx_thread.o(.text)
    osThreadGetId                            0x08004717   Thumb Code    28  rtx_thread.o(.text)
    osThreadGetState                         0x08004733   Thumb Code    42  rtx_thread.o(.text)
    osThreadGetStackSize                     0x0800475d   Thumb Code    38  rtx_thread.o(.text)
    osThreadGetStackSpace                    0x08004783   Thumb Code    38  rtx_thread.o(.text)
    osThreadSetPriority                      0x080047a9   Thumb Code    54  rtx_thread.o(.text)
    osThreadGetPriority                      0x080047df   Thumb Code    42  rtx_thread.o(.text)
    osThreadYield                            0x08004809   Thumb Code    42  rtx_thread.o(.text)
    osThreadSuspend                          0x08004833   Thumb Code    48  rtx_thread.o(.text)
    osThreadResume                           0x08004863   Thumb Code    48  rtx_thread.o(.text)
    osThreadDetach                           0x08004893   Thumb Code    48  rtx_thread.o(.text)
    osThreadJoin                             0x080048c3   Thumb Code    48  rtx_thread.o(.text)
    osThreadTerminate                        0x080048f3   Thumb Code    48  rtx_thread.o(.text)
    osThreadGetCount                         0x08004923   Thumb Code    32  rtx_thread.o(.text)
    osThreadEnumerate                        0x08004943   Thumb Code    44  rtx_thread.o(.text)
    osThreadFlagsSet                         0x0800496f   Thumb Code   112  rtx_thread.o(.text)
    osThreadFlagsClear                       0x080049df   Thumb Code    48  rtx_thread.o(.text)
    osThreadFlagsGet                         0x08004a0f   Thumb Code    32  rtx_thread.o(.text)
    osThreadFlagsWait                        0x08004a2f   Thumb Code    60  rtx_thread.o(.text)
    osRtxTimerSetup                          0x08004bab   Thumb Code    24  rtx_timer.o(.text)
    osRtxTimerThread                         0x08004bc3   Thumb Code    40  rtx_timer.o(.text)
    osTimerNew                               0x08004df3   Thumb Code    66  rtx_timer.o(.text)
    osTimerGetName                           0x08004e35   Thumb Code    38  rtx_timer.o(.text)
    osTimerStart                             0x08004e5b   Thumb Code    54  rtx_timer.o(.text)
    osTimerStop                              0x08004e91   Thumb Code    72  rtx_timer.o(.text)
    osTimerIsRunning                         0x08004ed9   Thumb Code    38  rtx_timer.o(.text)
    osTimerDelete                            0x08004eff   Thumb Code    48  rtx_timer.o(.text)
    OS_Tick_Setup                            0x08004f59   Thumb Code    58  os_systick.o(.text)
    OS_Tick_Enable                           0x08004f93   Thumb Code    36  os_systick.o(.text)
    OS_Tick_Disable                          0x08004fb7   Thumb Code    36  os_systick.o(.text)
    OS_Tick_AcknowledgeIRQ                   0x08004fdb   Thumb Code     8  os_systick.o(.text)
    OS_Tick_GetIRQn                          0x08004fe3   Thumb Code     6  os_systick.o(.text)
    OS_Tick_GetClock                         0x08004fe9   Thumb Code     6  os_systick.o(.text)
    OS_Tick_GetInterval                      0x08004fef   Thumb Code    10  os_systick.o(.text)
    OS_Tick_GetCount                         0x08004ff9   Thumb Code    12  os_systick.o(.text)
    OS_Tick_GetOverflow                      0x08005005   Thumb Code    12  os_systick.o(.text)
    osRtxIdleThread                          0x0800501d   Thumb Code     2  rtx_config.o(.text)
    osRtxErrorNotify                         0x0800501f   Thumb Code     2  rtx_config.o(.text)
    ETH_IRQHandler                           0x080059bf   Thumb Code    56  emac_stm32f4xx.o(.text)
    SPI1_IRQHandler                          0x0800665b   Thumb Code     4  spi_stm32f4xx.o(.text)
    EventRecorderTimerGetCount               0x0800670f   Thumb Code     6  eventrecorder.o(.text)
    EventRecorderTimerSetup                  0x0800677f   Thumb Code    24  eventrecorder.o(.text)
    EventRecorderTimerGetFreq                0x08006797   Thumb Code     6  eventrecorder.o(.text)
    EventRecorderStart                       0x0800679d   Thumb Code    40  eventrecorder.o(.text)
    EventRecorderEnable                      0x080067c5   Thumb Code    88  eventrecorder.o(.text)
    EventRecorderInitialize                  0x0800681d   Thumb Code   228  eventrecorder.o(.text)
    EventRecorderDisable                     0x08006901   Thumb Code    84  eventrecorder.o(.text)
    EventRecorderStop                        0x08006955   Thumb Code    42  eventrecorder.o(.text)
    EventRecorderClockUpdate                 0x0800697f   Thumb Code    34  eventrecorder.o(.text)
    EventRecordData                          0x080069a1   Thumb Code   298  eventrecorder.o(.text)
    EventRecord2                             0x08006acb   Thumb Code    60  eventrecorder.o(.text)
    EventRecord4                             0x08006b07   Thumb Code   106  eventrecorder.o(.text)
    HAL_MspInit                              0x08006b9d   Thumb Code     2  stm32f4xx_hal.o(.text)
    HAL_InitTick                             0x08006b9f   Thumb Code    58  stm32f4xx_hal.o(.text)
    HAL_Init                                 0x08006bd9   Thumb Code    40  stm32f4xx_hal.o(.text)
    HAL_MspDeInit                            0x08006c01   Thumb Code     2  stm32f4xx_hal.o(.text)
    HAL_DeInit                               0x08006c03   Thumb Code    48  stm32f4xx_hal.o(.text)
    HAL_IncTick                              0x08006c33   Thumb Code    12  stm32f4xx_hal.o(.text)
    HAL_GetTickPrio                          0x08006c45   Thumb Code     6  stm32f4xx_hal.o(.text)
    HAL_SetTickFreq                          0x08006c4b   Thumb Code    30  stm32f4xx_hal.o(.text)
    HAL_GetTickFreq                          0x08006c69   Thumb Code     6  stm32f4xx_hal.o(.text)
    HAL_Delay                                0x08006c6f   Thumb Code    32  stm32f4xx_hal.o(.text)
    HAL_SuspendTick                          0x08006c8f   Thumb Code    14  stm32f4xx_hal.o(.text)
    HAL_ResumeTick                           0x08006c9d   Thumb Code    14  stm32f4xx_hal.o(.text)
    HAL_GetHalVersion                        0x08006cab   Thumb Code     4  stm32f4xx_hal.o(.text)
    HAL_GetREVID                             0x08006caf   Thumb Code     8  stm32f4xx_hal.o(.text)
    HAL_GetDEVID                             0x08006cb7   Thumb Code    10  stm32f4xx_hal.o(.text)
    HAL_DBGMCU_EnableDBGSleepMode            0x08006cc1   Thumb Code    12  stm32f4xx_hal.o(.text)
    HAL_DBGMCU_DisableDBGSleepMode           0x08006ccd   Thumb Code    12  stm32f4xx_hal.o(.text)
    HAL_DBGMCU_EnableDBGStopMode             0x08006cd9   Thumb Code    12  stm32f4xx_hal.o(.text)
    HAL_DBGMCU_DisableDBGStopMode            0x08006ce5   Thumb Code    12  stm32f4xx_hal.o(.text)
    HAL_DBGMCU_EnableDBGStandbyMode          0x08006cf1   Thumb Code    12  stm32f4xx_hal.o(.text)
    HAL_DBGMCU_DisableDBGStandbyMode         0x08006cfd   Thumb Code    12  stm32f4xx_hal.o(.text)
    HAL_EnableCompensationCell               0x08006d09   Thumb Code     8  stm32f4xx_hal.o(.text)
    HAL_DisableCompensationCell              0x08006d11   Thumb Code     8  stm32f4xx_hal.o(.text)
    HAL_GetUIDw0                             0x08006d19   Thumb Code     6  stm32f4xx_hal.o(.text)
    HAL_GetUIDw1                             0x08006d1f   Thumb Code     8  stm32f4xx_hal.o(.text)
    HAL_GetUIDw2                             0x08006d27   Thumb Code     8  stm32f4xx_hal.o(.text)
    HAL_EnableMemorySwappingBank             0x08006d2f   Thumb Code     8  stm32f4xx_hal.o(.text)
    HAL_DisableMemorySwappingBank            0x08006d37   Thumb Code     8  stm32f4xx_hal.o(.text)
    HAL_NVIC_SetPriorityGrouping             0x08006d65   Thumb Code    26  stm32f4xx_hal_cortex.o(.text)
    HAL_NVIC_SetPriority                     0x08006d7f   Thumb Code    60  stm32f4xx_hal_cortex.o(.text)
    HAL_NVIC_EnableIRQ                       0x08006dbb   Thumb Code    26  stm32f4xx_hal_cortex.o(.text)
    HAL_NVIC_DisableIRQ                      0x08006dd5   Thumb Code    34  stm32f4xx_hal_cortex.o(.text)
    HAL_NVIC_SystemReset                     0x08006df7   Thumb Code    28  stm32f4xx_hal_cortex.o(.text)
    HAL_SYSTICK_Config                       0x08006e13   Thumb Code    40  stm32f4xx_hal_cortex.o(.text)
    HAL_MPU_Disable                          0x08006e3b   Thumb Code    26  stm32f4xx_hal_cortex.o(.text)
    HAL_MPU_Enable                           0x08006e55   Thumb Code    32  stm32f4xx_hal_cortex.o(.text)
    HAL_MPU_ConfigRegion                     0x08006e75   Thumb Code    84  stm32f4xx_hal_cortex.o(.text)
    HAL_NVIC_GetPriorityGrouping             0x08006ec9   Thumb Code    10  stm32f4xx_hal_cortex.o(.text)
    HAL_NVIC_GetPriority                     0x08006ed3   Thumb Code    86  stm32f4xx_hal_cortex.o(.text)
    HAL_NVIC_SetPendingIRQ                   0x08006f29   Thumb Code    26  stm32f4xx_hal_cortex.o(.text)
    HAL_NVIC_GetPendingIRQ                   0x08006f43   Thumb Code    40  stm32f4xx_hal_cortex.o(.text)
    HAL_NVIC_ClearPendingIRQ                 0x08006f6b   Thumb Code    26  stm32f4xx_hal_cortex.o(.text)
    HAL_NVIC_GetActive                       0x08006f85   Thumb Code    40  stm32f4xx_hal_cortex.o(.text)
    HAL_SYSTICK_CLKSourceConfig              0x08006fad   Thumb Code    28  stm32f4xx_hal_cortex.o(.text)
    HAL_SYSTICK_Callback                     0x08006fc9   Thumb Code     2  stm32f4xx_hal_cortex.o(.text)
    HAL_SYSTICK_IRQHandler                   0x08006fcb   Thumb Code     8  stm32f4xx_hal_cortex.o(.text)
    HAL_DMA_Init                             0x0800709b   Thumb Code   208  stm32f4xx_hal_dma.o(.text)
    HAL_DMA_DeInit                           0x0800716b   Thumb Code   102  stm32f4xx_hal_dma.o(.text)
    HAL_DMA_Start                            0x080071fb   Thumb Code    70  stm32f4xx_hal_dma.o(.text)
    HAL_DMA_Start_IT                         0x08007241   Thumb Code   108  stm32f4xx_hal_dma.o(.text)
    HAL_DMA_Abort                            0x080072ad   Thumb Code   140  stm32f4xx_hal_dma.o(.text)
    HAL_DMA_Abort_IT                         0x08007339   Thumb Code    36  stm32f4xx_hal_dma.o(.text)
    HAL_DMA_PollForTransfer                  0x0800735d   Thumb Code   296  stm32f4xx_hal_dma.o(.text)
    HAL_DMA_IRQHandler                       0x08007485   Thumb Code   460  stm32f4xx_hal_dma.o(.text)
    HAL_DMA_RegisterCallback                 0x08007651   Thumb Code    80  stm32f4xx_hal_dma.o(.text)
    HAL_DMA_UnRegisterCallback               0x080076a1   Thumb Code   100  stm32f4xx_hal_dma.o(.text)
    HAL_DMA_GetState                         0x08007705   Thumb Code     6  stm32f4xx_hal_dma.o(.text)
    HAL_DMA_GetError                         0x0800770b   Thumb Code     4  stm32f4xx_hal_dma.o(.text)
    HAL_GPIO_Init                            0x08007715   Thumb Code   410  stm32f4xx_hal_gpio.o(.text)
    HAL_GPIO_DeInit                          0x080078af   Thumb Code   300  stm32f4xx_hal_gpio.o(.text)
    HAL_GPIO_ReadPin                         0x080079db   Thumb Code    14  stm32f4xx_hal_gpio.o(.text)
    HAL_GPIO_WritePin                        0x080079e9   Thumb Code    14  stm32f4xx_hal_gpio.o(.text)
    HAL_GPIO_TogglePin                       0x080079f7   Thumb Code    18  stm32f4xx_hal_gpio.o(.text)
    HAL_GPIO_LockPin                         0x08007a09   Thumb Code    36  stm32f4xx_hal_gpio.o(.text)
    HAL_GPIO_EXTI_Callback                   0x08007a2d   Thumb Code     2  stm32f4xx_hal_gpio.o(.text)
    HAL_GPIO_EXTI_IRQHandler                 0x08007a2f   Thumb Code    20  stm32f4xx_hal_gpio.o(.text)
    HAL_PWR_DeInit                           0x08007a79   Thumb Code    20  stm32f4xx_hal_pwr.o(.text)
    HAL_PWR_EnableBkUpAccess                 0x08007a8d   Thumb Code     8  stm32f4xx_hal_pwr.o(.text)
    HAL_PWR_DisableBkUpAccess                0x08007a95   Thumb Code     8  stm32f4xx_hal_pwr.o(.text)
    HAL_PWR_ConfigPVD                        0x08007a9d   Thumb Code   114  stm32f4xx_hal_pwr.o(.text)
    HAL_PWR_EnablePVD                        0x08007b0f   Thumb Code     8  stm32f4xx_hal_pwr.o(.text)
    HAL_PWR_DisablePVD                       0x08007b17   Thumb Code     8  stm32f4xx_hal_pwr.o(.text)
    HAL_PWR_EnableWakeUpPin                  0x08007b1f   Thumb Code    10  stm32f4xx_hal_pwr.o(.text)
    HAL_PWR_DisableWakeUpPin                 0x08007b29   Thumb Code    10  stm32f4xx_hal_pwr.o(.text)
    HAL_PWR_EnterSLEEPMode                   0x08007b33   Thumb Code    26  stm32f4xx_hal_pwr.o(.text)
    HAL_PWR_EnterSTOPMode                    0x08007b4d   Thumb Code    46  stm32f4xx_hal_pwr.o(.text)
    HAL_PWR_EnterSTANDBYMode                 0x08007b7b   Thumb Code    24  stm32f4xx_hal_pwr.o(.text)
    HAL_PWR_PVDCallback                      0x08007b93   Thumb Code     2  stm32f4xx_hal_pwr.o(.text)
    HAL_PWR_PVD_IRQHandler                   0x08007b95   Thumb Code    24  stm32f4xx_hal_pwr.o(.text)
    HAL_PWR_EnableSleepOnExit                0x08007bad   Thumb Code    12  stm32f4xx_hal_pwr.o(.text)
    HAL_PWR_DisableSleepOnExit               0x08007bb9   Thumb Code    12  stm32f4xx_hal_pwr.o(.text)
    HAL_PWR_EnableSEVOnPend                  0x08007bc5   Thumb Code    12  stm32f4xx_hal_pwr.o(.text)
    HAL_PWR_DisableSEVOnPend                 0x08007bd1   Thumb Code    12  stm32f4xx_hal_pwr.o(.text)
    HAL_RCC_OscConfig                        0x08007bf5   Thumb Code   954  stm32f4xx_hal_rcc.o(.text)
    HAL_RCC_GetSysClockFreq                  0x08007faf   Thumb Code    94  stm32f4xx_hal_rcc.o(.text)
    HAL_RCC_ClockConfig                      0x0800800d   Thumb Code   340  stm32f4xx_hal_rcc.o(.text)
    HAL_RCC_MCOConfig                        0x08008161   Thumb Code   130  stm32f4xx_hal_rcc.o(.text)
    HAL_RCC_EnableCSS                        0x080081e3   Thumb Code     8  stm32f4xx_hal_rcc.o(.text)
    HAL_RCC_DisableCSS                       0x080081eb   Thumb Code     8  stm32f4xx_hal_rcc.o(.text)
    HAL_RCC_GetHCLKFreq                      0x080081f3   Thumb Code     6  stm32f4xx_hal_rcc.o(.text)
    HAL_RCC_GetPCLK1Freq                     0x080081f9   Thumb Code    24  stm32f4xx_hal_rcc.o(.text)
    HAL_RCC_GetPCLK2Freq                     0x08008211   Thumb Code    24  stm32f4xx_hal_rcc.o(.text)
    HAL_RCC_GetOscConfig                     0x08008229   Thumb Code   178  stm32f4xx_hal_rcc.o(.text)
    HAL_RCC_GetClockConfig                   0x080082db   Thumb Code    54  stm32f4xx_hal_rcc.o(.text)
    HAL_RCC_CSSCallback                      0x08008311   Thumb Code     2  stm32f4xx_hal_rcc.o(.text)
    HAL_RCC_NMI_IRQHandler                   0x08008313   Thumb Code    26  stm32f4xx_hal_rcc.o(.text)
    HAL_RCCEx_PeriphCLKConfig                0x08008351   Thumb Code   574  stm32f4xx_hal_rcc_ex.o(.text)
    HAL_RCCEx_GetPeriphCLKConfig             0x0800858f   Thumb Code   128  stm32f4xx_hal_rcc_ex.o(.text)
    HAL_RCCEx_GetPeriphCLKFreq               0x0800860f   Thumb Code    86  stm32f4xx_hal_rcc_ex.o(.text)
    HAL_RCCEx_EnablePLLI2S                   0x08008665   Thumb Code   100  stm32f4xx_hal_rcc_ex.o(.text)
    HAL_RCCEx_DisablePLLI2S                  0x080086c9   Thumb Code    42  stm32f4xx_hal_rcc_ex.o(.text)
    HAL_RCCEx_EnablePLLSAI                   0x080086f3   Thumb Code   152  stm32f4xx_hal_rcc_ex.o(.text)
    HAL_RCCEx_DisablePLLSAI                  0x0800878b   Thumb Code    44  stm32f4xx_hal_rcc_ex.o(.text)
    HAL_RCC_DeInit                           0x080087b7   Thumb Code   352  stm32f4xx_hal_rcc_ex.o(.text)
    HAL_RTC_WaitForSynchro                   0x08008935   Thumb Code    52  stm32f4xx_hal_rtc.o(.text)
    RTC_EnterInitMode                        0x08008969   Thumb Code    56  stm32f4xx_hal_rtc.o(.text)
    HAL_RTC_Init                             0x080089a3   Thumb Code   180  stm32f4xx_hal_rtc.o(.text)
    HAL_RTC_DeInit                           0x08008a59   Thumb Code   216  stm32f4xx_hal_rtc.o(.text)
    RTC_ByteToBcd2                           0x08008b31   Thumb Code    22  stm32f4xx_hal_rtc.o(.text)
    HAL_RTC_SetTime                          0x08008b47   Thumb Code   242  stm32f4xx_hal_rtc.o(.text)
    RTC_Bcd2ToByte                           0x08008c39   Thumb Code    18  stm32f4xx_hal_rtc.o(.text)
    HAL_RTC_GetTime                          0x08008c4b   Thumb Code    84  stm32f4xx_hal_rtc.o(.text)
    HAL_RTC_SetDate                          0x08008c9f   Thumb Code   208  stm32f4xx_hal_rtc.o(.text)
    HAL_RTC_GetDate                          0x08008d6f   Thumb Code    64  stm32f4xx_hal_rtc.o(.text)
    HAL_RTC_SetAlarm                         0x08008daf   Thumb Code   384  stm32f4xx_hal_rtc.o(.text)
    HAL_RTC_SetAlarm_IT                      0x08008f2f   Thumb Code   394  stm32f4xx_hal_rtc.o(.text)
    HAL_RTC_DeactivateAlarm                  0x080090b9   Thumb Code   194  stm32f4xx_hal_rtc.o(.text)
    HAL_RTC_GetAlarm                         0x0800917b   Thumb Code   130  stm32f4xx_hal_rtc.o(.text)
    HAL_RTC_AlarmAEventCallback              0x080091fd   Thumb Code     2  stm32f4xx_hal_rtc.o(.text)
    HAL_RTC_AlarmIRQHandler                  0x080091ff   Thumb Code    88  stm32f4xx_hal_rtc.o(.text)
    HAL_RTC_PollForAlarmAEvent               0x08009257   Thumb Code    66  stm32f4xx_hal_rtc.o(.text)
    HAL_RTC_GetState                         0x08009299   Thumb Code     4  stm32f4xx_hal_rtc.o(.text)
    HAL_RTCEx_SetTimeStamp                   0x080092a5   Thumb Code    90  stm32f4xx_hal_rtc_ex.o(.text)
    HAL_RTCEx_SetTimeStamp_IT                0x080092ff   Thumb Code   136  stm32f4xx_hal_rtc_ex.o(.text)
    HAL_RTCEx_DeactivateTimeStamp            0x08009387   Thumb Code    70  stm32f4xx_hal_rtc_ex.o(.text)
    HAL_RTCEx_GetTimeStamp                   0x080093cd   Thumb Code   148  stm32f4xx_hal_rtc_ex.o(.text)
    HAL_RTCEx_SetTamper                      0x08009461   Thumb Code    94  stm32f4xx_hal_rtc_ex.o(.text)
    HAL_RTCEx_SetTamper_IT                   0x080094bf   Thumb Code   166  stm32f4xx_hal_rtc_ex.o(.text)
    HAL_RTCEx_DeactivateTamper               0x08009565   Thumb Code    38  stm32f4xx_hal_rtc_ex.o(.text)
    HAL_RTCEx_Tamper2EventCallback           0x0800958b   Thumb Code     2  stm32f4xx_hal_rtc_ex.o(.text)
    HAL_RTCEx_Tamper1EventCallback           0x0800958d   Thumb Code     2  stm32f4xx_hal_rtc_ex.o(.text)
    HAL_RTCEx_TimeStampEventCallback         0x0800958f   Thumb Code     2  stm32f4xx_hal_rtc_ex.o(.text)
    HAL_RTCEx_TamperTimeStampIRQHandler      0x08009591   Thumb Code   122  stm32f4xx_hal_rtc_ex.o(.text)
    HAL_RTCEx_PollForTimeStampEvent          0x0800960b   Thumb Code    80  stm32f4xx_hal_rtc_ex.o(.text)
    HAL_RTCEx_PollForTamper1Event            0x0800965b   Thumb Code    66  stm32f4xx_hal_rtc_ex.o(.text)
    HAL_RTCEx_PollForTamper2Event            0x0800969d   Thumb Code    66  stm32f4xx_hal_rtc_ex.o(.text)
    HAL_RTCEx_SetWakeUpTimer                 0x080096df   Thumb Code   222  stm32f4xx_hal_rtc_ex.o(.text)
    HAL_RTCEx_SetWakeUpTimer_IT              0x080097bd   Thumb Code   254  stm32f4xx_hal_rtc_ex.o(.text)
    HAL_RTCEx_DeactivateWakeUpTimer          0x080098bb   Thumb Code   122  stm32f4xx_hal_rtc_ex.o(.text)
    HAL_RTCEx_GetWakeUpTimer                 0x08009935   Thumb Code     8  stm32f4xx_hal_rtc_ex.o(.text)
    HAL_RTCEx_WakeUpTimerEventCallback       0x0800993d   Thumb Code     2  stm32f4xx_hal_rtc_ex.o(.text)
    HAL_RTCEx_WakeUpTimerIRQHandler          0x0800993f   Thumb Code    48  stm32f4xx_hal_rtc_ex.o(.text)
    HAL_RTCEx_PollForWakeUpTimerEvent        0x0800996f   Thumb Code    66  stm32f4xx_hal_rtc_ex.o(.text)
    HAL_RTCEx_BKUPWrite                      0x080099b1   Thumb Code    12  stm32f4xx_hal_rtc_ex.o(.text)
    HAL_RTCEx_BKUPRead                       0x080099bd   Thumb Code    12  stm32f4xx_hal_rtc_ex.o(.text)
    HAL_RTCEx_SetCoarseCalib                 0x080099c9   Thumb Code   106  stm32f4xx_hal_rtc_ex.o(.text)
    HAL_RTCEx_DeactivateCoarseCalib          0x08009a33   Thumb Code    92  stm32f4xx_hal_rtc_ex.o(.text)
    HAL_RTCEx_SetSmoothCalib                 0x08009a8f   Thumb Code   134  stm32f4xx_hal_rtc_ex.o(.text)
    HAL_RTCEx_SetSynchroShift                0x08009b15   Thumb Code   162  stm32f4xx_hal_rtc_ex.o(.text)
    HAL_RTCEx_SetCalibrationOutPut           0x08009bb7   Thumb Code    86  stm32f4xx_hal_rtc_ex.o(.text)
    HAL_RTCEx_DeactivateCalibrationOutPut    0x08009c0d   Thumb Code    56  stm32f4xx_hal_rtc_ex.o(.text)
    HAL_RTCEx_SetRefClock                    0x08009c45   Thumb Code    92  stm32f4xx_hal_rtc_ex.o(.text)
    HAL_RTCEx_DeactivateRefClock             0x08009ca1   Thumb Code    92  stm32f4xx_hal_rtc_ex.o(.text)
    HAL_RTCEx_EnableBypassShadow             0x08009cfd   Thumb Code    56  stm32f4xx_hal_rtc_ex.o(.text)
    HAL_RTCEx_DisableBypassShadow            0x08009d35   Thumb Code    56  stm32f4xx_hal_rtc_ex.o(.text)
    HAL_RTCEx_AlarmBEventCallback            0x08009d6d   Thumb Code     2  stm32f4xx_hal_rtc_ex.o(.text)
    HAL_RTCEx_PollForAlarmBEvent             0x08009d6f   Thumb Code    66  stm32f4xx_hal_rtc_ex.o(.text)
    TIM_Base_SetConfig                       0x08009db1   Thumb Code   160  stm32f4xx_hal_tim.o(.text)
    HAL_TIM_Base_MspInit                     0x08009e51   Thumb Code     2  stm32f4xx_hal_tim.o(.text)
    HAL_TIM_Base_Init                        0x08009e53   Thumb Code    56  stm32f4xx_hal_tim.o(.text)
    HAL_TIM_Base_MspDeInit                   0x08009e8b   Thumb Code     2  stm32f4xx_hal_tim.o(.text)
    HAL_TIM_Base_DeInit                      0x08009e8d   Thumb Code    54  stm32f4xx_hal_tim.o(.text)
    HAL_TIM_Base_Start                       0x08009ec3   Thumb Code    36  stm32f4xx_hal_tim.o(.text)
    HAL_TIM_Base_Stop                        0x08009ee7   Thumb Code    44  stm32f4xx_hal_tim.o(.text)
    HAL_TIM_Base_Start_IT                    0x08009f13   Thumb Code    34  stm32f4xx_hal_tim.o(.text)
    HAL_TIM_Base_Stop_IT                     0x08009f35   Thumb Code    42  stm32f4xx_hal_tim.o(.text)
    HAL_TIM_ErrorCallback                    0x08009f5f   Thumb Code     2  stm32f4xx_hal_tim.o(.text)
    TIM_DMAError                             0x08009f61   Thumb Code    16  stm32f4xx_hal_tim.o(.text)
    HAL_TIM_PeriodElapsedHalfCpltCallback    0x08009f71   Thumb Code     2  stm32f4xx_hal_tim.o(.text)
    HAL_TIM_PeriodElapsedCallback            0x08009f83   Thumb Code     2  stm32f4xx_hal_tim.o(.text)
    HAL_TIM_Base_Start_DMA                   0x08009f95   Thumb Code   112  stm32f4xx_hal_tim.o(.text)
    HAL_TIM_Base_Stop_DMA                    0x0800a005   Thumb Code    58  stm32f4xx_hal_tim.o(.text)
    HAL_TIM_OC_MspInit                       0x0800a03f   Thumb Code     2  stm32f4xx_hal_tim.o(.text)
    HAL_TIM_OC_Init                          0x0800a041   Thumb Code    56  stm32f4xx_hal_tim.o(.text)
    HAL_TIM_OC_MspDeInit                     0x0800a079   Thumb Code     2  stm32f4xx_hal_tim.o(.text)
    HAL_TIM_OC_DeInit                        0x0800a07b   Thumb Code    54  stm32f4xx_hal_tim.o(.text)
    TIM_CCxChannelCmd                        0x0800a0b1   Thumb Code    26  stm32f4xx_hal_tim.o(.text)
    HAL_TIM_OC_Start                         0x0800a0cb   Thumb Code    58  stm32f4xx_hal_tim.o(.text)
    HAL_TIM_OC_Stop                          0x0800a105   Thumb Code    78  stm32f4xx_hal_tim.o(.text)
    HAL_TIM_OC_Start_IT                      0x0800a153   Thumb Code   170  stm32f4xx_hal_tim.o(.text)
    HAL_TIM_OC_Stop_IT                       0x0800a1fd   Thumb Code   136  stm32f4xx_hal_tim.o(.text)
    HAL_TIM_PWM_PulseFinishedHalfCpltCallback 0x0800a285   Thumb Code     2  stm32f4xx_hal_tim.o(.text)
    TIM_DMADelayPulseHalfCplt                0x0800a287   Thumb Code    66  stm32f4xx_hal_tim.o(.text)
    HAL_TIM_PWM_PulseFinishedCallback        0x0800a2c9   Thumb Code     2  stm32f4xx_hal_tim.o(.text)
    TIM_DMADelayPulseCplt                    0x0800a2cb   Thumb Code    66  stm32f4xx_hal_tim.o(.text)
    HAL_TIM_OC_Start_DMA                     0x0800a30d   Thumb Code   288  stm32f4xx_hal_tim.o(.text)
    HAL_TIM_OC_Stop_DMA                      0x0800a42d   Thumb Code   170  stm32f4xx_hal_tim.o(.text)
    HAL_TIM_PWM_MspInit                      0x0800a4d7   Thumb Code     2  stm32f4xx_hal_tim.o(.text)
    HAL_TIM_PWM_Init                         0x0800a4d9   Thumb Code    56  stm32f4xx_hal_tim.o(.text)
    HAL_TIM_PWM_MspDeInit                    0x0800a511   Thumb Code     2  stm32f4xx_hal_tim.o(.text)
    HAL_TIM_PWM_DeInit                       0x0800a513   Thumb Code    54  stm32f4xx_hal_tim.o(.text)
    HAL_TIM_PWM_Start                        0x0800a549   Thumb Code    58  stm32f4xx_hal_tim.o(.text)
    HAL_TIM_PWM_Stop                         0x0800a583   Thumb Code    84  stm32f4xx_hal_tim.o(.text)
    HAL_TIM_PWM_Start_IT                     0x0800a5d7   Thumb Code   126  stm32f4xx_hal_tim.o(.text)
    HAL_TIM_PWM_Stop_IT                      0x0800a655   Thumb Code   136  stm32f4xx_hal_tim.o(.text)
    HAL_TIM_PWM_Start_DMA                    0x0800a6dd   Thumb Code   288  stm32f4xx_hal_tim.o(.text)
    HAL_TIM_PWM_Stop_DMA                     0x0800a7fd   Thumb Code   170  stm32f4xx_hal_tim.o(.text)
    HAL_TIM_IC_MspInit                       0x0800a8a7   Thumb Code     2  stm32f4xx_hal_tim.o(.text)
    HAL_TIM_IC_Init                          0x0800a8a9   Thumb Code    56  stm32f4xx_hal_tim.o(.text)
    HAL_TIM_IC_MspDeInit                     0x0800a8e1   Thumb Code     2  stm32f4xx_hal_tim.o(.text)
    HAL_TIM_IC_DeInit                        0x0800a8e3   Thumb Code    54  stm32f4xx_hal_tim.o(.text)
    HAL_TIM_IC_Start                         0x0800a919   Thumb Code    36  stm32f4xx_hal_tim.o(.text)
    HAL_TIM_IC_Stop                          0x0800a93d   Thumb Code    44  stm32f4xx_hal_tim.o(.text)
    HAL_TIM_IC_Start_IT                      0x0800a969   Thumb Code    94  stm32f4xx_hal_tim.o(.text)
    HAL_TIM_IC_Stop_IT                       0x0800a9c7   Thumb Code   102  stm32f4xx_hal_tim.o(.text)
    HAL_TIM_IC_CaptureHalfCpltCallback       0x0800aa2d   Thumb Code     2  stm32f4xx_hal_tim.o(.text)
    TIM_DMACaptureHalfCplt                   0x0800aa2f   Thumb Code    66  stm32f4xx_hal_tim.o(.text)
    HAL_TIM_IC_CaptureCallback               0x0800aa71   Thumb Code     2  stm32f4xx_hal_tim.o(.text)
    TIM_DMACaptureCplt                       0x0800aa73   Thumb Code    76  stm32f4xx_hal_tim.o(.text)
    HAL_TIM_IC_Start_DMA                     0x0800aabf   Thumb Code   264  stm32f4xx_hal_tim.o(.text)
    HAL_TIM_IC_Stop_DMA                      0x0800abc7   Thumb Code   136  stm32f4xx_hal_tim.o(.text)
    HAL_TIM_OnePulse_MspInit                 0x0800ac4f   Thumb Code     2  stm32f4xx_hal_tim.o(.text)
    HAL_TIM_OnePulse_Init                    0x0800ac51   Thumb Code    76  stm32f4xx_hal_tim.o(.text)
    HAL_TIM_OnePulse_MspDeInit               0x0800ac9d   Thumb Code     2  stm32f4xx_hal_tim.o(.text)
    HAL_TIM_OnePulse_DeInit                  0x0800ac9f   Thumb Code    54  stm32f4xx_hal_tim.o(.text)
    HAL_TIM_OnePulse_Start                   0x0800acd5   Thumb Code    50  stm32f4xx_hal_tim.o(.text)
    HAL_TIM_OnePulse_Stop                    0x0800ad07   Thumb Code    90  stm32f4xx_hal_tim.o(.text)
    HAL_TIM_OnePulse_Start_IT                0x0800ad61   Thumb Code    70  stm32f4xx_hal_tim.o(.text)
    HAL_TIM_OnePulse_Stop_IT                 0x0800ada7   Thumb Code   110  stm32f4xx_hal_tim.o(.text)
    HAL_TIM_Encoder_MspInit                  0x0800ae15   Thumb Code     2  stm32f4xx_hal_tim.o(.text)
    HAL_TIM_Encoder_Init                     0x0800ae17   Thumb Code   162  stm32f4xx_hal_tim.o(.text)
    HAL_TIM_Encoder_MspDeInit                0x0800aeb9   Thumb Code     2  stm32f4xx_hal_tim.o(.text)
    HAL_TIM_Encoder_DeInit                   0x0800aebb   Thumb Code    54  stm32f4xx_hal_tim.o(.text)
    HAL_TIM_Encoder_Start                    0x0800aef1   Thumb Code    66  stm32f4xx_hal_tim.o(.text)
    HAL_TIM_Encoder_Stop                     0x0800af33   Thumb Code    84  stm32f4xx_hal_tim.o(.text)
    HAL_TIM_Encoder_Start_IT                 0x0800af87   Thumb Code   106  stm32f4xx_hal_tim.o(.text)
    HAL_TIM_Encoder_Stop_IT                  0x0800aff1   Thumb Code   130  stm32f4xx_hal_tim.o(.text)
    HAL_TIM_Encoder_Start_DMA                0x0800b073   Thumb Code   340  stm32f4xx_hal_tim.o(.text)
    HAL_TIM_Encoder_Stop_DMA                 0x0800b1c7   Thumb Code   154  stm32f4xx_hal_tim.o(.text)
    HAL_TIM_TriggerCallback                  0x0800b261   Thumb Code     2  stm32f4xx_hal_tim.o(.text)
    HAL_TIM_OC_DelayElapsedCallback          0x0800b263   Thumb Code     2  stm32f4xx_hal_tim.o(.text)
    HAL_TIM_IRQHandler                       0x0800b265   Thumb Code   366  stm32f4xx_hal_tim.o(.text)
    TIM_OC2_SetConfig                        0x0800b485   Thumb Code   106  stm32f4xx_hal_tim.o(.text)
    HAL_TIM_OC_ConfigChannel                 0x0800b54f   Thumb Code    84  stm32f4xx_hal_tim.o(.text)
    TIM_TI1_SetConfig                        0x0800b643   Thumb Code   100  stm32f4xx_hal_tim.o(.text)
    HAL_TIM_IC_ConfigChannel                 0x0800b6a7   Thumb Code   188  stm32f4xx_hal_tim.o(.text)
    HAL_TIM_PWM_ConfigChannel                0x0800b763   Thumb Code   248  stm32f4xx_hal_tim.o(.text)
    HAL_TIM_OnePulse_ConfigChannel           0x0800b85b   Thumb Code   234  stm32f4xx_hal_tim.o(.text)
    HAL_TIM_TriggerHalfCpltCallback          0x0800b945   Thumb Code     2  stm32f4xx_hal_tim.o(.text)
    HAL_TIM_DMABurst_WriteStart              0x0800b967   Thumb Code   398  stm32f4xx_hal_tim.o(.text)
    HAL_TIM_DMABurst_WriteStop               0x0800baf5   Thumb Code   124  stm32f4xx_hal_tim.o(.text)
    HAL_TIM_DMABurst_ReadStart               0x0800bb71   Thumb Code   398  stm32f4xx_hal_tim.o(.text)
    HAL_TIM_DMABurst_ReadStop                0x0800bcff   Thumb Code   170  stm32f4xx_hal_tim.o(.text)
    HAL_TIM_GenerateEvent                    0x0800bda9   Thumb Code    38  stm32f4xx_hal_tim.o(.text)
    TIM_ETR_SetConfig                        0x0800bdcf   Thumb Code    20  stm32f4xx_hal_tim.o(.text)
    HAL_TIM_ConfigOCrefClear                 0x0800bde3   Thumb Code   226  stm32f4xx_hal_tim.o(.text)
    HAL_TIM_ConfigClockSource                0x0800bf1b   Thumb Code   226  stm32f4xx_hal_tim.o(.text)
    HAL_TIM_ConfigTI1Input                   0x0800bffd   Thumb Code    16  stm32f4xx_hal_tim.o(.text)
    HAL_TIM_SlaveConfigSynchro               0x0800c093   Thumb Code    80  stm32f4xx_hal_tim.o(.text)
    HAL_TIM_SlaveConfigSynchro_IT            0x0800c0e3   Thumb Code    80  stm32f4xx_hal_tim.o(.text)
    HAL_TIM_ReadCapturedValue                0x0800c133   Thumb Code    44  stm32f4xx_hal_tim.o(.text)
    HAL_TIM_Base_GetState                    0x0800c15f   Thumb Code     6  stm32f4xx_hal_tim.o(.text)
    HAL_TIM_OC_GetState                      0x0800c165   Thumb Code     6  stm32f4xx_hal_tim.o(.text)
    HAL_TIM_PWM_GetState                     0x0800c16b   Thumb Code     6  stm32f4xx_hal_tim.o(.text)
    HAL_TIM_IC_GetState                      0x0800c171   Thumb Code     6  stm32f4xx_hal_tim.o(.text)
    HAL_TIM_OnePulse_GetState                0x0800c177   Thumb Code     6  stm32f4xx_hal_tim.o(.text)
    HAL_TIM_Encoder_GetState                 0x0800c17d   Thumb Code     6  stm32f4xx_hal_tim.o(.text)
    HAL_TIMEx_HallSensor_MspInit             0x0800c185   Thumb Code     2  stm32f4xx_hal_tim_ex.o(.text)
    HAL_TIMEx_HallSensor_Init                0x0800c187   Thumb Code   190  stm32f4xx_hal_tim_ex.o(.text)
    HAL_TIMEx_HallSensor_MspDeInit           0x0800c245   Thumb Code     2  stm32f4xx_hal_tim_ex.o(.text)
    HAL_TIMEx_HallSensor_DeInit              0x0800c247   Thumb Code    54  stm32f4xx_hal_tim_ex.o(.text)
    HAL_TIMEx_HallSensor_Start               0x0800c27d   Thumb Code    38  stm32f4xx_hal_tim_ex.o(.text)
    HAL_TIMEx_HallSensor_Stop                0x0800c2a3   Thumb Code    46  stm32f4xx_hal_tim_ex.o(.text)
    HAL_TIMEx_HallSensor_Start_IT            0x0800c2d1   Thumb Code    48  stm32f4xx_hal_tim_ex.o(.text)
    HAL_TIMEx_HallSensor_Stop_IT             0x0800c301   Thumb Code    56  stm32f4xx_hal_tim_ex.o(.text)
    HAL_TIMEx_HallSensor_Start_DMA           0x0800c339   Thumb Code   126  stm32f4xx_hal_tim_ex.o(.text)
    HAL_TIMEx_HallSensor_Stop_DMA            0x0800c3b7   Thumb Code    62  stm32f4xx_hal_tim_ex.o(.text)
    HAL_TIMEx_OCN_Start                      0x0800c40f   Thumb Code    46  stm32f4xx_hal_tim_ex.o(.text)
    HAL_TIMEx_OCN_Stop                       0x0800c43d   Thumb Code    68  stm32f4xx_hal_tim_ex.o(.text)
    HAL_TIMEx_OCN_Start_IT                   0x0800c481   Thumb Code   100  stm32f4xx_hal_tim_ex.o(.text)
    HAL_TIMEx_OCN_Stop_IT                    0x0800c4e5   Thumb Code   128  stm32f4xx_hal_tim_ex.o(.text)
    HAL_TIMEx_OCN_Start_DMA                  0x0800c565   Thumb Code   228  stm32f4xx_hal_tim_ex.o(.text)
    HAL_TIMEx_OCN_Stop_DMA                   0x0800c649   Thumb Code   140  stm32f4xx_hal_tim_ex.o(.text)
    HAL_TIMEx_PWMN_Start                     0x0800c6d5   Thumb Code    46  stm32f4xx_hal_tim_ex.o(.text)
    HAL_TIMEx_PWMN_Stop                      0x0800c703   Thumb Code    68  stm32f4xx_hal_tim_ex.o(.text)
    HAL_TIMEx_PWMN_Start_IT                  0x0800c747   Thumb Code   122  stm32f4xx_hal_tim_ex.o(.text)
    HAL_TIMEx_PWMN_Stop_IT                   0x0800c7c1   Thumb Code   128  stm32f4xx_hal_tim_ex.o(.text)
    HAL_TIMEx_PWMN_Start_DMA                 0x0800c841   Thumb Code   226  stm32f4xx_hal_tim_ex.o(.text)
    HAL_TIMEx_PWMN_Stop_DMA                  0x0800c923   Thumb Code   140  stm32f4xx_hal_tim_ex.o(.text)
    HAL_TIMEx_OnePulseN_Start                0x0800c9af   Thumb Code    26  stm32f4xx_hal_tim_ex.o(.text)
    HAL_TIMEx_OnePulseN_Stop                 0x0800c9c9   Thumb Code    68  stm32f4xx_hal_tim_ex.o(.text)
    HAL_TIMEx_OnePulseN_Start_IT             0x0800ca0d   Thumb Code    46  stm32f4xx_hal_tim_ex.o(.text)
    HAL_TIMEx_OnePulseN_Stop_IT              0x0800ca3b   Thumb Code    88  stm32f4xx_hal_tim_ex.o(.text)
    HAL_TIMEx_ConfigCommutEvent              0x0800ca93   Thumb Code   112  stm32f4xx_hal_tim_ex.o(.text)
    HAL_TIMEx_ConfigCommutEvent_IT           0x0800cb03   Thumb Code   112  stm32f4xx_hal_tim_ex.o(.text)
    HAL_TIMEx_CommutHalfCpltCallback         0x0800cb73   Thumb Code     2  stm32f4xx_hal_tim_ex.o(.text)
    TIMEx_DMACommutationHalfCplt             0x0800cb75   Thumb Code    16  stm32f4xx_hal_tim_ex.o(.text)
    HAL_TIMEx_CommutCallback                 0x0800cb85   Thumb Code     2  stm32f4xx_hal_tim_ex.o(.text)
    TIMEx_DMACommutationCplt                 0x0800cb87   Thumb Code    16  stm32f4xx_hal_tim_ex.o(.text)
    HAL_TIMEx_ConfigCommutEvent_DMA          0x0800cb97   Thumb Code   134  stm32f4xx_hal_tim_ex.o(.text)
    HAL_TIMEx_MasterConfigSynchronization    0x0800cc1d   Thumb Code   144  stm32f4xx_hal_tim_ex.o(.text)
    HAL_TIMEx_ConfigBreakDeadTime            0x0800ccad   Thumb Code    84  stm32f4xx_hal_tim_ex.o(.text)
    HAL_TIMEx_RemapConfig                    0x0800cd01   Thumb Code    32  stm32f4xx_hal_tim_ex.o(.text)
    HAL_TIMEx_BreakCallback                  0x0800cd21   Thumb Code     2  stm32f4xx_hal_tim_ex.o(.text)
    HAL_TIMEx_HallSensor_GetState            0x0800cd23   Thumb Code     6  stm32f4xx_hal_tim_ex.o(.text)
    Reset_Handler                            0x0800cd35   Thumb Code     8  startup_stm32f429xx.o(.text)
    NMI_Handler                              0x0800cd3d   Thumb Code     2  startup_stm32f429xx.o(.text)
    HardFault_Handler                        0x0800cd3f   Thumb Code     2  startup_stm32f429xx.o(.text)
    MemManage_Handler                        0x0800cd41   Thumb Code     2  startup_stm32f429xx.o(.text)
    BusFault_Handler                         0x0800cd43   Thumb Code     2  startup_stm32f429xx.o(.text)
    UsageFault_Handler                       0x0800cd45   Thumb Code     2  startup_stm32f429xx.o(.text)
    DebugMon_Handler                         0x0800cd49   Thumb Code     2  startup_stm32f429xx.o(.text)
    ADC_IRQHandler                           0x0800cd4f   Thumb Code     0  startup_stm32f429xx.o(.text)
    CAN1_RX0_IRQHandler                      0x0800cd4f   Thumb Code     0  startup_stm32f429xx.o(.text)
    CAN1_RX1_IRQHandler                      0x0800cd4f   Thumb Code     0  startup_stm32f429xx.o(.text)
    CAN1_SCE_IRQHandler                      0x0800cd4f   Thumb Code     0  startup_stm32f429xx.o(.text)
    CAN1_TX_IRQHandler                       0x0800cd4f   Thumb Code     0  startup_stm32f429xx.o(.text)
    CAN2_RX0_IRQHandler                      0x0800cd4f   Thumb Code     0  startup_stm32f429xx.o(.text)
    CAN2_RX1_IRQHandler                      0x0800cd4f   Thumb Code     0  startup_stm32f429xx.o(.text)
    CAN2_SCE_IRQHandler                      0x0800cd4f   Thumb Code     0  startup_stm32f429xx.o(.text)
    CAN2_TX_IRQHandler                       0x0800cd4f   Thumb Code     0  startup_stm32f429xx.o(.text)
    DCMI_IRQHandler                          0x0800cd4f   Thumb Code     0  startup_stm32f429xx.o(.text)
    DMA1_Stream0_IRQHandler                  0x0800cd4f   Thumb Code     0  startup_stm32f429xx.o(.text)
    DMA1_Stream1_IRQHandler                  0x0800cd4f   Thumb Code     0  startup_stm32f429xx.o(.text)
    DMA1_Stream2_IRQHandler                  0x0800cd4f   Thumb Code     0  startup_stm32f429xx.o(.text)
    DMA1_Stream3_IRQHandler                  0x0800cd4f   Thumb Code     0  startup_stm32f429xx.o(.text)
    DMA1_Stream4_IRQHandler                  0x0800cd4f   Thumb Code     0  startup_stm32f429xx.o(.text)
    DMA1_Stream5_IRQHandler                  0x0800cd4f   Thumb Code     0  startup_stm32f429xx.o(.text)
    DMA1_Stream6_IRQHandler                  0x0800cd4f   Thumb Code     0  startup_stm32f429xx.o(.text)
    DMA1_Stream7_IRQHandler                  0x0800cd4f   Thumb Code     0  startup_stm32f429xx.o(.text)
    DMA2D_IRQHandler                         0x0800cd4f   Thumb Code     0  startup_stm32f429xx.o(.text)
    DMA2_Stream0_IRQHandler                  0x0800cd4f   Thumb Code     0  startup_stm32f429xx.o(.text)
    DMA2_Stream1_IRQHandler                  0x0800cd4f   Thumb Code     0  startup_stm32f429xx.o(.text)
    DMA2_Stream2_IRQHandler                  0x0800cd4f   Thumb Code     0  startup_stm32f429xx.o(.text)
    DMA2_Stream3_IRQHandler                  0x0800cd4f   Thumb Code     0  startup_stm32f429xx.o(.text)
    DMA2_Stream4_IRQHandler                  0x0800cd4f   Thumb Code     0  startup_stm32f429xx.o(.text)
    DMA2_Stream5_IRQHandler                  0x0800cd4f   Thumb Code     0  startup_stm32f429xx.o(.text)
    DMA2_Stream6_IRQHandler                  0x0800cd4f   Thumb Code     0  startup_stm32f429xx.o(.text)
    DMA2_Stream7_IRQHandler                  0x0800cd4f   Thumb Code     0  startup_stm32f429xx.o(.text)
    ETH_WKUP_IRQHandler                      0x0800cd4f   Thumb Code     0  startup_stm32f429xx.o(.text)
    EXTI0_IRQHandler                         0x0800cd4f   Thumb Code     0  startup_stm32f429xx.o(.text)
    EXTI15_10_IRQHandler                     0x0800cd4f   Thumb Code     0  startup_stm32f429xx.o(.text)
    EXTI1_IRQHandler                         0x0800cd4f   Thumb Code     0  startup_stm32f429xx.o(.text)
    EXTI2_IRQHandler                         0x0800cd4f   Thumb Code     0  startup_stm32f429xx.o(.text)
    EXTI3_IRQHandler                         0x0800cd4f   Thumb Code     0  startup_stm32f429xx.o(.text)
    EXTI4_IRQHandler                         0x0800cd4f   Thumb Code     0  startup_stm32f429xx.o(.text)
    EXTI9_5_IRQHandler                       0x0800cd4f   Thumb Code     0  startup_stm32f429xx.o(.text)
    FLASH_IRQHandler                         0x0800cd4f   Thumb Code     0  startup_stm32f429xx.o(.text)
    FMC_IRQHandler                           0x0800cd4f   Thumb Code     0  startup_stm32f429xx.o(.text)
    FPU_IRQHandler                           0x0800cd4f   Thumb Code     0  startup_stm32f429xx.o(.text)
    HASH_RNG_IRQHandler                      0x0800cd4f   Thumb Code     0  startup_stm32f429xx.o(.text)
    I2C1_ER_IRQHandler                       0x0800cd4f   Thumb Code     0  startup_stm32f429xx.o(.text)
    I2C1_EV_IRQHandler                       0x0800cd4f   Thumb Code     0  startup_stm32f429xx.o(.text)
    I2C2_ER_IRQHandler                       0x0800cd4f   Thumb Code     0  startup_stm32f429xx.o(.text)
    I2C2_EV_IRQHandler                       0x0800cd4f   Thumb Code     0  startup_stm32f429xx.o(.text)
    I2C3_ER_IRQHandler                       0x0800cd4f   Thumb Code     0  startup_stm32f429xx.o(.text)
    I2C3_EV_IRQHandler                       0x0800cd4f   Thumb Code     0  startup_stm32f429xx.o(.text)
    LTDC_ER_IRQHandler                       0x0800cd4f   Thumb Code     0  startup_stm32f429xx.o(.text)
    LTDC_IRQHandler                          0x0800cd4f   Thumb Code     0  startup_stm32f429xx.o(.text)
    OTG_FS_IRQHandler                        0x0800cd4f   Thumb Code     0  startup_stm32f429xx.o(.text)
    OTG_FS_WKUP_IRQHandler                   0x0800cd4f   Thumb Code     0  startup_stm32f429xx.o(.text)
    OTG_HS_EP1_IN_IRQHandler                 0x0800cd4f   Thumb Code     0  startup_stm32f429xx.o(.text)
    OTG_HS_EP1_OUT_IRQHandler                0x0800cd4f   Thumb Code     0  startup_stm32f429xx.o(.text)
    OTG_HS_IRQHandler                        0x0800cd4f   Thumb Code     0  startup_stm32f429xx.o(.text)
    OTG_HS_WKUP_IRQHandler                   0x0800cd4f   Thumb Code     0  startup_stm32f429xx.o(.text)
    PVD_IRQHandler                           0x0800cd4f   Thumb Code     0  startup_stm32f429xx.o(.text)
    RCC_IRQHandler                           0x0800cd4f   Thumb Code     0  startup_stm32f429xx.o(.text)
    RTC_Alarm_IRQHandler                     0x0800cd4f   Thumb Code     0  startup_stm32f429xx.o(.text)
    RTC_WKUP_IRQHandler                      0x0800cd4f   Thumb Code     0  startup_stm32f429xx.o(.text)
    SAI1_IRQHandler                          0x0800cd4f   Thumb Code     0  startup_stm32f429xx.o(.text)
    SDIO_IRQHandler                          0x0800cd4f   Thumb Code     0  startup_stm32f429xx.o(.text)
    SPI2_IRQHandler                          0x0800cd4f   Thumb Code     0  startup_stm32f429xx.o(.text)
    SPI3_IRQHandler                          0x0800cd4f   Thumb Code     0  startup_stm32f429xx.o(.text)
    SPI4_IRQHandler                          0x0800cd4f   Thumb Code     0  startup_stm32f429xx.o(.text)
    SPI5_IRQHandler                          0x0800cd4f   Thumb Code     0  startup_stm32f429xx.o(.text)
    SPI6_IRQHandler                          0x0800cd4f   Thumb Code     0  startup_stm32f429xx.o(.text)
    TAMP_STAMP_IRQHandler                    0x0800cd4f   Thumb Code     0  startup_stm32f429xx.o(.text)
    TIM1_BRK_TIM9_IRQHandler                 0x0800cd4f   Thumb Code     0  startup_stm32f429xx.o(.text)
    TIM1_CC_IRQHandler                       0x0800cd4f   Thumb Code     0  startup_stm32f429xx.o(.text)
    TIM1_TRG_COM_TIM11_IRQHandler            0x0800cd4f   Thumb Code     0  startup_stm32f429xx.o(.text)
    TIM1_UP_TIM10_IRQHandler                 0x0800cd4f   Thumb Code     0  startup_stm32f429xx.o(.text)
    TIM2_IRQHandler                          0x0800cd4f   Thumb Code     0  startup_stm32f429xx.o(.text)
    TIM3_IRQHandler                          0x0800cd4f   Thumb Code     0  startup_stm32f429xx.o(.text)
    TIM4_IRQHandler                          0x0800cd4f   Thumb Code     0  startup_stm32f429xx.o(.text)
    TIM5_IRQHandler                          0x0800cd4f   Thumb Code     0  startup_stm32f429xx.o(.text)
    TIM6_DAC_IRQHandler                      0x0800cd4f   Thumb Code     0  startup_stm32f429xx.o(.text)
    TIM7_IRQHandler                          0x0800cd4f   Thumb Code     0  startup_stm32f429xx.o(.text)
    TIM8_BRK_TIM12_IRQHandler                0x0800cd4f   Thumb Code     0  startup_stm32f429xx.o(.text)
    TIM8_CC_IRQHandler                       0x0800cd4f   Thumb Code     0  startup_stm32f429xx.o(.text)
    TIM8_TRG_COM_TIM14_IRQHandler            0x0800cd4f   Thumb Code     0  startup_stm32f429xx.o(.text)
    TIM8_UP_TIM13_IRQHandler                 0x0800cd4f   Thumb Code     0  startup_stm32f429xx.o(.text)
    UART4_IRQHandler                         0x0800cd4f   Thumb Code     0  startup_stm32f429xx.o(.text)
    UART5_IRQHandler                         0x0800cd4f   Thumb Code     0  startup_stm32f429xx.o(.text)
    UART7_IRQHandler                         0x0800cd4f   Thumb Code     0  startup_stm32f429xx.o(.text)
    UART8_IRQHandler                         0x0800cd4f   Thumb Code     0  startup_stm32f429xx.o(.text)
    USART1_IRQHandler                        0x0800cd4f   Thumb Code     0  startup_stm32f429xx.o(.text)
    USART2_IRQHandler                        0x0800cd4f   Thumb Code     0  startup_stm32f429xx.o(.text)
    USART3_IRQHandler                        0x0800cd4f   Thumb Code     0  startup_stm32f429xx.o(.text)
    USART6_IRQHandler                        0x0800cd4f   Thumb Code     0  startup_stm32f429xx.o(.text)
    WWDG_IRQHandler                          0x0800cd4f   Thumb Code     0  startup_stm32f429xx.o(.text)
    SystemInit                               0x0800cd59   Thumb Code    10  system_stm32f4xx.o(.text)
    SystemCoreClockUpdate                    0x0800cd63   Thumb Code   118  system_stm32f4xx.o(.text)
    __aeabi_uldivmod                         0x0800cded   Thumb Code    98  uldiv.o(.text)
    __aeabi_memcpy                           0x0800ce4f   Thumb Code    36  memcpya.o(.text)
    __aeabi_memcpy4                          0x0800ce4f   Thumb Code     0  memcpya.o(.text)
    __aeabi_memcpy8                          0x0800ce4f   Thumb Code     0  memcpya.o(.text)
    __aeabi_memset                           0x0800ce73   Thumb Code    14  memseta.o(.text)
    __aeabi_memset4                          0x0800ce73   Thumb Code     0  memseta.o(.text)
    __aeabi_memset8                          0x0800ce73   Thumb Code     0  memseta.o(.text)
    __aeabi_memclr                           0x0800ce81   Thumb Code     4  memseta.o(.text)
    __aeabi_memclr4                          0x0800ce81   Thumb Code     0  memseta.o(.text)
    __aeabi_memclr8                          0x0800ce81   Thumb Code     0  memseta.o(.text)
    _memset$wrapper                          0x0800ce85   Thumb Code    18  memseta.o(.text)
    strlen                                   0x0800ce97   Thumb Code    14  strlen.o(.text)
    __aeabi_uidiv                            0x0800cea5   Thumb Code     0  uidiv.o(.text)
    __aeabi_uidivmod                         0x0800cea5   Thumb Code    44  uidiv.o(.text)
    __aeabi_llsl                             0x0800ced1   Thumb Code    30  llshl.o(.text)
    _ll_shift_l                              0x0800ced1   Thumb Code     0  llshl.o(.text)
    __aeabi_llsr                             0x0800ceef   Thumb Code    32  llushr.o(.text)
    _ll_ushift_r                             0x0800ceef   Thumb Code     0  llushr.o(.text)
    __I$use$fp                               0x0800cf0f   Thumb Code     0  iusefp.o(.text)
    __aeabi_dadd                             0x0800cf0f   Thumb Code   322  dadd.o(.text)
    __aeabi_dsub                             0x0800d051   Thumb Code     6  dadd.o(.text)
    __aeabi_drsub                            0x0800d057   Thumb Code     6  dadd.o(.text)
    __aeabi_dmul                             0x0800d05d   Thumb Code   228  dmul.o(.text)
    __aeabi_ddiv                             0x0800d141   Thumb Code   222  ddiv.o(.text)
    __aeabi_d2ulz                            0x0800d21f   Thumb Code    48  dfixul.o(.text)
    __aeabi_cdrcmple                         0x0800d251   Thumb Code    48  cdrcmple.o(.text)
    __scatterload                            0x0800d281   Thumb Code    28  init.o(.text)
    __scatterload_rt2                        0x0800d281   Thumb Code     0  init.o(.text)
    __aeabi_lasr                             0x0800d2a5   Thumb Code    36  llsshr.o(.text)
    _ll_sshift_r                             0x0800d2a5   Thumb Code     0  llsshr.o(.text)
    _double_round                            0x0800d2c9   Thumb Code    30  depilogue.o(.text)
    _double_epilogue                         0x0800d2e7   Thumb Code   156  depilogue.o(.text)
    __decompress                             0x0800d383   Thumb Code     0  __dczerorl2.o(.text)
    __decompress1                            0x0800d383   Thumb Code    86  __dczerorl2.o(.text)
    __0sprintf                               0x0800d3d9   Thumb Code    34  printfa.o(i.__0sprintf)
    __1sprintf                               0x0800d3d9   Thumb Code     0  printfa.o(i.__0sprintf)
    __2sprintf                               0x0800d3d9   Thumb Code     0  printfa.o(i.__0sprintf)
    __c89sprintf                             0x0800d3d9   Thumb Code     0  printfa.o(i.__0sprintf)
    sprintf                                  0x0800d3d9   Thumb Code     0  printfa.o(i.__0sprintf)
    __scatterload_copy                       0x0800d401   Thumb Code    14  handlers.o(i.__scatterload_copy)
    __scatterload_null                       0x0800d40f   Thumb Code     2  handlers.o(i.__scatterload_null)
    __scatterload_zeroinit                   0x0800d411   Thumb Code    14  handlers.o(i.__scatterload_zeroinit)
    Arial12x12                               0x0800dcb4   Data        2400  lcd_1.o(.constdata)
    osRtxUserSVC                             0x0800e674   Data           4  rtx_lib.o(.constdata)
    Driver_SPI1                              0x0800e71c   Data          44  spi_stm32f4xx.o(.constdata)
    EventRecorderInfo                        0x0800e748   Data          24  eventrecorder.o(.constdata)
    AHBPrescTable                            0x0800e768   Data          16  system_stm32f4xx.o(.constdata)
    APBPrescTable                            0x0800e778   Data           8  system_stm32f4xx.o(.constdata)
    osRtxConfig                              0x0800e78c   Data         112  rtx_lib.o(.rodata)
    os_cb_sections                           0x0800e7fc   Data          56  rtx_lib.o(.rodata)
    Region$$Table$$Base                      0x0800e834   Number         0  anon$$obj.o(Region$$Table)
    Region$$Table$$Limit                     0x0800e864   Number         0  anon$$obj.o(Region$$Table)
    .bss.os.msgqueue.cb$$Base                0x20008044   Number         0  rtx_lib.o(.bss.os.msgqueue.cb)
    .bss.os.msgqueue.cb$$Limit               0x20008078   Number         0  rtx_lib.o(.bss.os.msgqueue.cb)
    .bss.os.thread.cb$$Base                  0x200080c8   Number         0  rtx_lib.o(.bss.os.thread.cb)
    .bss.os.thread.cb$$Limit                 0x20008150   Number         0  rtx_lib.o(.bss.os.thread.cb)
    SPIdrv                                   0x20008554   Data           4  lcd_1.o(.data)
    LCD_MsgQueue_send                        0x20008564   Data           4  lcd_1.o(.data)
    tid_ThLCD                                0x20008568   Data           4  lcd_1.o(.data)
    tid_ThLCD_test                           0x20008570   Data           4  lcd_1.o(.data)
    sdatestructure                           0x20008574   Data           4  rtc.o(.data)
    tid_ThAlarm                              0x20008578   Data           4  rtc.o(.data)
    uwTickFreq                               0x2000857c   Data           1  stm32f4xx_hal.o(.data)
    uwTickPrio                               0x20008580   Data           4  stm32f4xx_hal.o(.data)
    uwTick                                   0x20008584   Data           4  stm32f4xx_hal.o(.data)
    SystemCoreClock                          0x20008588   Data           4  system_stm32f4xx.o(.data)
    osRtxInfo                                0x2000858c   Data         164  rtx_kernel.o(.data.os)
    aShowTime                                0x20008630   Data          50  main.o(.bss)
    aShowDate                                0x20008662   Data          50  main.o(.bss)
    LCD_recibida                             0x200086a8   Data          41  lcd_1.o(.bss)
    tim7                                     0x200086d4   Data          64  lcd_1.o(.bss)
    buffer                                   0x20008714   Data         512  lcd_1.o(.bss)
    RtcHandle                                0x20008914   Data          32  rtc.o(.bss)
    stimestructure                           0x20008934   Data          20  rtc.o(.bss)
    alarmRtc                                 0x20008948   Data          40  rtc.o(.bss)
    __initial_sp                             0x2000b268   Data           0  startup_stm32f429xx.o(STACK)



==============================================================================

Memory Map of the image

  Image Entry point : 0x080001ad

  Load Region LR_IROM1 (Base: 0x08000000, Size: 0x00016e94, Max: 0x00200000, ABSOLUTE, COMPRESSED[0x0000e988])

    Execution Region ER_IROM1 (Exec base: 0x08000000, Load base: 0x08000000, Size: 0x0000e864, Max: 0x00200000, ABSOLUTE)

    Exec Addr    Load Addr    Size         Type   Attr      Idx    E Section Name        Object

    0x08000000   0x08000000   0x000001ac   Data   RO         1581    RESET               startup_stm32f429xx.o
    0x080001ac   0x080001ac   0x00000000   Code   RO         2623  * .ARM.Collect$$$$00000000  mc_w.l(entry.o)
    0x080001ac   0x080001ac   0x00000004   Code   RO         2919    .ARM.Collect$$$$00000001  mc_w.l(entry2.o)
    0x080001b0   0x080001b0   0x00000004   Code   RO         2922    .ARM.Collect$$$$00000004  mc_w.l(entry5.o)
    0x080001b4   0x080001b4   0x00000000   Code   RO         2924    .ARM.Collect$$$$00000008  mc_w.l(entry7b.o)
    0x080001b4   0x080001b4   0x00000000   Code   RO         2926    .ARM.Collect$$$$0000000A  mc_w.l(entry8b.o)
    0x080001b4   0x080001b4   0x00000008   Code   RO         2927    .ARM.Collect$$$$0000000B  mc_w.l(entry9a.o)
    0x080001bc   0x080001bc   0x00000004   Code   RO         2934    .ARM.Collect$$$$0000000E  mc_w.l(entry12b.o)
    0x080001c0   0x080001c0   0x00000000   Code   RO         2929    .ARM.Collect$$$$0000000F  mc_w.l(entry10a.o)
    0x080001c0   0x080001c0   0x00000000   Code   RO         2931    .ARM.Collect$$$$00000011  mc_w.l(entry11a.o)
    0x080001c0   0x080001c0   0x00000004   Code   RO         2920    .ARM.Collect$$$$00002712  mc_w.l(entry2.o)
    0x080001c4   0x080001c4   0x00000148   Code   RO          696    .emb_text           rtx_mempool.o
    0x0800030c   0x0800030c   0x00000148   Code   RO          727    .emb_text           rtx_msgqueue.o
    0x08000454   0x08000454   0x00000148   Code   RO          823    .emb_text           rtx_system.o
    0x0800059c   0x0800059c   0x00000148   Code   RO          857    .emb_text           rtx_thread.o
    0x080006e4   0x080006e4   0x00000074   Code   RO         1078    .emb_text           eventrecorder.o
    0x08000758   0x08000758   0x0000012c   Code   RO            4    .text               main.o
    0x08000884   0x08000884   0x000004a0   Code   RO          343    .text               lcd_1.o
    0x08000d24   0x08000d24   0x00000208   Code   RO          382    .text               rtc.o
    0x08000f2c   0x08000f2c   0x00000094   Code   RO          438    .text               irq_armv7m.o
    0x08000fc0   0x08000fc0   0x00000104   Code   RO          446    .text               rtx_delay.o
    0x080010c4   0x080010c4   0x00000958   Code   RO          544    .text               rtx_evr.o
    0x08001a1c   0x08001a1c   0x000006cc   Code   RO          569    .text               rtx_kernel.o
    0x080020e8   0x080020e8   0x00000018   Code   RO          617    .text               rtx_lib.o
    0x08002100   0x08002100   0x00000124   Code   RO          666    .text               rtx_memory.o
    0x08002224   0x08002224   0x00000678   Code   RO          697    .text               rtx_mempool.o
    0x0800289c   0x0800289c   0x000009bc   Code   RO          728    .text               rtx_msgqueue.o
    0x08003258   0x08003258   0x00000558   Code   RO          762    .text               rtx_mutex.o
    0x080037b0   0x080037b0   0x00000154   Code   RO          824    .text               rtx_system.o
    0x08003904   0x08003904   0x000011d4   Code   RO          858    .text               rtx_thread.o
    0x08004ad8   0x08004ad8   0x00000480   Code   RO          892    .text               rtx_timer.o
    0x08004f58   0x08004f58   0x000000c4   Code   RO          922    .text               os_systick.o
    0x0800501c   0x0800501c   0x00000004   Code   RO          948    .text               rtx_config.o
    0x08005020   0x08005020   0x000009e8   Code   RO          997    .text               emac_stm32f4xx.o
    0x08005a08   0x08005a08   0x00000c5c   Code   RO         1039    .text               spi_stm32f4xx.o
    0x08006664   0x08006664   0x00000538   Code   RO         1079    .text               eventrecorder.o
    0x08006b9c   0x08006b9c   0x000001c8   Code   RO         1139    .text               stm32f4xx_hal.o
    0x08006d64   0x08006d64   0x00000298   Code   RO         1217    .text               stm32f4xx_hal_cortex.o
    0x08006ffc   0x08006ffc   0x00000718   Code   RO         1245    .text               stm32f4xx_hal_dma.o
    0x08007714   0x08007714   0x00000364   Code   RO         1294    .text               stm32f4xx_hal_gpio.o
    0x08007a78   0x08007a78   0x00000178   Code   RO         1318    .text               stm32f4xx_hal_pwr.o
    0x08007bf0   0x08007bf0   0x00000760   Code   RO         1366    .text               stm32f4xx_hal_rcc.o
    0x08008350   0x08008350   0x000005e4   Code   RO         1390    .text               stm32f4xx_hal_rcc_ex.o
    0x08008934   0x08008934   0x00000970   Code   RO         1414    .text               stm32f4xx_hal_rtc.o
    0x080092a4   0x080092a4   0x00000b0c   Code   RO         1438    .text               stm32f4xx_hal_rtc_ex.o
    0x08009db0   0x08009db0   0x000023d2   Code   RO         1510    .text               stm32f4xx_hal_tim.o
    0x0800c182   0x0800c182   0x00000002   PAD
    0x0800c184   0x0800c184   0x00000bb0   Code   RO         1534    .text               stm32f4xx_hal_tim_ex.o
    0x0800cd34   0x0800cd34   0x00000024   Code   RO         1582    .text               startup_stm32f429xx.o
    0x0800cd58   0x0800cd58   0x00000094   Code   RO         1589    .text               system_stm32f4xx.o
    0x0800cdec   0x0800cdec   0x00000062   Code   RO         2632    .text               mc_w.l(uldiv.o)
    0x0800ce4e   0x0800ce4e   0x00000024   Code   RO         2634    .text               mc_w.l(memcpya.o)
    0x0800ce72   0x0800ce72   0x00000024   Code   RO         2636    .text               mc_w.l(memseta.o)
    0x0800ce96   0x0800ce96   0x0000000e   Code   RO         2638    .text               mc_w.l(strlen.o)
    0x0800cea4   0x0800cea4   0x0000002c   Code   RO         2935    .text               mc_w.l(uidiv.o)
    0x0800ced0   0x0800ced0   0x0000001e   Code   RO         2937    .text               mc_w.l(llshl.o)
    0x0800ceee   0x0800ceee   0x00000020   Code   RO         2939    .text               mc_w.l(llushr.o)
    0x0800cf0e   0x0800cf0e   0x00000000   Code   RO         2941    .text               mc_w.l(iusefp.o)
    0x0800cf0e   0x0800cf0e   0x0000014e   Code   RO         2944    .text               mf_w.l(dadd.o)
    0x0800d05c   0x0800d05c   0x000000e4   Code   RO         2946    .text               mf_w.l(dmul.o)
    0x0800d140   0x0800d140   0x000000de   Code   RO         2948    .text               mf_w.l(ddiv.o)
    0x0800d21e   0x0800d21e   0x00000030   Code   RO         2950    .text               mf_w.l(dfixul.o)
    0x0800d24e   0x0800d24e   0x00000002   PAD
    0x0800d250   0x0800d250   0x00000030   Code   RO         2952    .text               mf_w.l(cdrcmple.o)
    0x0800d280   0x0800d280   0x00000024   Code   RO         2954    .text               mc_w.l(init.o)
    0x0800d2a4   0x0800d2a4   0x00000024   Code   RO         2956    .text               mc_w.l(llsshr.o)
    0x0800d2c8   0x0800d2c8   0x000000ba   Code   RO         2958    .text               mf_w.l(depilogue.o)
    0x0800d382   0x0800d382   0x00000056   Code   RO         2967    .text               mc_w.l(__dczerorl2.o)
    0x0800d3d8   0x0800d3d8   0x00000028   Code   RO         2885    i.__0sprintf        mc_w.l(printfa.o)
    0x0800d400   0x0800d400   0x0000000e   Code   RO         2961    i.__scatterload_copy  mc_w.l(handlers.o)
    0x0800d40e   0x0800d40e   0x00000002   Code   RO         2962    i.__scatterload_null  mc_w.l(handlers.o)
    0x0800d410   0x0800d410   0x0000000e   Code   RO         2963    i.__scatterload_zeroinit  mc_w.l(handlers.o)
    0x0800d41e   0x0800d41e   0x00000002   PAD
    0x0800d420   0x0800d420   0x00000184   Code   RO         2890    i._fp_digits        mc_w.l(printfa.o)
    0x0800d5a4   0x0800d5a4   0x000006b4   Code   RO         2891    i._printf_core      mc_w.l(printfa.o)
    0x0800dc58   0x0800dc58   0x00000024   Code   RO         2892    i._printf_post_padding  mc_w.l(printfa.o)
    0x0800dc7c   0x0800dc7c   0x0000002e   Code   RO         2893    i._printf_pre_padding  mc_w.l(printfa.o)
    0x0800dcaa   0x0800dcaa   0x0000000a   Code   RO         2895    i._sputc            mc_w.l(printfa.o)
    0x0800dcb4   0x0800dcb4   0x00000960   Data   RO          345    .constdata          lcd_1.o
    0x0800e614   0x0800e614   0x00000024   Data   RO          626    .constdata          rtx_lib.o
    0x0800e638   0x0800e638   0x00000024   Data   RO          627    .constdata          rtx_lib.o
    0x0800e65c   0x0800e65c   0x00000018   Data   RO          628    .constdata          rtx_lib.o
    0x0800e674   0x0800e674   0x00000004   Data   RO          630    .constdata          rtx_lib.o
    0x0800e678   0x0800e678   0x00000050   Data   RO          999    .constdata          emac_stm32f4xx.o
    0x0800e6c8   0x0800e6c8   0x00000034   Data   RO         1042    .constdata          spi_stm32f4xx.o
    0x0800e6fc   0x0800e6fc   0x00000010   Data   RO         1043    .constdata          spi_stm32f4xx.o
    0x0800e70c   0x0800e70c   0x00000010   Data   RO         1044    .constdata          spi_stm32f4xx.o
    0x0800e71c   0x0800e71c   0x0000002c   Data   RO         1045    .constdata          spi_stm32f4xx.o
    0x0800e748   0x0800e748   0x00000018   Data   RO         1081    .constdata          eventrecorder.o
    0x0800e760   0x0800e760   0x00000008   Data   RO         1246    .constdata          stm32f4xx_hal_dma.o
    0x0800e768   0x0800e768   0x00000010   Data   RO         1590    .constdata          system_stm32f4xx.o
    0x0800e778   0x0800e778   0x00000008   Data   RO         1591    .constdata          system_stm32f4xx.o
    0x0800e780   0x0800e780   0x0000000b   Data   RO          570    .conststrlit        rtx_kernel.o
    0x0800e78b   0x0800e78b   0x00000001   PAD
    0x0800e78c   0x0800e78c   0x000000a8   Data   RO          631    .rodata             rtx_lib.o
    0x0800e834   0x0800e834   0x00000030   Data   RO         2960    Region$$Table       anon$$obj.o


    Execution Region RW_IRAM2 (Exec base: 0x10000000, Load base: 0x0800e988, Size: 0x000004a4, Max: 0x00010000, ABSOLUTE)

    Exec Addr    Load Addr    Size         Type   Attr      Idx    E Section Name        Object

    0x10000000        -       0x000004a4   Zero   RW         1080    .bss.noinit         eventrecorder.o


    Execution Region RW_IRAM1 (Exec base: 0x20000000, Load base: 0x0800e864, Size: 0x0000b268, Max: 0x00030000, ABSOLUTE, COMPRESSED[0x00000124])

    Exec Addr    Load Addr    Size         Type   Attr      Idx    E Section Name        Object

    0x20000000   COMPRESSED   0x00008000   Data   RW          618    .bss.os             rtx_lib.o
    0x20008000   COMPRESSED   0x00000040   Data   RW          619    .bss.os             rtx_lib.o
    0x20008040   COMPRESSED   0x00000001   Data   RW          923    .bss.os             os_systick.o
    0x20008041   COMPRESSED   0x00000003   PAD
    0x20008044   COMPRESSED   0x00000034   Data   RW          620    .bss.os.msgqueue.cb  rtx_lib.o
    0x20008078   COMPRESSED   0x00000050   Data   RW          621    .bss.os.msgqueue.mem  rtx_lib.o
    0x200080c8   COMPRESSED   0x00000044   Data   RW          622    .bss.os.thread.cb   rtx_lib.o
    0x2000810c   COMPRESSED   0x00000044   Data   RW          623    .bss.os.thread.cb   rtx_lib.o
    0x20008150   COMPRESSED   0x00000200   Data   RW          624    .bss.os.thread.idle.stack  rtx_lib.o
    0x20008350   COMPRESSED   0x00000200   Data   RW          625    .bss.os.thread.timer.stack  rtx_lib.o
    0x20008550   COMPRESSED   0x00000004   Data   RW            6    .data               main.o
    0x20008554   COMPRESSED   0x00000020   Data   RW          346    .data               lcd_1.o
    0x20008574   COMPRESSED   0x00000008   Data   RW          384    .data               rtc.o
    0x2000857c   COMPRESSED   0x0000000c   Data   RW         1140    .data               stm32f4xx_hal.o
    0x20008588   COMPRESSED   0x00000004   Data   RW         1592    .data               system_stm32f4xx.o
    0x2000858c   COMPRESSED   0x000000a4   Data   RW          571    .data.os            rtx_kernel.o
    0x20008630        -       0x00000064   Zero   RW            5    .bss                main.o
    0x20008694        -       0x00000280   Zero   RW          344    .bss                lcd_1.o
    0x20008914        -       0x0000005c   Zero   RW          383    .bss                rtc.o
    0x20008970        -       0x000024cc   Zero   RW          998    .bss                emac_stm32f4xx.o
    0x2000ae3c        -       0x00000010   Zero   RW         1040    .bss                spi_stm32f4xx.o
    0x2000ae4c        -       0x0000001c   Zero   RW         1041    .bss                spi_stm32f4xx.o
    0x2000ae68        -       0x00000400   Zero   RW         1579    STACK               startup_stm32f429xx.o


==============================================================================

Image component sizes


      Code (inc. data)   RO Data    RW Data    ZI Data      Debug   Object Name

      2536        156         80          0       9420      47698   emac_stm32f4xx.o
      1452         40         24          0       1188      17508   eventrecorder.o
         0          0          0          0          0       3720   http_server_cgi.o
       148          8          0          0          0        656   irq_armv7m.o
      1184         64       2400         32        640      10475   lcd_1.o
       300         26          0          4        100     779145   main.o
       196         12          0          1          0       1992   os_systick.o
         0          0          0          0          0        844   phy_lan8742a.o
       520         68          0          8         92       3284   rtc.o
         4          0          0          0          0        623   rtx_config.o
       260         14          0          0          0      17946   rtx_delay.o
      2392         88          0          0          0      45221   rtx_evr.o
      1740         96         11        164          0      28096   rtx_kernel.o
        24          0        268      34124          0       9887   rtx_lib.o
       292          0          0          0          0       3859   rtx_memory.o
      1984         48          0          0          0      15284   rtx_mempool.o
      2820         58          0          0          0      23808   rtx_msgqueue.o
      1368         30          0          0          0      10194   rtx_mutex.o
       668         18          0          0          0       8593   rtx_system.o
      4892        124          0          0          0      33745   rtx_thread.o
      1152         34          0          0          0      10297   rtx_timer.o
      3164         98        128          0         44      44975   spi_stm32f4xx.o
        36          8        428          0       1024        848   startup_stm32f429xx.o
       456         38          0         12          0      11479   stm32f4xx_hal.o
       664         10          0          0          0      36174   stm32f4xx_hal_cortex.o
      1816         28          8          0          0       7677   stm32f4xx_hal_dma.o
       868         54          0          0          0       4031   stm32f4xx_hal_gpio.o
       376         20          0          0          0       3659   stm32f4xx_hal_pwr.o
      1888         66          0          0          0       6183   stm32f4xx_hal_rcc.o
      1508         80          0          0          0       4741   stm32f4xx_hal_rcc_ex.o
      2416         24          0          0          0       8745   stm32f4xx_hal_rtc.o
      2828         22          0          0          0      13729   stm32f4xx_hal_rtc_ex.o
      9170        166          0          0          0      37680   stm32f4xx_hal_tim.o
      2992         62          0          0          0      13696   stm32f4xx_hal_tim_ex.o
       148         20         24          4          0       1837   system_stm32f4xx.o

    ----------------------------------------------------------------------
     52264       1580       3420      34352      12508    1268329   Object Totals
         0          0         48          0          0          0   (incl. Generated)
         2          0          1          3          0          0   (incl. Padding)

    ----------------------------------------------------------------------

      Code (inc. data)   RO Data    RW Data    ZI Data      Debug   Library Member Name

        86          0          0          0          0          0   __dczerorl2.o
         0          0          0          0          0          0   entry.o
         0          0          0          0          0          0   entry10a.o
         0          0          0          0          0          0   entry11a.o
         4          0          0          0          0          0   entry12b.o
         8          4          0          0          0          0   entry2.o
         4          0          0          0          0          0   entry5.o
         0          0          0          0          0          0   entry7b.o
         0          0          0          0          0          0   entry8b.o
         8          4          0          0          0          0   entry9a.o
        30          0          0          0          0          0   handlers.o
        36          8          0          0          0         68   init.o
         0          0          0          0          0          0   iusefp.o
        30          0          0          0          0         68   llshl.o
        36          0          0          0          0         68   llsshr.o
        32          0          0          0          0         68   llushr.o
        36          0          0          0          0         68   memcpya.o
        36          0          0          0          0        108   memseta.o
      2236         86          0          0          0        532   printfa.o
        14          0          0          0          0         68   strlen.o
        44          0          0          0          0         80   uidiv.o
        98          0          0          0          0         92   uldiv.o
        48          0          0          0          0         68   cdrcmple.o
       334          0          0          0          0        148   dadd.o
       222          0          0          0          0        100   ddiv.o
       186          0          0          0          0        176   depilogue.o
        48          0          0          0          0         68   dfixul.o
       228          0          0          0          0         96   dmul.o

    ----------------------------------------------------------------------
      3808        102          0          0          0       1876   Library Totals
         4          0          0          0          0          0   (incl. Padding)

    ----------------------------------------------------------------------

      Code (inc. data)   RO Data    RW Data    ZI Data      Debug   Library Name

      2738        102          0          0          0       1220   mc_w.l
      1066          0          0          0          0        656   mf_w.l

    ----------------------------------------------------------------------
      3808        102          0          0          0       1876   Library Totals

    ----------------------------------------------------------------------

==============================================================================


      Code (inc. data)   RO Data    RW Data    ZI Data      Debug   

     56072       1682       3420      34352      12508    1266225   Grand Totals
     56072       1682       3420        292      12508    1266225   ELF Image Totals (compressed)
     56072       1682       3420        292          0          0   ROM Totals

==============================================================================

    Total RO  Size (Code + RO Data)                59492 (  58.10kB)
    Total RW  Size (RW Data + ZI Data)             46860 (  45.76kB)
    Total ROM Size (Code + RO Data + RW Data)      59784 (  58.38kB)

==============================================================================

